 Reading grid           2           2           1
 Number of neighbours to check for BZ           2
 Reading D3 matrices...
 Reading 'FILD3DYN/anh_Q1.0_0_0_Q2.0_0_0_Q3.0_0_0'...
     1   xq     0.0000    0.0000    0.0000       0.0000    0.0000    0.0000       0.0000    0.0000    0.0000     1  1  1     1  1  1    1 2 3   FILD3DYN/anh_Q1.0_0_0_Q2.0_0_0_Q3.0_0_0     1
     1   xq'    0.0000    0.0000    0.0000       0.0000    0.0000    0.0000       0.0000    0.0000    0.0000     1  1  1     1  1  1    2 3 1   FILD3DYN/anh_Q1.0_0_0_Q2.0_0_0_Q3.0_0_0     2     2
     1   xq'    0.0000    0.0000    0.0000       0.0000    0.0000    0.0000       0.0000    0.0000    0.0000     1  1  1     1  1  1    3 1 2   FILD3DYN/anh_Q1.0_0_0_Q2.0_0_0_Q3.0_0_0     3     3
     1   xq'    0.0000    0.0000    0.0000       0.0000    0.0000    0.0000       0.0000    0.0000    0.0000     1  1  1     1  1  1    3 2 1   FILD3DYN/anh_Q1.0_0_0_Q2.0_0_0_Q3.0_0_0     4     4
     1   xq'    0.0000    0.0000    0.0000       0.0000    0.0000    0.0000       0.0000    0.0000    0.0000     1  1  1     1  1  1    2 1 3   FILD3DYN/anh_Q1.0_0_0_Q2.0_0_0_Q3.0_0_0     5     5
     1   xq'    0.0000    0.0000    0.0000       0.0000    0.0000    0.0000       0.0000    0.0000    0.0000     1  1  1     1  1  1    1 3 2   FILD3DYN/anh_Q1.0_0_0_Q2.0_0_0_Q3.0_0_0     6     6
 Reading 'FILD3DYN/anh_Q1.0_0_0_Q2.0_-1o2_0_Q3.0_1o2_0'...
     2   xq     0.0000    0.0000    0.0000       0.0000   -0.5774    0.0000       0.0000    0.5774    0.0000     1  2  1     1  2  1    1 2 3   FILD3DYN/anh_Q1.0_0_0_Q2.0_-1o2_0_Q3.0_1o2_0     1
     3   xq     0.0000   -0.5774    0.0000       0.0000    0.5774    0.0000       0.0000    0.0000    0.0000     1  2  1     1  1  1    2 3 1   FILD3DYN/anh_Q1.0_0_0_Q2.0_-1o2_0_Q3.0_1o2_0     2
     4   xq     0.0000    0.5774    0.0000       0.0000    0.0000    0.0000       0.0000   -0.5774    0.0000     1  1  1     1  2  1    3 1 2   FILD3DYN/anh_Q1.0_0_0_Q2.0_-1o2_0_Q3.0_1o2_0     3
     4   xq'    0.0000    0.5774    0.0000       0.0000   -0.5774    0.0000       0.0000    0.0000    0.0000     1  2  1     1  1  1    3 2 1   FILD3DYN/anh_Q1.0_0_0_Q2.0_-1o2_0_Q3.0_1o2_0     4     2
     4   xq'    0.0000   -0.5774    0.0000       0.0000    0.0000    0.0000       0.0000    0.5774    0.0000     1  1  1     1  2  1    2 1 3   FILD3DYN/anh_Q1.0_0_0_Q2.0_-1o2_0_Q3.0_1o2_0     5     2
     4   xq'    0.0000    0.0000    0.0000       0.0000    0.5774    0.0000       0.0000   -0.5774    0.0000     1  2  1     1  2  1    1 3 2   FILD3DYN/anh_Q1.0_0_0_Q2.0_-1o2_0_Q3.0_1o2_0     6     2
 Reading 'FILD3DYN/anh_Q1.0_0_0_Q2.1o2_0_0_Q3.-1o2_0_0'...
     5   xq     0.0000    0.0000    0.0000       0.5000    0.2887    0.0000      -0.5000   -0.2887    0.0000     2  1  1     2  1  1    1 2 3   FILD3DYN/anh_Q1.0_0_0_Q2.1o2_0_0_Q3.-1o2_0_0     1
     6   xq     0.5000    0.2887    0.0000      -0.5000   -0.2887    0.0000       0.0000    0.0000    0.0000     2  1  1     1  1  1    2 3 1   FILD3DYN/anh_Q1.0_0_0_Q2.1o2_0_0_Q3.-1o2_0_0     2
     7   xq    -0.5000   -0.2887    0.0000       0.0000    0.0000    0.0000       0.5000    0.2887    0.0000     1  1  1     2  1  1    3 1 2   FILD3DYN/anh_Q1.0_0_0_Q2.1o2_0_0_Q3.-1o2_0_0     3
     7   xq'   -0.5000   -0.2887    0.0000       0.5000    0.2887    0.0000       0.0000    0.0000    0.0000     2  1  1     1  1  1    3 2 1   FILD3DYN/anh_Q1.0_0_0_Q2.1o2_0_0_Q3.-1o2_0_0     4     2
     7   xq'    0.5000    0.2887    0.0000       0.0000    0.0000    0.0000      -0.5000   -0.2887    0.0000     1  1  1     2  1  1    2 1 3   FILD3DYN/anh_Q1.0_0_0_Q2.1o2_0_0_Q3.-1o2_0_0     5     2
     7   xq'    0.0000    0.0000    0.0000      -0.5000   -0.2887    0.0000       0.5000    0.2887    0.0000     2  1  1     2  1  1    1 3 2   FILD3DYN/anh_Q1.0_0_0_Q2.1o2_0_0_Q3.-1o2_0_0     6     2
 Reading 'FILD3DYN/anh_Q1.0_0_0_Q2.-1o2_1o2_0_Q3.1o2_-1o2_0'...
     8   xq     0.0000    0.0000    0.0000      -0.5000    0.2887    0.0000       0.5000   -0.2887    0.0000     2  2  1     2  2  1    1 2 3   FILD3DYN/anh_Q1.0_0_0_Q2.-1o2_1o2_0_Q3.1o2_-1o2_0     1
     9   xq    -0.5000    0.2887    0.0000       0.5000   -0.2887    0.0000       0.0000    0.0000    0.0000     2  2  1     1  1  1    2 3 1   FILD3DYN/anh_Q1.0_0_0_Q2.-1o2_1o2_0_Q3.1o2_-1o2_0     2
    10   xq     0.5000   -0.2887    0.0000       0.0000    0.0000    0.0000      -0.5000    0.2887    0.0000     1  1  1     2  2  1    3 1 2   FILD3DYN/anh_Q1.0_0_0_Q2.-1o2_1o2_0_Q3.1o2_-1o2_0     3
    10   xq'    0.5000   -0.2887    0.0000      -0.5000    0.2887    0.0000       0.0000    0.0000    0.0000     2  2  1     1  1  1    3 2 1   FILD3DYN/anh_Q1.0_0_0_Q2.-1o2_1o2_0_Q3.1o2_-1o2_0     4     2
    10   xq'   -0.5000    0.2887    0.0000       0.0000    0.0000    0.0000       0.5000   -0.2887    0.0000     1  1  1     2  2  1    2 1 3   FILD3DYN/anh_Q1.0_0_0_Q2.-1o2_1o2_0_Q3.1o2_-1o2_0     5     2
    10   xq'    0.0000    0.0000    0.0000       0.5000   -0.2887    0.0000      -0.5000    0.2887    0.0000     2  2  1     2  2  1    1 3 2   FILD3DYN/anh_Q1.0_0_0_Q2.-1o2_1o2_0_Q3.1o2_-1o2_0     6     2
 Reading 'FILD3DYN/anh_Q1.0_-1o2_0_Q2.0_0_0_Q3.0_1o2_0'...
    10   xq'    0.0000   -0.5774    0.0000       0.0000    0.0000    0.0000       0.0000    0.5774    0.0000     1  1  1     1  2  1    1 2 3   FILD3DYN/anh_Q1.0_-1o2_0_Q2.0_0_0_Q3.0_1o2_0     1     3
    10   xq'    0.0000    0.0000    0.0000       0.0000    0.5774    0.0000       0.0000   -0.5774    0.0000     1  2  1     1  2  1    2 3 1   FILD3DYN/anh_Q1.0_-1o2_0_Q2.0_0_0_Q3.0_1o2_0     2     3
    10   xq'    0.0000    0.5774    0.0000       0.0000   -0.5774    0.0000       0.0000    0.0000    0.0000     1  2  1     1  1  1    3 1 2   FILD3DYN/anh_Q1.0_-1o2_0_Q2.0_0_0_Q3.0_1o2_0     3     3
    10   xq'    0.0000    0.5774    0.0000       0.0000    0.0000    0.0000       0.0000   -0.5774    0.0000     1  1  1     1  2  1    3 2 1   FILD3DYN/anh_Q1.0_-1o2_0_Q2.0_0_0_Q3.0_1o2_0     4     4
    10   xq'    0.0000    0.0000    0.0000       0.0000   -0.5774    0.0000       0.0000    0.5774    0.0000     1  2  1     1  2  1    2 1 3   FILD3DYN/anh_Q1.0_-1o2_0_Q2.0_0_0_Q3.0_1o2_0     5     4
    10   xq'    0.0000   -0.5774    0.0000       0.0000    0.5774    0.0000       0.0000    0.0000    0.0000     1  2  1     1  1  1    1 3 2   FILD3DYN/anh_Q1.0_-1o2_0_Q2.0_0_0_Q3.0_1o2_0     6     4
 Reading 'FILD3DYN/anh_Q1.0_-1o2_0_Q2.0_1o2_0_Q3.0_0_0'...
    10   xq'    0.0000   -0.5774    0.0000       0.0000    0.5774    0.0000       0.0000    0.0000    0.0000     1  2  1     1  1  1    1 2 3   FILD3DYN/anh_Q1.0_-1o2_0_Q2.0_1o2_0_Q3.0_0_0     1     5
    10   xq'    0.0000    0.5774    0.0000       0.0000    0.0000    0.0000       0.0000   -0.5774    0.0000     1  1  1     1  2  1    2 3 1   FILD3DYN/anh_Q1.0_-1o2_0_Q2.0_1o2_0_Q3.0_0_0     2     5
    10   xq'    0.0000    0.0000    0.0000       0.0000   -0.5774    0.0000       0.0000    0.5774    0.0000     1  2  1     1  2  1    3 1 2   FILD3DYN/anh_Q1.0_-1o2_0_Q2.0_1o2_0_Q3.0_0_0     3     5
    10   xq'    0.0000    0.0000    0.0000       0.0000    0.5774    0.0000       0.0000   -0.5774    0.0000     1  2  1     1  2  1    3 2 1   FILD3DYN/anh_Q1.0_-1o2_0_Q2.0_1o2_0_Q3.0_0_0     4     6
    10   xq'    0.0000    0.5774    0.0000       0.0000   -0.5774    0.0000       0.0000    0.0000    0.0000     1  2  1     1  1  1    2 1 3   FILD3DYN/anh_Q1.0_-1o2_0_Q2.0_1o2_0_Q3.0_0_0     5     6
    10   xq'    0.0000   -0.5774    0.0000       0.0000    0.0000    0.0000       0.0000    0.5774    0.0000     1  1  1     1  2  1    1 3 2   FILD3DYN/anh_Q1.0_-1o2_0_Q2.0_1o2_0_Q3.0_0_0     6     6
 Reading 'FILD3DYN/anh_Q1.0_-1o2_0_Q2.-1o2_0_0_Q3.1o2_1o2_0'...
    11   xq     0.0000   -0.5774    0.0000      -0.5000   -0.2887    0.0000      -0.5000    0.2887    0.0000     2  1  1     2  2  1    1 2 3   FILD3DYN/anh_Q1.0_-1o2_0_Q2.-1o2_0_0_Q3.1o2_1o2_0     1
    12   xq    -0.5000   -0.2887    0.0000      -0.5000    0.2887    0.0000       0.0000   -0.5774    0.0000     2  2  1     1  2  1    2 3 1   FILD3DYN/anh_Q1.0_-1o2_0_Q2.-1o2_0_0_Q3.1o2_1o2_0     2
    13   xq    -0.5000    0.2887    0.0000       0.0000   -0.5774    0.0000      -0.5000   -0.2887    0.0000     1  2  1     2  1  1    3 1 2   FILD3DYN/anh_Q1.0_-1o2_0_Q2.-1o2_0_0_Q3.1o2_1o2_0     3
    14   xq    -0.5000    0.2887    0.0000      -0.5000   -0.2887    0.0000       0.0000   -0.5774    0.0000     2  1  1     1  2  1    3 2 1   FILD3DYN/anh_Q1.0_-1o2_0_Q2.-1o2_0_0_Q3.1o2_1o2_0     4
    15   xq    -0.5000   -0.2887    0.0000       0.0000   -0.5774    0.0000      -0.5000    0.2887    0.0000     1  2  1     2  2  1    2 1 3   FILD3DYN/anh_Q1.0_-1o2_0_Q2.-1o2_0_0_Q3.1o2_1o2_0     5
    16   xq     0.0000   -0.5774    0.0000      -0.5000    0.2887    0.0000      -0.5000   -0.2887    0.0000     2  2  1     2  1  1    1 3 2   FILD3DYN/anh_Q1.0_-1o2_0_Q2.-1o2_0_0_Q3.1o2_1o2_0     6
 Reading 'FILD3DYN/anh_Q1.0_1o2_0_Q2.1o2_0_0_Q3.-1o2_-1o2_0'...
    16   xq'    0.0000    0.5774    0.0000       0.5000    0.2887    0.0000       0.5000   -0.2887    0.0000     2  1  1     2  2  1    1 2 3   FILD3DYN/anh_Q1.0_1o2_0_Q2.1o2_0_0_Q3.-1o2_-1o2_0     1     2
    16   xq'    0.5000    0.2887    0.0000       0.5000   -0.2887    0.0000       0.0000    0.5774    0.0000     2  2  1     1  2  1    2 3 1   FILD3DYN/anh_Q1.0_1o2_0_Q2.1o2_0_0_Q3.-1o2_-1o2_0     2     2
    16   xq'    0.5000   -0.2887    0.0000       0.0000    0.5774    0.0000       0.5000    0.2887    0.0000     1  2  1     2  1  1    3 1 2   FILD3DYN/anh_Q1.0_1o2_0_Q2.1o2_0_0_Q3.-1o2_-1o2_0     3     2
    16   xq'    0.5000   -0.2887    0.0000       0.5000    0.2887    0.0000       0.0000    0.5774    0.0000     2  1  1     1  2  1    3 2 1   FILD3DYN/anh_Q1.0_1o2_0_Q2.1o2_0_0_Q3.-1o2_-1o2_0     4     2
    16   xq'    0.5000    0.2887    0.0000       0.0000    0.5774    0.0000       0.5000   -0.2887    0.0000     1  2  1     2  2  1    2 1 3   FILD3DYN/anh_Q1.0_1o2_0_Q2.1o2_0_0_Q3.-1o2_-1o2_0     5     2
    16   xq'    0.0000    0.5774    0.0000       0.5000   -0.2887    0.0000       0.5000    0.2887    0.0000     2  2  1     2  1  1    1 3 2   FILD3DYN/anh_Q1.0_1o2_0_Q2.1o2_0_0_Q3.-1o2_-1o2_0     6     2
 Reading 'FILD3DYN/anh_Q1.0_-1o2_0_Q2.-1o2_1_0_Q3.1o2_-1o2_0'...
    16   xq'    0.0000   -0.5774    0.0000       0.5000    0.2887    0.0000       0.5000   -0.2887    0.0000     2  1  1     2  2  1    1 2 3   FILD3DYN/anh_Q1.0_-1o2_0_Q2.-1o2_1_0_Q3.1o2_-1o2_0     1     3
    16   xq'    0.5000    0.2887    0.0000       0.5000   -0.2887    0.0000       0.0000   -0.5774    0.0000     2  2  1     1  2  1    2 3 1   FILD3DYN/anh_Q1.0_-1o2_0_Q2.-1o2_1_0_Q3.1o2_-1o2_0     2     3
    16   xq'    0.5000   -0.2887    0.0000       0.0000   -0.5774    0.0000       0.5000    0.2887    0.0000     1  2  1     2  1  1    3 1 2   FILD3DYN/anh_Q1.0_-1o2_0_Q2.-1o2_1_0_Q3.1o2_-1o2_0     3     3
    16   xq'    0.5000   -0.2887    0.0000       0.5000    0.2887    0.0000       0.0000   -0.5774    0.0000     2  1  1     1  2  1    3 2 1   FILD3DYN/anh_Q1.0_-1o2_0_Q2.-1o2_1_0_Q3.1o2_-1o2_0     4     3
    16   xq'    0.5000    0.2887    0.0000       0.0000   -0.5774    0.0000       0.5000   -0.2887    0.0000     1  2  1     2  2  1    2 1 3   FILD3DYN/anh_Q1.0_-1o2_0_Q2.-1o2_1_0_Q3.1o2_-1o2_0     5     3
    16   xq'    0.0000   -0.5774    0.0000       0.5000   -0.2887    0.0000       0.5000    0.2887    0.0000     2  2  1     2  1  1    1 3 2   FILD3DYN/anh_Q1.0_-1o2_0_Q2.-1o2_1_0_Q3.1o2_-1o2_0     6     3
 Reading 'FILD3DYN/anh_Q1.0_-1o2_0_Q2.1o2_1o2_0_Q3.-1o2_0_0'...
    16   xq'    0.0000   -0.5774    0.0000      -0.5000    0.2887    0.0000      -0.5000   -0.2887    0.0000     2  2  1     2  1  1    1 2 3   FILD3DYN/anh_Q1.0_-1o2_0_Q2.1o2_1o2_0_Q3.-1o2_0_0     1     4
    16   xq'   -0.5000    0.2887    0.0000      -0.5000   -0.2887    0.0000       0.0000   -0.5774    0.0000     2  1  1     1  2  1    2 3 1   FILD3DYN/anh_Q1.0_-1o2_0_Q2.1o2_1o2_0_Q3.-1o2_0_0     2     4
    16   xq'   -0.5000   -0.2887    0.0000       0.0000   -0.5774    0.0000      -0.5000    0.2887    0.0000     1  2  1     2  2  1    3 1 2   FILD3DYN/anh_Q1.0_-1o2_0_Q2.1o2_1o2_0_Q3.-1o2_0_0     3     4
    16   xq'   -0.5000   -0.2887    0.0000      -0.5000    0.2887    0.0000       0.0000   -0.5774    0.0000     2  2  1     1  2  1    3 2 1   FILD3DYN/anh_Q1.0_-1o2_0_Q2.1o2_1o2_0_Q3.-1o2_0_0     4     4
    16   xq'   -0.5000    0.2887    0.0000       0.0000   -0.5774    0.0000      -0.5000   -0.2887    0.0000     1  2  1     2  1  1    2 1 3   FILD3DYN/anh_Q1.0_-1o2_0_Q2.1o2_1o2_0_Q3.-1o2_0_0     5     4
    16   xq'    0.0000   -0.5774    0.0000      -0.5000   -0.2887    0.0000      -0.5000    0.2887    0.0000     2  1  1     2  2  1    1 3 2   FILD3DYN/anh_Q1.0_-1o2_0_Q2.1o2_1o2_0_Q3.-1o2_0_0     6     4
 Reading 'FILD3DYN/anh_Q1.0_1o2_0_Q2.-1o2_-1o2_0_Q3.1o2_0_0'...
    16   xq'    0.0000    0.5774    0.0000       0.5000   -0.2887    0.0000       0.5000    0.2887    0.0000     2  2  1     2  1  1    1 2 3   FILD3DYN/anh_Q1.0_1o2_0_Q2.-1o2_-1o2_0_Q3.1o2_0_0     1     5
    16   xq'    0.5000   -0.2887    0.0000       0.5000    0.2887    0.0000       0.0000    0.5774    0.0000     2  1  1     1  2  1    2 3 1   FILD3DYN/anh_Q1.0_1o2_0_Q2.-1o2_-1o2_0_Q3.1o2_0_0     2     5
    16   xq'    0.5000    0.2887    0.0000       0.0000    0.5774    0.0000       0.5000   -0.2887    0.0000     1  2  1     2  2  1    3 1 2   FILD3DYN/anh_Q1.0_1o2_0_Q2.-1o2_-1o2_0_Q3.1o2_0_0     3     5
    16   xq'    0.5000    0.2887    0.0000       0.5000   -0.2887    0.0000       0.0000    0.5774    0.0000     2  2  1     1  2  1    3 2 1   FILD3DYN/anh_Q1.0_1o2_0_Q2.-1o2_-1o2_0_Q3.1o2_0_0     4     5
    16   xq'    0.5000   -0.2887    0.0000       0.0000    0.5774    0.0000       0.5000    0.2887    0.0000     1  2  1     2  1  1    2 1 3   FILD3DYN/anh_Q1.0_1o2_0_Q2.-1o2_-1o2_0_Q3.1o2_0_0     5     5
    16   xq'    0.0000    0.5774    0.0000       0.5000    0.2887    0.0000       0.5000   -0.2887    0.0000     2  1  1     2  2  1    1 3 2   FILD3DYN/anh_Q1.0_1o2_0_Q2.-1o2_-1o2_0_Q3.1o2_0_0     6     5
 Reading 'FILD3DYN/anh_Q1.0_-1o2_0_Q2.1o2_-1o2_0_Q3.-1o2_1_0'...
    16   xq'    0.0000   -0.5774    0.0000       0.5000   -0.2887    0.0000       0.5000    0.2887    0.0000     2  2  1     2  1  1    1 2 3   FILD3DYN/anh_Q1.0_-1o2_0_Q2.1o2_-1o2_0_Q3.-1o2_1_0     1     6
    16   xq'    0.5000   -0.2887    0.0000       0.5000    0.2887    0.0000       0.0000   -0.5774    0.0000     2  1  1     1  2  1    2 3 1   FILD3DYN/anh_Q1.0_-1o2_0_Q2.1o2_-1o2_0_Q3.-1o2_1_0     2     6
    16   xq'    0.5000    0.2887    0.0000       0.0000   -0.5774    0.0000       0.5000   -0.2887    0.0000     1  2  1     2  2  1    3 1 2   FILD3DYN/anh_Q1.0_-1o2_0_Q2.1o2_-1o2_0_Q3.-1o2_1_0     3     6
    16   xq'    0.5000    0.2887    0.0000       0.5000   -0.2887    0.0000       0.0000   -0.5774    0.0000     2  2  1     1  2  1    3 2 1   FILD3DYN/anh_Q1.0_-1o2_0_Q2.1o2_-1o2_0_Q3.-1o2_1_0     4     6
    16   xq'    0.5000   -0.2887    0.0000       0.0000   -0.5774    0.0000       0.5000    0.2887    0.0000     1  2  1     2  1  1    2 1 3   FILD3DYN/anh_Q1.0_-1o2_0_Q2.1o2_-1o2_0_Q3.-1o2_1_0     5     6
    16   xq'    0.0000   -0.5774    0.0000       0.5000    0.2887    0.0000       0.5000   -0.2887    0.0000     2  1  1     2  2  1    1 3 2   FILD3DYN/anh_Q1.0_-1o2_0_Q2.1o2_-1o2_0_Q3.-1o2_1_0     6     6
 Reading 'FILD3DYN/anh_Q1.1_-1o2_0_Q2.-1o2_0_0_Q3.-1o2_1o2_0'...
    16   xq'   -0.0000    0.5774    0.0000      -0.5000   -0.2887    0.0000      -0.5000    0.2887    0.0000     2  1  1     2  2  1    1 2 3   FILD3DYN/anh_Q1.1_-1o2_0_Q2.-1o2_0_0_Q3.-1o2_1o2_0     1     7
    16   xq'   -0.5000   -0.2887    0.0000      -0.5000    0.2887    0.0000      -0.0000    0.5774    0.0000     2  2  1     1  2  1    2 3 1   FILD3DYN/anh_Q1.1_-1o2_0_Q2.-1o2_0_0_Q3.-1o2_1o2_0     2     7
    16   xq'   -0.5000    0.2887    0.0000      -0.0000    0.5774    0.0000      -0.5000   -0.2887    0.0000     1  2  1     2  1  1    3 1 2   FILD3DYN/anh_Q1.1_-1o2_0_Q2.-1o2_0_0_Q3.-1o2_1o2_0     3     7
    16   xq'   -0.5000    0.2887    0.0000      -0.5000   -0.2887    0.0000      -0.0000    0.5774    0.0000     2  1  1     1  2  1    3 2 1   FILD3DYN/anh_Q1.1_-1o2_0_Q2.-1o2_0_0_Q3.-1o2_1o2_0     4     7
    16   xq'   -0.5000   -0.2887    0.0000      -0.0000    0.5774    0.0000      -0.5000    0.2887    0.0000     1  2  1     2  2  1    2 1 3   FILD3DYN/anh_Q1.1_-1o2_0_Q2.-1o2_0_0_Q3.-1o2_1o2_0     5     7
    16   xq'   -0.0000    0.5774    0.0000      -0.5000    0.2887    0.0000      -0.5000   -0.2887    0.0000     2  2  1     2  1  1    1 3 2   FILD3DYN/anh_Q1.1_-1o2_0_Q2.-1o2_0_0_Q3.-1o2_1o2_0     6     7
 Reading 'FILD3DYN/anh_Q1.1_-1o2_0_Q2.-1o2_1o2_0_Q3.-1o2_0_0'...
    16   xq'   -0.0000    0.5774    0.0000      -0.5000    0.2887    0.0000      -0.5000   -0.2887    0.0000     2  2  1     2  1  1    1 2 3   FILD3DYN/anh_Q1.1_-1o2_0_Q2.-1o2_1o2_0_Q3.-1o2_0_0     1     8
    16   xq'   -0.5000    0.2887    0.0000      -0.5000   -0.2887    0.0000      -0.0000    0.5774    0.0000     2  1  1     1  2  1    2 3 1   FILD3DYN/anh_Q1.1_-1o2_0_Q2.-1o2_1o2_0_Q3.-1o2_0_0     2     8
    16   xq'   -0.5000   -0.2887    0.0000      -0.0000    0.5774    0.0000      -0.5000    0.2887    0.0000     1  2  1     2  2  1    3 1 2   FILD3DYN/anh_Q1.1_-1o2_0_Q2.-1o2_1o2_0_Q3.-1o2_0_0     3     8
    16   xq'   -0.5000   -0.2887    0.0000      -0.5000    0.2887    0.0000      -0.0000    0.5774    0.0000     2  2  1     1  2  1    3 2 1   FILD3DYN/anh_Q1.1_-1o2_0_Q2.-1o2_1o2_0_Q3.-1o2_0_0     4     8
    16   xq'   -0.5000    0.2887    0.0000      -0.0000    0.5774    0.0000      -0.5000   -0.2887    0.0000     1  2  1     2  1  1    2 1 3   FILD3DYN/anh_Q1.1_-1o2_0_Q2.-1o2_1o2_0_Q3.-1o2_0_0     5     8
    16   xq'   -0.0000    0.5774    0.0000      -0.5000   -0.2887    0.0000      -0.5000    0.2887    0.0000     2  1  1     2  2  1    1 3 2   FILD3DYN/anh_Q1.1_-1o2_0_Q2.-1o2_1o2_0_Q3.-1o2_0_0     6     8
 Reading 'FILD3DYN/anh_Q1.1o2_0_0_Q2.0_0_0_Q3.-1o2_0_0'...
    16   xq'    0.5000    0.2887    0.0000       0.0000    0.0000    0.0000      -0.5000   -0.2887    0.0000     1  1  1     2  1  1    1 2 3   FILD3DYN/anh_Q1.1o2_0_0_Q2.0_0_0_Q3.-1o2_0_0     1     3
    16   xq'    0.0000    0.0000    0.0000      -0.5000   -0.2887    0.0000       0.5000    0.2887    0.0000     2  1  1     2  1  1    2 3 1   FILD3DYN/anh_Q1.1o2_0_0_Q2.0_0_0_Q3.-1o2_0_0     2     3
    16   xq'   -0.5000   -0.2887    0.0000       0.5000    0.2887    0.0000       0.0000    0.0000    0.0000     2  1  1     1  1  1    3 1 2   FILD3DYN/anh_Q1.1o2_0_0_Q2.0_0_0_Q3.-1o2_0_0     3     3
    16   xq'   -0.5000   -0.2887    0.0000       0.0000    0.0000    0.0000       0.5000    0.2887    0.0000     1  1  1     2  1  1    3 2 1   FILD3DYN/anh_Q1.1o2_0_0_Q2.0_0_0_Q3.-1o2_0_0     4     4
    16   xq'    0.0000    0.0000    0.0000       0.5000    0.2887    0.0000      -0.5000   -0.2887    0.0000     2  1  1     2  1  1    2 1 3   FILD3DYN/anh_Q1.1o2_0_0_Q2.0_0_0_Q3.-1o2_0_0     5     4
    16   xq'    0.5000    0.2887    0.0000      -0.5000   -0.2887    0.0000       0.0000    0.0000    0.0000     2  1  1     1  1  1    1 3 2   FILD3DYN/anh_Q1.1o2_0_0_Q2.0_0_0_Q3.-1o2_0_0     6     4
 Reading 'FILD3DYN/anh_Q1.-1o2_0_0_Q2.0_-1o2_0_Q3.1o2_1o2_0'...
    16   xq'   -0.5000   -0.2887    0.0000       0.0000   -0.5774    0.0000      -0.5000    0.2887    0.0000     1  2  1     2  2  1    1 2 3   FILD3DYN/anh_Q1.-1o2_0_0_Q2.0_-1o2_0_Q3.1o2_1o2_0     1     9
    16   xq'    0.0000   -0.5774    0.0000      -0.5000    0.2887    0.0000      -0.5000   -0.2887    0.0000     2  2  1     2  1  1    2 3 1   FILD3DYN/anh_Q1.-1o2_0_0_Q2.0_-1o2_0_Q3.1o2_1o2_0     2     9
    16   xq'   -0.5000    0.2887    0.0000      -0.5000   -0.2887    0.0000       0.0000   -0.5774    0.0000     2  1  1     1  2  1    3 1 2   FILD3DYN/anh_Q1.-1o2_0_0_Q2.0_-1o2_0_Q3.1o2_1o2_0     3     9
    16   xq'   -0.5000    0.2887    0.0000       0.0000   -0.5774    0.0000      -0.5000   -0.2887    0.0000     1  2  1     2  1  1    3 2 1   FILD3DYN/anh_Q1.-1o2_0_0_Q2.0_-1o2_0_Q3.1o2_1o2_0     4     9
    16   xq'    0.0000   -0.5774    0.0000      -0.5000   -0.2887    0.0000      -0.5000    0.2887    0.0000     2  1  1     2  2  1    2 1 3   FILD3DYN/anh_Q1.-1o2_0_0_Q2.0_-1o2_0_Q3.1o2_1o2_0     5     9
    16   xq'   -0.5000   -0.2887    0.0000      -0.5000    0.2887    0.0000       0.0000   -0.5774    0.0000     2  2  1     1  2  1    1 3 2   FILD3DYN/anh_Q1.-1o2_0_0_Q2.0_-1o2_0_Q3.1o2_1o2_0     6     9
 Reading 'FILD3DYN/anh_Q1.1o2_0_0_Q2.0_1o2_0_Q3.-1o2_-1o2_0'...
    16   xq'    0.5000    0.2887    0.0000       0.0000    0.5774    0.0000       0.5000   -0.2887    0.0000     1  2  1     2  2  1    1 2 3   FILD3DYN/anh_Q1.1o2_0_0_Q2.0_1o2_0_Q3.-1o2_-1o2_0     1    10
    16   xq'    0.0000    0.5774    0.0000       0.5000   -0.2887    0.0000       0.5000    0.2887    0.0000     2  2  1     2  1  1    2 3 1   FILD3DYN/anh_Q1.1o2_0_0_Q2.0_1o2_0_Q3.-1o2_-1o2_0     2    10
    16   xq'    0.5000   -0.2887    0.0000       0.5000    0.2887    0.0000       0.0000    0.5774    0.0000     2  1  1     1  2  1    3 1 2   FILD3DYN/anh_Q1.1o2_0_0_Q2.0_1o2_0_Q3.-1o2_-1o2_0     3    10
    16   xq'    0.5000   -0.2887    0.0000       0.0000    0.5774    0.0000       0.5000    0.2887    0.0000     1  2  1     2  1  1    3 2 1   FILD3DYN/anh_Q1.1o2_0_0_Q2.0_1o2_0_Q3.-1o2_-1o2_0     4    10
    16   xq'    0.0000    0.5774    0.0000       0.5000    0.2887    0.0000       0.5000   -0.2887    0.0000     2  1  1     2  2  1    2 1 3   FILD3DYN/anh_Q1.1o2_0_0_Q2.0_1o2_0_Q3.-1o2_-1o2_0     5    10
    16   xq'    0.5000    0.2887    0.0000       0.5000   -0.2887    0.0000       0.0000    0.5774    0.0000     2  2  1     1  2  1    1 3 2   FILD3DYN/anh_Q1.1o2_0_0_Q2.0_1o2_0_Q3.-1o2_-1o2_0     6    10
 Reading 'FILD3DYN/anh_Q1.-1o2_0_0_Q2.1_-1o2_0_Q3.-1o2_1o2_0'...
    16   xq'   -0.5000   -0.2887    0.0000      -0.0000    0.5774    0.0000      -0.5000    0.2887    0.0000     1  2  1     2  2  1    1 2 3   FILD3DYN/anh_Q1.-1o2_0_0_Q2.1_-1o2_0_Q3.-1o2_1o2_0     1    11
    16   xq'   -0.0000    0.5774    0.0000      -0.5000    0.2887    0.0000      -0.5000   -0.2887    0.0000     2  2  1     2  1  1    2 3 1   FILD3DYN/anh_Q1.-1o2_0_0_Q2.1_-1o2_0_Q3.-1o2_1o2_0     2    11
    16   xq'   -0.5000    0.2887    0.0000      -0.5000   -0.2887    0.0000      -0.0000    0.5774    0.0000     2  1  1     1  2  1    3 1 2   FILD3DYN/anh_Q1.-1o2_0_0_Q2.1_-1o2_0_Q3.-1o2_1o2_0     3    11
    16   xq'   -0.5000    0.2887    0.0000      -0.0000    0.5774    0.0000      -0.5000   -0.2887    0.0000     1  2  1     2  1  1    3 2 1   FILD3DYN/anh_Q1.-1o2_0_0_Q2.1_-1o2_0_Q3.-1o2_1o2_0     4    11
    16   xq'   -0.0000    0.5774    0.0000      -0.5000   -0.2887    0.0000      -0.5000    0.2887    0.0000     2  1  1     2  2  1    2 1 3   FILD3DYN/anh_Q1.-1o2_0_0_Q2.1_-1o2_0_Q3.-1o2_1o2_0     5    11
    16   xq'   -0.5000   -0.2887    0.0000      -0.5000    0.2887    0.0000      -0.0000    0.5774    0.0000     2  2  1     1  2  1    1 3 2   FILD3DYN/anh_Q1.-1o2_0_0_Q2.1_-1o2_0_Q3.-1o2_1o2_0     6    11
 Reading 'FILD3DYN/anh_Q1.1o2_0_0_Q2.-1o2_0_0_Q3.0_0_0'...
    16   xq'    0.5000    0.2887    0.0000      -0.5000   -0.2887    0.0000       0.0000    0.0000    0.0000     2  1  1     1  1  1    1 2 3   FILD3DYN/anh_Q1.1o2_0_0_Q2.-1o2_0_0_Q3.0_0_0     1     5
    16   xq'   -0.5000   -0.2887    0.0000       0.0000    0.0000    0.0000       0.5000    0.2887    0.0000     1  1  1     2  1  1    2 3 1   FILD3DYN/anh_Q1.1o2_0_0_Q2.-1o2_0_0_Q3.0_0_0     2     5
    16   xq'    0.0000    0.0000    0.0000       0.5000    0.2887    0.0000      -0.5000   -0.2887    0.0000     2  1  1     2  1  1    3 1 2   FILD3DYN/anh_Q1.1o2_0_0_Q2.-1o2_0_0_Q3.0_0_0     3     5
    16   xq'    0.0000    0.0000    0.0000      -0.5000   -0.2887    0.0000       0.5000    0.2887    0.0000     2  1  1     2  1  1    3 2 1   FILD3DYN/anh_Q1.1o2_0_0_Q2.-1o2_0_0_Q3.0_0_0     4     6
    16   xq'   -0.5000   -0.2887    0.0000       0.5000    0.2887    0.0000       0.0000    0.0000    0.0000     2  1  1     1  1  1    2 1 3   FILD3DYN/anh_Q1.1o2_0_0_Q2.-1o2_0_0_Q3.0_0_0     5     6
    16   xq'    0.5000    0.2887    0.0000       0.0000    0.0000    0.0000      -0.5000   -0.2887    0.0000     1  1  1     2  1  1    1 3 2   FILD3DYN/anh_Q1.1o2_0_0_Q2.-1o2_0_0_Q3.0_0_0     6     6
 Reading 'FILD3DYN/anh_Q1.-1o2_0_0_Q2.1o2_1o2_0_Q3.0_-1o2_0'...
    16   xq'   -0.5000   -0.2887    0.0000      -0.5000    0.2887    0.0000       0.0000   -0.5774    0.0000     2  2  1     1  2  1    1 2 3   FILD3DYN/anh_Q1.-1o2_0_0_Q2.1o2_1o2_0_Q3.0_-1o2_0     1    12
    16   xq'   -0.5000    0.2887    0.0000       0.0000   -0.5774    0.0000      -0.5000   -0.2887    0.0000     1  2  1     2  1  1    2 3 1   FILD3DYN/anh_Q1.-1o2_0_0_Q2.1o2_1o2_0_Q3.0_-1o2_0     2    12
    16   xq'    0.0000   -0.5774    0.0000      -0.5000   -0.2887    0.0000      -0.5000    0.2887    0.0000     2  1  1     2  2  1    3 1 2   FILD3DYN/anh_Q1.-1o2_0_0_Q2.1o2_1o2_0_Q3.0_-1o2_0     3    12
    16   xq'    0.0000   -0.5774    0.0000      -0.5000    0.2887    0.0000      -0.5000   -0.2887    0.0000     2  2  1     2  1  1    3 2 1   FILD3DYN/anh_Q1.-1o2_0_0_Q2.1o2_1o2_0_Q3.0_-1o2_0     4    12
    16   xq'   -0.5000    0.2887    0.0000      -0.5000   -0.2887    0.0000       0.0000   -0.5774    0.0000     2  1  1     1  2  1    2 1 3   FILD3DYN/anh_Q1.-1o2_0_0_Q2.1o2_1o2_0_Q3.0_-1o2_0     5    12
    16   xq'   -0.5000   -0.2887    0.0000       0.0000   -0.5774    0.0000      -0.5000    0.2887    0.0000     1  2  1     2  2  1    1 3 2   FILD3DYN/anh_Q1.-1o2_0_0_Q2.1o2_1o2_0_Q3.0_-1o2_0     6    12
 Reading 'FILD3DYN/anh_Q1.1o2_0_0_Q2.-1o2_-1o2_0_Q3.0_1o2_0'...
    16   xq'    0.5000    0.2887    0.0000       0.5000   -0.2887    0.0000       0.0000    0.5774    0.0000     2  2  1     1  2  1    1 2 3   FILD3DYN/anh_Q1.1o2_0_0_Q2.-1o2_-1o2_0_Q3.0_1o2_0     1    13
    16   xq'    0.5000   -0.2887    0.0000       0.0000    0.5774    0.0000       0.5000    0.2887    0.0000     1  2  1     2  1  1    2 3 1   FILD3DYN/anh_Q1.1o2_0_0_Q2.-1o2_-1o2_0_Q3.0_1o2_0     2    13
    16   xq'    0.0000    0.5774    0.0000       0.5000    0.2887    0.0000       0.5000   -0.2887    0.0000     2  1  1     2  2  1    3 1 2   FILD3DYN/anh_Q1.1o2_0_0_Q2.-1o2_-1o2_0_Q3.0_1o2_0     3    13
    16   xq'    0.0000    0.5774    0.0000       0.5000   -0.2887    0.0000       0.5000    0.2887    0.0000     2  2  1     2  1  1    3 2 1   FILD3DYN/anh_Q1.1o2_0_0_Q2.-1o2_-1o2_0_Q3.0_1o2_0     4    13
    16   xq'    0.5000   -0.2887    0.0000       0.5000    0.2887    0.0000       0.0000    0.5774    0.0000     2  1  1     1  2  1    2 1 3   FILD3DYN/anh_Q1.1o2_0_0_Q2.-1o2_-1o2_0_Q3.0_1o2_0     5    13
    16   xq'    0.5000    0.2887    0.0000       0.0000    0.5774    0.0000       0.5000   -0.2887    0.0000     1  2  1     2  2  1    1 3 2   FILD3DYN/anh_Q1.1o2_0_0_Q2.-1o2_-1o2_0_Q3.0_1o2_0     6    13
 Reading 'FILD3DYN/anh_Q1.-1o2_0_0_Q2.-1o2_1o2_0_Q3.1_-1o2_0'...
    16   xq'   -0.5000   -0.2887    0.0000      -0.5000    0.2887    0.0000      -0.0000    0.5774    0.0000     2  2  1     1  2  1    1 2 3   FILD3DYN/anh_Q1.-1o2_0_0_Q2.-1o2_1o2_0_Q3.1_-1o2_0     1    14
    16   xq'   -0.5000    0.2887    0.0000      -0.0000    0.5774    0.0000      -0.5000   -0.2887    0.0000     1  2  1     2  1  1    2 3 1   FILD3DYN/anh_Q1.-1o2_0_0_Q2.-1o2_1o2_0_Q3.1_-1o2_0     2    14
    16   xq'   -0.0000    0.5774    0.0000      -0.5000   -0.2887    0.0000      -0.5000    0.2887    0.0000     2  1  1     2  2  1    3 1 2   FILD3DYN/anh_Q1.-1o2_0_0_Q2.-1o2_1o2_0_Q3.1_-1o2_0     3    14
    16   xq'   -0.0000    0.5774    0.0000      -0.5000    0.2887    0.0000      -0.5000   -0.2887    0.0000     2  2  1     2  1  1    3 2 1   FILD3DYN/anh_Q1.-1o2_0_0_Q2.-1o2_1o2_0_Q3.1_-1o2_0     4    14
    16   xq'   -0.5000    0.2887    0.0000      -0.5000   -0.2887    0.0000      -0.0000    0.5774    0.0000     2  1  1     1  2  1    2 1 3   FILD3DYN/anh_Q1.-1o2_0_0_Q2.-1o2_1o2_0_Q3.1_-1o2_0     5    14
    16   xq'   -0.5000   -0.2887    0.0000      -0.0000    0.5774    0.0000      -0.5000    0.2887    0.0000     1  2  1     2  2  1    1 3 2   FILD3DYN/anh_Q1.-1o2_0_0_Q2.-1o2_1o2_0_Q3.1_-1o2_0     6    14
 Reading 'FILD3DYN/anh_Q1.-1o2_1_0_Q2.0_-1o2_0_Q3.1o2_-1o2_0'...
    16   xq'    0.5000    0.2887    0.0000       0.0000   -0.5774    0.0000       0.5000   -0.2887    0.0000     1  2  1     2  2  1    1 2 3   FILD3DYN/anh_Q1.-1o2_1_0_Q2.0_-1o2_0_Q3.1o2_-1o2_0     1    15
    16   xq'    0.0000   -0.5774    0.0000       0.5000   -0.2887    0.0000       0.5000    0.2887    0.0000     2  2  1     2  1  1    2 3 1   FILD3DYN/anh_Q1.-1o2_1_0_Q2.0_-1o2_0_Q3.1o2_-1o2_0     2    15
    16   xq'    0.5000   -0.2887    0.0000       0.5000    0.2887    0.0000       0.0000   -0.5774    0.0000     2  1  1     1  2  1    3 1 2   FILD3DYN/anh_Q1.-1o2_1_0_Q2.0_-1o2_0_Q3.1o2_-1o2_0     3    15
    16   xq'    0.5000   -0.2887    0.0000       0.0000   -0.5774    0.0000       0.5000    0.2887    0.0000     1  2  1     2  1  1    3 2 1   FILD3DYN/anh_Q1.-1o2_1_0_Q2.0_-1o2_0_Q3.1o2_-1o2_0     4    15
    16   xq'    0.0000   -0.5774    0.0000       0.5000    0.2887    0.0000       0.5000   -0.2887    0.0000     2  1  1     2  2  1    2 1 3   FILD3DYN/anh_Q1.-1o2_1_0_Q2.0_-1o2_0_Q3.1o2_-1o2_0     5    15
    16   xq'    0.5000    0.2887    0.0000       0.5000   -0.2887    0.0000       0.0000   -0.5774    0.0000     2  2  1     1  2  1    1 3 2   FILD3DYN/anh_Q1.-1o2_1_0_Q2.0_-1o2_0_Q3.1o2_-1o2_0     6    15
 Reading 'FILD3DYN/anh_Q1.-1o2_1_0_Q2.1o2_-1o2_0_Q3.0_-1o2_0'...
    16   xq'    0.5000    0.2887    0.0000       0.5000   -0.2887    0.0000       0.0000   -0.5774    0.0000     2  2  1     1  2  1    1 2 3   FILD3DYN/anh_Q1.-1o2_1_0_Q2.1o2_-1o2_0_Q3.0_-1o2_0     1    16
    16   xq'    0.5000   -0.2887    0.0000       0.0000   -0.5774    0.0000       0.5000    0.2887    0.0000     1  2  1     2  1  1    2 3 1   FILD3DYN/anh_Q1.-1o2_1_0_Q2.1o2_-1o2_0_Q3.0_-1o2_0     2    16
    16   xq'    0.0000   -0.5774    0.0000       0.5000    0.2887    0.0000       0.5000   -0.2887    0.0000     2  1  1     2  2  1    3 1 2   FILD3DYN/anh_Q1.-1o2_1_0_Q2.1o2_-1o2_0_Q3.0_-1o2_0     3    16
    16   xq'    0.0000   -0.5774    0.0000       0.5000   -0.2887    0.0000       0.5000    0.2887    0.0000     2  2  1     2  1  1    3 2 1   FILD3DYN/anh_Q1.-1o2_1_0_Q2.1o2_-1o2_0_Q3.0_-1o2_0     4    16
    16   xq'    0.5000   -0.2887    0.0000       0.5000    0.2887    0.0000       0.0000   -0.5774    0.0000     2  1  1     1  2  1    2 1 3   FILD3DYN/anh_Q1.-1o2_1_0_Q2.1o2_-1o2_0_Q3.0_-1o2_0     5    16
    16   xq'    0.5000    0.2887    0.0000       0.0000   -0.5774    0.0000       0.5000   -0.2887    0.0000     1  2  1     2  2  1    1 3 2   FILD3DYN/anh_Q1.-1o2_1_0_Q2.1o2_-1o2_0_Q3.0_-1o2_0     6    16
 Reading 'FILD3DYN/anh_Q1.-1o2_1o2_0_Q2.0_0_0_Q3.1o2_-1o2_0'...
    16   xq'   -0.5000    0.2887    0.0000       0.0000    0.0000    0.0000       0.5000   -0.2887    0.0000     1  1  1     2  2  1    1 2 3   FILD3DYN/anh_Q1.-1o2_1o2_0_Q2.0_0_0_Q3.1o2_-1o2_0     1     3
    16   xq'    0.0000    0.0000    0.0000       0.5000   -0.2887    0.0000      -0.5000    0.2887    0.0000     2  2  1     2  2  1    2 3 1   FILD3DYN/anh_Q1.-1o2_1o2_0_Q2.0_0_0_Q3.1o2_-1o2_0     2     3
    16   xq'    0.5000   -0.2887    0.0000      -0.5000    0.2887    0.0000       0.0000    0.0000    0.0000     2  2  1     1  1  1    3 1 2   FILD3DYN/anh_Q1.-1o2_1o2_0_Q2.0_0_0_Q3.1o2_-1o2_0     3     3
    16   xq'    0.5000   -0.2887    0.0000       0.0000    0.0000    0.0000      -0.5000    0.2887    0.0000     1  1  1     2  2  1    3 2 1   FILD3DYN/anh_Q1.-1o2_1o2_0_Q2.0_0_0_Q3.1o2_-1o2_0     4     4
    16   xq'    0.0000    0.0000    0.0000      -0.5000    0.2887    0.0000       0.5000   -0.2887    0.0000     2  2  1     2  2  1    2 1 3   FILD3DYN/anh_Q1.-1o2_1o2_0_Q2.0_0_0_Q3.1o2_-1o2_0     5     4
    16   xq'   -0.5000    0.2887    0.0000       0.5000   -0.2887    0.0000       0.0000    0.0000    0.0000     2  2  1     1  1  1    1 3 2   FILD3DYN/anh_Q1.-1o2_1o2_0_Q2.0_0_0_Q3.1o2_-1o2_0     6     4
 Reading 'FILD3DYN/anh_Q1.-1o2_-1o2_0_Q2.0_1o2_0_Q3.1o2_0_0'...
    16   xq'    0.5000   -0.2887    0.0000       0.0000    0.5774    0.0000       0.5000    0.2887    0.0000     1  2  1     2  1  1    1 2 3   FILD3DYN/anh_Q1.-1o2_-1o2_0_Q2.0_1o2_0_Q3.1o2_0_0     1    17
    16   xq'    0.0000    0.5774    0.0000       0.5000    0.2887    0.0000       0.5000   -0.2887    0.0000     2  1  1     2  2  1    2 3 1   FILD3DYN/anh_Q1.-1o2_-1o2_0_Q2.0_1o2_0_Q3.1o2_0_0     2    17
    16   xq'    0.5000    0.2887    0.0000       0.5000   -0.2887    0.0000       0.0000    0.5774    0.0000     2  2  1     1  2  1    3 1 2   FILD3DYN/anh_Q1.-1o2_-1o2_0_Q2.0_1o2_0_Q3.1o2_0_0     3    17
    16   xq'    0.5000    0.2887    0.0000       0.0000    0.5774    0.0000       0.5000   -0.2887    0.0000     1  2  1     2  2  1    3 2 1   FILD3DYN/anh_Q1.-1o2_-1o2_0_Q2.0_1o2_0_Q3.1o2_0_0     4    17
    16   xq'    0.0000    0.5774    0.0000       0.5000   -0.2887    0.0000       0.5000    0.2887    0.0000     2  2  1     2  1  1    2 1 3   FILD3DYN/anh_Q1.-1o2_-1o2_0_Q2.0_1o2_0_Q3.1o2_0_0     5    17
    16   xq'    0.5000   -0.2887    0.0000       0.5000    0.2887    0.0000       0.0000    0.5774    0.0000     2  1  1     1  2  1    1 3 2   FILD3DYN/anh_Q1.-1o2_-1o2_0_Q2.0_1o2_0_Q3.1o2_0_0     6    17
 Reading 'FILD3DYN/anh_Q1.1o2_1o2_0_Q2.0_-1o2_0_Q3.-1o2_0_0'...
    16   xq'   -0.5000    0.2887    0.0000       0.0000   -0.5774    0.0000      -0.5000   -0.2887    0.0000     1  2  1     2  1  1    1 2 3   FILD3DYN/anh_Q1.1o2_1o2_0_Q2.0_-1o2_0_Q3.-1o2_0_0     1    18
    16   xq'    0.0000   -0.5774    0.0000      -0.5000   -0.2887    0.0000      -0.5000    0.2887    0.0000     2  1  1     2  2  1    2 3 1   FILD3DYN/anh_Q1.1o2_1o2_0_Q2.0_-1o2_0_Q3.-1o2_0_0     2    18
    16   xq'   -0.5000   -0.2887    0.0000      -0.5000    0.2887    0.0000       0.0000   -0.5774    0.0000     2  2  1     1  2  1    3 1 2   FILD3DYN/anh_Q1.1o2_1o2_0_Q2.0_-1o2_0_Q3.-1o2_0_0     3    18
    16   xq'   -0.5000   -0.2887    0.0000       0.0000   -0.5774    0.0000      -0.5000    0.2887    0.0000     1  2  1     2  2  1    3 2 1   FILD3DYN/anh_Q1.1o2_1o2_0_Q2.0_-1o2_0_Q3.-1o2_0_0     4    18
    16   xq'    0.0000   -0.5774    0.0000      -0.5000    0.2887    0.0000      -0.5000   -0.2887    0.0000     2  2  1     2  1  1    2 1 3   FILD3DYN/anh_Q1.1o2_1o2_0_Q2.0_-1o2_0_Q3.-1o2_0_0     5    18
    16   xq'   -0.5000    0.2887    0.0000      -0.5000   -0.2887    0.0000       0.0000   -0.5774    0.0000     2  1  1     1  2  1    1 3 2   FILD3DYN/anh_Q1.1o2_1o2_0_Q2.0_-1o2_0_Q3.-1o2_0_0     6    18
 Reading 'FILD3DYN/anh_Q1.1o2_-1o2_0_Q2.0_-1o2_0_Q3.-1o2_1_0'...
    16   xq'    0.5000   -0.2887    0.0000       0.0000   -0.5774    0.0000       0.5000    0.2887    0.0000     1  2  1     2  1  1    1 2 3   FILD3DYN/anh_Q1.1o2_-1o2_0_Q2.0_-1o2_0_Q3.-1o2_1_0     1    19
    16   xq'    0.0000   -0.5774    0.0000       0.5000    0.2887    0.0000       0.5000   -0.2887    0.0000     2  1  1     2  2  1    2 3 1   FILD3DYN/anh_Q1.1o2_-1o2_0_Q2.0_-1o2_0_Q3.-1o2_1_0     2    19
    16   xq'    0.5000    0.2887    0.0000       0.5000   -0.2887    0.0000       0.0000   -0.5774    0.0000     2  2  1     1  2  1    3 1 2   FILD3DYN/anh_Q1.1o2_-1o2_0_Q2.0_-1o2_0_Q3.-1o2_1_0     3    19
    16   xq'    0.5000    0.2887    0.0000       0.0000   -0.5774    0.0000       0.5000   -0.2887    0.0000     1  2  1     2  2  1    3 2 1   FILD3DYN/anh_Q1.1o2_-1o2_0_Q2.0_-1o2_0_Q3.-1o2_1_0     4    19
    16   xq'    0.0000   -0.5774    0.0000       0.5000   -0.2887    0.0000       0.5000    0.2887    0.0000     2  2  1     2  1  1    2 1 3   FILD3DYN/anh_Q1.1o2_-1o2_0_Q2.0_-1o2_0_Q3.-1o2_1_0     5    19
    16   xq'    0.5000   -0.2887    0.0000       0.5000    0.2887    0.0000       0.0000   -0.5774    0.0000     2  1  1     1  2  1    1 3 2   FILD3DYN/anh_Q1.1o2_-1o2_0_Q2.0_-1o2_0_Q3.-1o2_1_0     6    19
 Reading 'FILD3DYN/anh_Q1.-1o2_1o2_0_Q2.1_-1o2_0_Q3.-1o2_0_0'...
    16   xq'   -0.5000    0.2887    0.0000      -0.0000    0.5774    0.0000      -0.5000   -0.2887    0.0000     1  2  1     2  1  1    1 2 3   FILD3DYN/anh_Q1.-1o2_1o2_0_Q2.1_-1o2_0_Q3.-1o2_0_0     1    20
    16   xq'   -0.0000    0.5774    0.0000      -0.5000   -0.2887    0.0000      -0.5000    0.2887    0.0000     2  1  1     2  2  1    2 3 1   FILD3DYN/anh_Q1.-1o2_1o2_0_Q2.1_-1o2_0_Q3.-1o2_0_0     2    20
    16   xq'   -0.5000   -0.2887    0.0000      -0.5000    0.2887    0.0000      -0.0000    0.5774    0.0000     2  2  1     1  2  1    3 1 2   FILD3DYN/anh_Q1.-1o2_1o2_0_Q2.1_-1o2_0_Q3.-1o2_0_0     3    20
    16   xq'   -0.5000   -0.2887    0.0000      -0.0000    0.5774    0.0000      -0.5000    0.2887    0.0000     1  2  1     2  2  1    3 2 1   FILD3DYN/anh_Q1.-1o2_1o2_0_Q2.1_-1o2_0_Q3.-1o2_0_0     4    20
    16   xq'   -0.0000    0.5774    0.0000      -0.5000    0.2887    0.0000      -0.5000   -0.2887    0.0000     2  2  1     2  1  1    2 1 3   FILD3DYN/anh_Q1.-1o2_1o2_0_Q2.1_-1o2_0_Q3.-1o2_0_0     5    20
    16   xq'   -0.5000    0.2887    0.0000      -0.5000   -0.2887    0.0000      -0.0000    0.5774    0.0000     2  1  1     1  2  1    1 3 2   FILD3DYN/anh_Q1.-1o2_1o2_0_Q2.1_-1o2_0_Q3.-1o2_0_0     6    20
 Reading 'FILD3DYN/anh_Q1.-1o2_-1o2_0_Q2.1o2_0_0_Q3.0_1o2_0'...
    16   xq'    0.5000   -0.2887    0.0000       0.5000    0.2887    0.0000       0.0000    0.5774    0.0000     2  1  1     1  2  1    1 2 3   FILD3DYN/anh_Q1.-1o2_-1o2_0_Q2.1o2_0_0_Q3.0_1o2_0     1    21
    16   xq'    0.5000    0.2887    0.0000       0.0000    0.5774    0.0000       0.5000   -0.2887    0.0000     1  2  1     2  2  1    2 3 1   FILD3DYN/anh_Q1.-1o2_-1o2_0_Q2.1o2_0_0_Q3.0_1o2_0     2    21
    16   xq'    0.0000    0.5774    0.0000       0.5000   -0.2887    0.0000       0.5000    0.2887    0.0000     2  2  1     2  1  1    3 1 2   FILD3DYN/anh_Q1.-1o2_-1o2_0_Q2.1o2_0_0_Q3.0_1o2_0     3    21
    16   xq'    0.0000    0.5774    0.0000       0.5000    0.2887    0.0000       0.5000   -0.2887    0.0000     2  1  1     2  2  1    3 2 1   FILD3DYN/anh_Q1.-1o2_-1o2_0_Q2.1o2_0_0_Q3.0_1o2_0     4    21
    16   xq'    0.5000    0.2887    0.0000       0.5000   -0.2887    0.0000       0.0000    0.5774    0.0000     2  2  1     1  2  1    2 1 3   FILD3DYN/anh_Q1.-1o2_-1o2_0_Q2.1o2_0_0_Q3.0_1o2_0     5    21
    16   xq'    0.5000   -0.2887    0.0000       0.0000    0.5774    0.0000       0.5000    0.2887    0.0000     1  2  1     2  1  1    1 3 2   FILD3DYN/anh_Q1.-1o2_-1o2_0_Q2.1o2_0_0_Q3.0_1o2_0     6    21
 Reading 'FILD3DYN/anh_Q1.1o2_1o2_0_Q2.-1o2_0_0_Q3.0_-1o2_0'...
    16   xq'   -0.5000    0.2887    0.0000      -0.5000   -0.2887    0.0000       0.0000   -0.5774    0.0000     2  1  1     1  2  1    1 2 3   FILD3DYN/anh_Q1.1o2_1o2_0_Q2.-1o2_0_0_Q3.0_-1o2_0     1    22
    16   xq'   -0.5000   -0.2887    0.0000       0.0000   -0.5774    0.0000      -0.5000    0.2887    0.0000     1  2  1     2  2  1    2 3 1   FILD3DYN/anh_Q1.1o2_1o2_0_Q2.-1o2_0_0_Q3.0_-1o2_0     2    22
    16   xq'    0.0000   -0.5774    0.0000      -0.5000    0.2887    0.0000      -0.5000   -0.2887    0.0000     2  2  1     2  1  1    3 1 2   FILD3DYN/anh_Q1.1o2_1o2_0_Q2.-1o2_0_0_Q3.0_-1o2_0     3    22
    16   xq'    0.0000   -0.5774    0.0000      -0.5000   -0.2887    0.0000      -0.5000    0.2887    0.0000     2  1  1     2  2  1    3 2 1   FILD3DYN/anh_Q1.1o2_1o2_0_Q2.-1o2_0_0_Q3.0_-1o2_0     4    22
    16   xq'   -0.5000   -0.2887    0.0000      -0.5000    0.2887    0.0000       0.0000   -0.5774    0.0000     2  2  1     1  2  1    2 1 3   FILD3DYN/anh_Q1.1o2_1o2_0_Q2.-1o2_0_0_Q3.0_-1o2_0     5    22
    16   xq'   -0.5000    0.2887    0.0000       0.0000   -0.5774    0.0000      -0.5000   -0.2887    0.0000     1  2  1     2  1  1    1 3 2   FILD3DYN/anh_Q1.1o2_1o2_0_Q2.-1o2_0_0_Q3.0_-1o2_0     6    22
 Reading 'FILD3DYN/anh_Q1.-1o2_1o2_0_Q2.-1o2_0_0_Q3.1_-1o2_0'...
    16   xq'   -0.5000    0.2887    0.0000      -0.5000   -0.2887    0.0000      -0.0000    0.5774    0.0000     2  1  1     1  2  1    1 2 3   FILD3DYN/anh_Q1.-1o2_1o2_0_Q2.-1o2_0_0_Q3.1_-1o2_0     1    23
    16   xq'   -0.5000   -0.2887    0.0000      -0.0000    0.5774    0.0000      -0.5000    0.2887    0.0000     1  2  1     2  2  1    2 3 1   FILD3DYN/anh_Q1.-1o2_1o2_0_Q2.-1o2_0_0_Q3.1_-1o2_0     2    23
    16   xq'   -0.0000    0.5774    0.0000      -0.5000    0.2887    0.0000      -0.5000   -0.2887    0.0000     2  2  1     2  1  1    3 1 2   FILD3DYN/anh_Q1.-1o2_1o2_0_Q2.-1o2_0_0_Q3.1_-1o2_0     3    23
    16   xq'   -0.0000    0.5774    0.0000      -0.5000   -0.2887    0.0000      -0.5000    0.2887    0.0000     2  1  1     2  2  1    3 2 1   FILD3DYN/anh_Q1.-1o2_1o2_0_Q2.-1o2_0_0_Q3.1_-1o2_0     4    23
    16   xq'   -0.5000   -0.2887    0.0000      -0.5000    0.2887    0.0000      -0.0000    0.5774    0.0000     2  2  1     1  2  1    2 1 3   FILD3DYN/anh_Q1.-1o2_1o2_0_Q2.-1o2_0_0_Q3.1_-1o2_0     5    23
    16   xq'   -0.5000    0.2887    0.0000      -0.0000    0.5774    0.0000      -0.5000   -0.2887    0.0000     1  2  1     2  1  1    1 3 2   FILD3DYN/anh_Q1.-1o2_1o2_0_Q2.-1o2_0_0_Q3.1_-1o2_0     6    23
 Reading 'FILD3DYN/anh_Q1.1o2_-1o2_0_Q2.-1o2_1_0_Q3.0_-1o2_0'...
    16   xq'    0.5000   -0.2887    0.0000       0.5000    0.2887    0.0000       0.0000   -0.5774    0.0000     2  1  1     1  2  1    1 2 3   FILD3DYN/anh_Q1.1o2_-1o2_0_Q2.-1o2_1_0_Q3.0_-1o2_0     1    24
    16   xq'    0.5000    0.2887    0.0000       0.0000   -0.5774    0.0000       0.5000   -0.2887    0.0000     1  2  1     2  2  1    2 3 1   FILD3DYN/anh_Q1.1o2_-1o2_0_Q2.-1o2_1_0_Q3.0_-1o2_0     2    24
    16   xq'    0.0000   -0.5774    0.0000       0.5000   -0.2887    0.0000       0.5000    0.2887    0.0000     2  2  1     2  1  1    3 1 2   FILD3DYN/anh_Q1.1o2_-1o2_0_Q2.-1o2_1_0_Q3.0_-1o2_0     3    24
    16   xq'    0.0000   -0.5774    0.0000       0.5000    0.2887    0.0000       0.5000   -0.2887    0.0000     2  1  1     2  2  1    3 2 1   FILD3DYN/anh_Q1.1o2_-1o2_0_Q2.-1o2_1_0_Q3.0_-1o2_0     4    24
    16   xq'    0.5000    0.2887    0.0000       0.5000   -0.2887    0.0000       0.0000   -0.5774    0.0000     2  2  1     1  2  1    2 1 3   FILD3DYN/anh_Q1.1o2_-1o2_0_Q2.-1o2_1_0_Q3.0_-1o2_0     5    24
    16   xq'    0.5000   -0.2887    0.0000       0.0000   -0.5774    0.0000       0.5000    0.2887    0.0000     1  2  1     2  1  1    1 3 2   FILD3DYN/anh_Q1.1o2_-1o2_0_Q2.-1o2_1_0_Q3.0_-1o2_0     6    24
 Reading 'FILD3DYN/anh_Q1.-1o2_1o2_0_Q2.1o2_-1o2_0_Q3.0_0_0'...
    16   xq'   -0.5000    0.2887    0.0000       0.5000   -0.2887    0.0000       0.0000    0.0000    0.0000     2  2  1     1  1  1    1 2 3   FILD3DYN/anh_Q1.-1o2_1o2_0_Q2.1o2_-1o2_0_Q3.0_0_0     1     5
    16   xq'    0.5000   -0.2887    0.0000       0.0000    0.0000    0.0000      -0.5000    0.2887    0.0000     1  1  1     2  2  1    2 3 1   FILD3DYN/anh_Q1.-1o2_1o2_0_Q2.1o2_-1o2_0_Q3.0_0_0     2     5
    16   xq'    0.0000    0.0000    0.0000      -0.5000    0.2887    0.0000       0.5000   -0.2887    0.0000     2  2  1     2  2  1    3 1 2   FILD3DYN/anh_Q1.-1o2_1o2_0_Q2.1o2_-1o2_0_Q3.0_0_0     3     5
    16   xq'    0.0000    0.0000    0.0000       0.5000   -0.2887    0.0000      -0.5000    0.2887    0.0000     2  2  1     2  2  1    3 2 1   FILD3DYN/anh_Q1.-1o2_1o2_0_Q2.1o2_-1o2_0_Q3.0_0_0     4     6
    16   xq'    0.5000   -0.2887    0.0000      -0.5000    0.2887    0.0000       0.0000    0.0000    0.0000     2  2  1     1  1  1    2 1 3   FILD3DYN/anh_Q1.-1o2_1o2_0_Q2.1o2_-1o2_0_Q3.0_0_0     5     6
    16   xq'   -0.5000    0.2887    0.0000       0.0000    0.0000    0.0000       0.5000   -0.2887    0.0000     1  1  1     2  2  1    1 3 2   FILD3DYN/anh_Q1.-1o2_1o2_0_Q2.1o2_-1o2_0_Q3.0_0_0     6     6
 Reading D3 matrices done
 Total memory used :            0 Mb
 Doing Backward FFT...
 Found          49 possible couples of R2,R3
    Sum of imaginary parts:     3.086E-03
    Average imaginary part:     1.366E-06
    Largest imaginary fraction: 1.746E-01 for  3.713E-05  -6.482E-06
    Largest imaginary part:     1.981E-05
 Backward FFT done
 Total memory used :            0 Mb
 Writing FCs to file...
 Testing Forward FFT, with imaginary part...
 (you can stop the code with CTRL-C to avoid running tests)  
   BW/FW FFT fine.
 Testing Forward FFT, without imaginary part...
    Imag:      11      0.0000     -0.5774      0.0000        -0.5000     -0.2887      0.0000        -0.5000      0.2887      0.0000         9.26971895E-05
    Imag:      12     -0.5000     -0.2887      0.0000        -0.5000      0.2887      0.0000         0.0000     -0.5774      0.0000         9.26971895E-05
    Imag:      13     -0.5000      0.2887      0.0000         0.0000     -0.5774      0.0000        -0.5000     -0.2887      0.0000         9.26971895E-05
    Imag:      14     -0.5000      0.2887      0.0000        -0.5000     -0.2887      0.0000         0.0000     -0.5774      0.0000         9.26971895E-05
    Imag:      15     -0.5000     -0.2887      0.0000         0.0000     -0.5774      0.0000        -0.5000      0.2887      0.0000         9.26971895E-05
    Imag:      16      0.0000     -0.5774      0.0000        -0.5000      0.2887      0.0000        -0.5000     -0.2887      0.0000         9.26971895E-05
   BEWARE! Possibly harmless BW/FW FFT discrepancy was found! 
   This can be caused by low cutoff energy and/or translational symmetry
   violation by GGA/PBE functionals. 
 Testing forward FFT done
