
     Program D3_toten v.7.5 starts on  8Jun2026 at 10:16:30 

     This program is part of the open-source Quantum ESPRESSO suite
     for quantum simulation of materials; please cite
         "P. Giannozzi et al., J. Phys.:Condens. Matter 21 395502 (2009);
         "P. Giannozzi et al., J. Phys.:Condens. Matter 29 465901 (2017);
         "P. Giannozzi et al., J. Chem. Phys. 152 154105 (2020);
          URL http://www.quantum-espresso.org", 
     in publications or presentations arising from this work. More details at
     http://www.quantum-espresso.org/quote

     Parallel version (MPI), running on     4 processors

     MPI processes distributed on     1 nodes
     K-points division:     npool     =       2
     R & G space division:  proc/nbgrp/npool/nimage =       2
     339 MiB available memory on the printing compute node when the environment starts

      ___  ____   __    ____  ____  ____  _  _  ___    ____  ___  
     / __)(_  _) /__\  (  _ \(_  _)(_  _)( \( )/ __)  (  _ \(__ ) 
     \__ \  )(  /(__)\  )   /  )(   _)(_  )  (( (_-.   )(_) )(_ \ 
     (___/ (__)(__)(__)(_)\_) (__) (____)(_)\_)\___/  (____/(___/ 

     Waiting for input...
  merging with command line arguments
     _____________ input start _____________
&INPUTD3Q
 ETHR_PH=  1.0000000000000001E-009,
 AMASS= 10*0.0000000000000000       ,
 PREFIX="gene                                                                                                                                                                                                                                                            ",
 OUTDIR="/home/lorenzo/espresso/D3Q/Examples/Graphene/TMP                                                                                                                                                                                                                ",
 FILDRHO_DIR="/home/lorenzo/espresso/D3Q/Examples/Graphene/FILDRHO                                                                                                                                                                                                            ",
 D3DIR="/home/lorenzo/espresso/D3Q/Examples/Graphene/TMP3                                                                                                                                                                                                               ",
 FILD3DYN="FILD3DYN/anh                                                    ",
 FILDRHO="drho_rot                                                                                                                                                                                                                                                        ",
 FILD1RHO="                                                                                                                                                                                                                                                                ",
 FILD2RHO="                                                                                                                                                                                                                                                                ",
 FILD3RHO="                                                                                                                                                                                                                                                                ",
 ISTOP=0          ,
 MODE="full                                                                                                                                                                                                                                                            ",
 IVERBOSITY=0          ,
 ONLY=-1         ,
 FIRST=-1         ,
 LAST=-1         ,
 STEP=1          ,
 OFFSET=0          ,
 SAFE_IO=F,
 RESTART=F,
 MAX_TIME= -1.0000000000000000     ,
 MAX_SECONDS=-1         ,
 PRINT_STAR=T,
 PRINT_PERM=T,
 PRINT_TREV=T,
 D3_NK1=-1         ,
 D3_NK2=-1         ,
 D3_NK3=-1         ,
 D3_K1=-1         ,
 D3_K2=-1         ,
 D3_K3=-1         ,
 D3_DEGAUSS= -1.0000000000000000     ,
 /
     _____________  input end  _____________
     Doing grid dispersion calculation
     Checking for debug instructions.
 REMARK: automatic fildrho file names enabled

     Reading xml data from directory:

     /home/lorenzo/espresso/D3Q/Examples/Graphene/TMP/gene.save/
     file C.pbe-mt_fhi.UPF: wavefunction(s)  4f renormalized

     IMPORTANT: XC functional enforced from input :
     Exchange-correlation= PBE
                           (   1   4   3   4   0   0   0)
     Any further DFT definition will be discarded
     Please, verify this is what you really want


     Parallelization info
     --------------------
     sticks:   dense  smooth     PW     G-vecs:    dense   smooth      PW
     Min         210     210     60                10060    10060    1678
     Max         211     211     61                10065    10065    1687
     Sum         421     421    121                20125    20125    3365

     Using Slab Decomposition

     Reading collected, re-writing distributed wavefunctions
     Message from routine kpoint_grid:
     ATTENTION: skip check of k-points equivalence
     Looking for irreducible triplets out of        8 possibilities:
           1:   (  0.0000  0.0000  0.0000 )   (  0.0000  0.0000  0.0000 )   ( -0.0000 -0.0000 -0.0000 )   -->_Q1.0_0_0_Q2.0_0_0_Q3.0_0_0
           2:   (  0.0000  0.0000  0.0000 )   (  0.0000 -0.5774  0.0000 )   ( -0.0000  0.5774 -0.0000 )   -->_Q1.0_0_0_Q2.0_-1o2_0_Q3.0_1o2_0
           3:   (  0.0000 -0.5774  0.0000 )   ( -0.5000 -0.2887  0.0000 )   (  0.5000  0.8660 -0.0000 )   -->_Q1.0_-1o2_0_Q2.-1o2_0_0_Q3.1o2_1o2_0
     IRREDUCIBLE NUMBER OF TRIPLETS TO COMPUTE:   3
     Setting up GGA 2nd derivative

     ===================================================
     =             Starting D3 calculation             =
     ===================================================
     =     triplet    1 (    1 of    3,   0% done)     =
     ===================================================
     =    q1 = (    0.000000   0.000000   0.000000 )   =
     =    q2 = (    0.000000   0.000000   0.000000 )   =
     =    q3 = (   -0.000000  -0.000000  -0.000000 )   =
     ===================================================
     Temporary directory set to:
       /home/lorenzo/espresso/D3Q/Examples/Graphene/TMP3//D3_Q1.0_0_0_Q2.0_0_0_Q3.0_0_0/
     SCF rho copied to D3 tmp dir
     Scanning for fildrho files...
         --> drho file for q1 found as 'drho_rot.0_0_0'
         --> drho file for q2 found as 'drho_rot.0_0_0'
         --> drho file for q3 found as 'drho_rot.0_0_0'
     ================== setup started ==================
     Special cases for qs:
       q1 = G  , q2 , -q2, q3 , -q3
       q2 = G  , q1 , -q1, q3 , -q3
       q3 = G  , q1 , -q1, q2 , -q2
       Symmetry operations:
         q1:  0  TTTTTTTTTTTTTTTTTTTTTTTTFFFFFFFFFFFFFFFFFFFFFFFF
         q2:  0  TTTTTTTTTTTTTTTTTTTTTTTTFFFFFFFFFFFFFFFFFFFFFFFF
         q3:  0  TTTTTTTTTTTTTTTTTTTTTTTTFFFFFFFFFFFFFFFFFFFFFFFF
       Symmetry common to all q vectors:
             TTTTTTTTTTTTTTTTTTTTTTTTFFFFFFFFFFFFFFFFFFFFFFFF
         -->24 symmetry operation(s) have been found
 REMARK: q -> -q symmetry yet unsupported in d3q.x
         individual q --> -q operations: FFF
       Reading patterns and q-point for q1
       Reading patterns and q-point for q2
       Reading patterns and q-point for q3
       Symmetry information for Gamma associated with q1

     Symmetry analysis done
     =================== setup done ====================



     =============== run_nscf_d3 start

     Starting non-scf calculation of ground state wavefunctions.
     Subspace diagonalization in iterative solution of the eigenvalue problem:
     a serial algorithm will be used

       * has time reversal symmetry.
     Total number of kpoints:
       --> after reducing symmetry:    10
       --> after including k+/-q_i (kunit):    10 (1)

     --> output from 'electrons' written to /home/lorenzo/espresso/D3Q/Examples/Graphene/TMP3//nscf_Q1.0_0_0_Q2.0_0_0_Q3.0_0_0.out

     Writing all to output data dir /home/lorenzo/espresso/D3Q/Examples/Graphene/TMP3//D3_Q1.0_0_0_Q2.0_0_0_Q3.0_0_0/gene.save/ :
     XML data file, pseudopotentials, collected wavefunctions

     =============== run_nscf_d3 done

     =============== allocate_d3 start

     =============== allocate_d3 done

     ============== openfile_drho start

     Opening files of charge density derivative.
         q1 --> opening: drho_rot.0_0_0
         q2 --> not opening: drho_rot.0_0_0
         q3 --> not opening: drho_rot.0_0_0

     ============== openfile_drho done

     ================ openfild3 start

     ================ openfild3 done
     u: 301   recl:     93750   ext:                 drho_rot.0_0_0   tmp: /home/lorenzo/espresso/D3Q/Examples/Graphene/FILDRHO/
     u:  20   recl:     20256   ext:                            wfc   tmp: /home/lorenzo/espresso/D3Q/Examples/Graphene/TMP3//D3_Q1.0_0_0_Q2.0_0_0_Q3.0_0_0/
     u:5011   recl:     20256   ext:                        dq1pq1.   tmp: /home/lorenzo/espresso/D3Q/Examples/Graphene/TMP3//D3_Q1.0_0_0_Q2.0_0_0_Q3.0_0_0/
     u:6011   recl:       128   ext:                      pdvq1pq1.   tmp: /home/lorenzo/espresso/D3Q/Examples/Graphene/TMP3//D3_Q1.0_0_0_Q2.0_0_0_Q3.0_0_0/
     u:7011   recl:       128   ext:                     dpq1dvq1p.   tmp: /home/lorenzo/espresso/D3Q/Examples/Graphene/TMP3//D3_Q1.0_0_0_Q2.0_0_0_Q3.0_0_0/

     ================= d3_init start

Possibly too few bands at point    1   0.00000   0.00000   0.00000

Possibly too few bands at point    2   0.00000   0.14434   0.00000

Possibly too few bands at point    3   0.00000   0.28868   0.00000
     alpha_pv:      2.1350

     ================= d3_init done

     ========== d3_check_permutations start
     Looking for equivalent permutations of q vectors
       Permutation 1 (123) has to be computed explicitly
       Permutation 2 (132) can be obtained from 1 (123) 
       Permutation 3 (213) can be obtained from 1 (123) 
       Permutation 4 (231) can be obtained from 1 (123) 
       Permutation 5 (312) can be obtained from 1 (123) 
       Permutation 6 (321) can be obtained from 1 (123) 
     1 inequivalent permutations were found

     ========== d3_check_permutations done
     D3_toten     :      0.59s CPU      0.64s WALL


     ================== add core start

     Adding derivative of core charge
     d3_add_rho_core   cpu time:     0.64 sec    Total time:        0.64 sec

     ================== add core done

     ===================================================
     = Nscf calculation of the perturbed wavefunctions =
     ===================================================

     Computing P_c^q1 |d^q1 psi_k>
           --> E_f shift (prt: Ry/eV) =  1:        0.0000   0.000 /        0.0000   0.000
         pert=    1     time taken/total=      0.3/      0.9 secs     av.it.  16.5
           --> E_f shift (prt: Ry/eV) =  1:        0.0000   0.000 /        0.0000   0.000
                                         2:       -0.0000   0.000 /       -0.0000   0.000
         pert=    2     time taken/total=      0.7/      1.6 secs     av.it.  18.6
           --> E_f shift (prt: Ry/eV) =  1:        0.0000   0.000 /        0.0000   0.000
         pert=    3     time taken/total=      0.3/      2.0 secs     av.it.  16.7
           --> E_f shift (prt: Ry/eV) =  1:       -0.0000   0.000 /       -0.0000   0.000
                                         2:       -0.0000   0.000 /       -0.0000   0.000
         pert=    4     time taken/total=      0.7/      2.7 secs     av.it.  18.4
       Gamma-Gamma perturbation and for metal: E_Fermi shift has been computed.

     Skipping P_c^G |d^q1 psi_k-q1>
       --> already done as P_c^q1 |d^q1 psi_k+q1>

     Skipping P_c^-q1 |d^-q1 psi_k>
       --> already done as P_c^q1 |d^q1 psi_k+q1>

     Skipping P_c^G |d^-q1 psi_k+q1>
       --> already done as P_c^q1 |d^q1 psi_k+q1>

     Skipping <psi_k+q2 |d^q2V| psi_k>
       --> already done as <psi_k+q1 |d^q1V| psi_k+q1>

     Skipping <psi_k |d^q2V| psi_k-q2>
       --> already done as <psi_k+q1 |d^q1V| psi_k+q1>

     Skipping P_c^-q2 |d^-q2 psi_k>
       --> already done as P_c^q1 |d^q1 psi_k+q1>

     Skipping P_c^G |d^-q2 psi_k+q2>
       --> already done as P_c^q1 |d^q1 psi_k+q1>

     Skipping <psi_k+q3 |d^q3V| psi_k>
       --> already done as <psi_k+q1 |d^q1V| psi_k+q1>

     Skipping <psi_k |d^q3V| psi_k-q3>
       --> already done as <psi_k+q1 |d^q1V| psi_k+q1>

     Skipping P_c^-q3 |d^-q3 psi_k>
       --> already done as P_c^q1 |d^q1 psi_k+q1>

     Skipping P_c^G |d^-q3 psi_k+q3>
       --> already done as P_c^q1 |d^q1 psi_k+q1>

     Skipping <psi_k-q3 |d^q1V| psi_k+q2>
       --> already done as <psi_k+q1 |d^q1V| psi_k+q1>

     Skipping <psi_k-q2 |d^q1V| psi_k+q3>
       --> already done as <psi_k+q1 |d^q1V| psi_k+q1>

     Skipping <psi_k-q3 |d^q2V| psi_k+q1>
       --> already done as <psi_k+q1 |d^q1V| psi_k+q1>

     Skipping <psi_k-q1 |d^q2V| psi_k+q3>
       --> already done as <psi_k+q1 |d^q1V| psi_k+q1>

     Skipping <psi_k-q2 |d^q3V| psi_k+q1>
       --> already done as <psi_k+q1 |d^q1V| psi_k+q1>

     Skipping <psi_k-q1 |d^q3V| psi_k+q2>
       --> already done as <psi_k+q1 |d^q1V| psi_k+q1>


     generate_dwfc   cpu time:     2.02 sec    Total time:        2.65 sec

     ================== nscf dpsi done =================


     ================== precomp start

     Pre-computing < Pc dpsi_(k+X)/du(-X)| dH/du(Y) | psi_k-Y >
       < Pc d^-q1 psi_k+q1| d-q2 V | psi_k+q2 >
       Skipping: < Pc d^-q1 psi_k+q1| d-q3 V | psi_k+q3 >
         --> already done as < Pc d^-q1 psi_k+q1| dq1 V | psi_k-q1 >
       Skipping: < Pc d^-q2 psi_k+q2| d-q1 V | psi_k+q1 >
         --> already done as < Pc d^-q1 psi_k+q1| dq1 V | psi_k-q1 >
       Skipping: < Pc d^-q2 psi_k+q2| d-q3 V | psi_k+q3 >
         --> already done as < Pc d^-q1 psi_k+q1| dq1 V | psi_k-q1 >
       Skipping: < Pc d^-q3 psi_k+q3| d-q1 V | psi_k+q1 >
         --> already done as < Pc d^-q1 psi_k+q1| dq1 V | psi_k-q1 >
       Skipping: < Pc d^-q3 psi_k+q3| d-q2 V | psi_k+q2 >
         --> already done as < Pc d^-q1 psi_k+q1| dq1 V | psi_k-q1 >
       Skipping: < Pc d^q1 psi_k-q1| dq2 V | psi_k-q2 >
         --> already done as < Pc d^-q1 psi_k+q1| dq1 V | psi_k-q1 >
       Skipping: < Pc d^q1 psi_k-q1| dq3 V | psi_k-q3 >
         --> already done as < Pc d^-q1 psi_k+q1| dq1 V | psi_k-q1 >
       Skipping: < Pc d^q2 psi_k-q2| dq1 V | psi_k-q1 >
         --> already done as < Pc d^-q1 psi_k+q1| dq1 V | psi_k-q1 >
       Skipping: < Pc d^q2 psi_k-q2| dq3 V | psi_k-q3 >
         --> already done as < Pc d^-q1 psi_k+q1| dq1 V | psi_k-q1 >
       Skipping: < Pc d^q3 psi_k-q3| dq1 V | psi_k-q1 >
         --> already done as < Pc d^-q1 psi_k+q1| dq1 V | psi_k-q1 >
       Skipping: < Pc d^q3 psi_k-q3| dq2 V | psi_k-q2 >
         --> already done as < Pc d^-q1 psi_k+q1| dq1 V | psi_k-q1 >
       Additional term to precompute for valence contribution:
         none necessary for Gamma-only
     gen_dpsi1dv2psi     cpu time:     0.32 sec    Total time:        2.97 sec

     ================== precomp done

     ================== dpdvdp start

     Calculating the matrix elements <dpsi |dH |dpsi>
       <d^-q3 psi_k|d^q2  V|d^q1  psi_k>
     dpsi1dv2dpsi3 cpu time:     1.58 sec    Total time:        4.55 sec

     ================== dpdvdp done

     ================== dpdpdv start

     Calculating the matrix elements <dpsi|dpsi>< psi|dH|psi> 
       <d_-q3 psi_k+q3| d_q1 psi_k-q1> <psi_k-q1|d_q2 H|psi_k+q3>
     dpsi1dpsi2dv3 cpu time:     0.02 sec    Total time:        4.57 sec

     ================== dpdpdv done

     ================== dpd2v start

     Calculating the matrix elements <psi |d^2 v |dpsi>
       <d_q1 psi_k| d^2_(q2,q3) V|psi_k>
          -> skipping null Efermi_shift correction for |d^G psi_k>
     drhod2v       cpu time:     0.55 sec    Total time:        5.12 sec

     ================== dpd2v done

     =================== rho d3v start =================


     Calculating the matrix elements <psi |d^3v |psi>
     d3vrho        cpu time:     0.26 sec    Total time:        5.38 sec

     =================== rho d3v done ==================


     ================== ewald start

     Calculating the Ewald contribution

     Alpha used in Ewald sum =   2.61
     d3ionq        cpu time:     0.08 sec    Total time:        5.46 sec

     ================== ewald done

     ================== valence start

     Calculating the valence contribution
     Computing 3-terms valence contribution   1  2  3
     Doing d3_valence_ij:  1 2 3
       Computing Gamma-only terms
     d3_valence    cpu time:     0.00 sec    Total time:        5.46 sec

     ================== valence done

     ================ exc contrib start

     Calculating the exchange-correlation contribution with GGA
       q1 q2 q3 
     d3_exc        cpu time:     0.18 sec    Total time:        5.64 sec

     ================ exc contrib done

     =============== computing D3 start

     Symmetrizing and writing the tensor to disc

     CALLing d3matrix
       * imposing hermiticity on idx 2,3
       * imposing hermiticity on idx 1,3
       * imposing hermiticity on idx 1,2
       * symmetrizing with 24 sym.ops.
       point #  1  : star #  1  perm #  1 ( 1 2 3 )
      -->FILD3DYN/anh_Q1.0_0_0_Q2.0_0_0_Q3.0_0_0
     d3matrix      cpu time:     0.00 sec    Total time:        5.64 sec

     =============== computing D3 done

     ================== cleanup start

     D3TOTEN      :      5.43s CPU      5.63s WALL (       1 calls)
     --> wfc and dwfc
     nscf         :      0.38s CPU      0.40s WALL (       1 calls)
     generate_dwf :      1.94s CPU      2.02s WALL (       1 calls)
     --> matrix elements
     dpsi1dv2dpsi :      1.54s CPU      1.58s WALL (       1 calls)
     dpsi1dpsi2dv :      0.02s CPU      0.02s WALL (       1 calls)
     dq1rhodq23v  :      0.54s CPU      0.55s WALL (       1 calls)
     rhodq123v    :      0.26s CPU      0.26s WALL (       1 calls)
     d3ionq       :      0.08s CPU      0.08s WALL (       1 calls)
     d3_smr_ijk   :      0.00s CPU      0.00s WALL (       1 calls)
     d3_smr_ij    :      0.15s CPU      0.18s WALL (       1 calls)
     d3_smr_gamma :      0.00s CPU      0.00s WALL (       1 calls)
     d3matrix     :      0.00s CPU      0.00s WALL (       1 calls)
     --> total I/O
     davcio       :      0.03s CPU      0.04s WALL (    3747 calls)

     ================== cleanup done

     ===================================================
     =             Starting D3 calculation             =
     ===================================================
     =     triplet    2 (    2 of    3,  33% done)     =
     ===================================================
     =    q1 = (    0.000000   0.000000   0.000000 )   =
     =    q2 = (    0.000000  -0.577350   0.000000 )   =
     =    q3 = (   -0.000000   0.577350  -0.000000 )   =
     ===================================================
     Temporary directory set to:
       /home/lorenzo/espresso/D3Q/Examples/Graphene/TMP3//D3_Q1.0_0_0_Q2.0_-1o2_0_Q3.0_1o2_0/
     SCF rho copied to D3 tmp dir
     Scanning for fildrho files...
         --> drho file for q1 found as 'drho_rot.0_0_0'
         --> drho file for q2 found as 'drho_rot.0_-1o2_0'
         --> drho file for q3 found as 'drho_rot.0_-1o2_0'
     ================== setup started ==================
     Special cases for qs:
       q1 = G
       q2 = -q3
       q3 = -q2
       Symmetry operations:
         q1: 24  TTTTTTTTTTTTTTTTTTTTTTTTFFFFFFFFFFFFFFFFFFFFFFFF
         q2: 24  TTTTFFFFFFFFTTTTFFFFFFFFFFFFFFFFFFFFFFFFFFFFFFFF
         q3: 24  TTTTFFFFFFFFTTTTFFFFFFFFFFFFFFFFFFFFFFFFFFFFFFFF
       Symmetry common to all q vectors:
             TTTTFFFFFFFFTTTTFFFFFFFFFFFFFFFFFFFFFFFFFFFFFFFF
         --> 8 symmetry operation(s) have been found
 REMARK: q -> -q symmetry yet unsupported in d3q.x
         individual q --> -q operations: FFF
       Reading patterns and q-point for q1
       Reading patterns and q-point for q2
       Reading patterns and q-point for q3
         --> taking c.c. of patterns for q3
       Symmetry information for Gamma associated with q1

     Symmetry analysis done
     =================== setup done ====================



     =============== run_nscf_d3 start

     Starting non-scf calculation of ground state wavefunctions.

     WARNING: check_stop already initialized
       * has time reversal symmetry.
     Total number of kpoints:
       --> after reducing symmetry:    21
       --> after including k+/-q_i (kunit):    63 (3)

     --> output from 'electrons' written to /home/lorenzo/espresso/D3Q/Examples/Graphene/TMP3//nscf_Q1.0_0_0_Q2.0_-1o2_0_Q3.0_1o2_0.out

     Writing all to output data dir /home/lorenzo/espresso/D3Q/Examples/Graphene/TMP3//D3_Q1.0_0_0_Q2.0_-1o2_0_Q3.0_1o2_0/gene.save/ :
     XML data file, pseudopotentials, collected wavefunctions

     =============== run_nscf_d3 done

     =============== allocate_d3 start

     =============== allocate_d3 done

     ============== openfile_drho start

     Opening files of charge density derivative.
         q1 --> opening: drho_rot.0_0_0
         q2 --> opening: drho_rot.0_-1o2_0
         q3 --> not opening: drho_rot.0_-1o2_0

     ============== openfile_drho done

     ================ openfild3 start

     ================ openfild3 done
     u: 301   recl:     93750   ext:                 drho_rot.0_0_0   tmp: /home/lorenzo/espresso/D3Q/Examples/Graphene/FILDRHO/
     u: 302   recl:     93750   ext:              drho_rot.0_-1o2_0   tmp: /home/lorenzo/espresso/D3Q/Examples/Graphene/FILDRHO/
     u:  20   recl:     22016   ext:                            wfc   tmp: /home/lorenzo/espresso/D3Q/Examples/Graphene/TMP3//D3_Q1.0_0_0_Q2.0_-1o2_0_Q3.0_1o2_0/
     u:5022   recl:     22016   ext:                        dq2pq2.   tmp: /home/lorenzo/espresso/D3Q/Examples/Graphene/TMP3//D3_Q1.0_0_0_Q2.0_-1o2_0_Q3.0_1o2_0/
     u:6022   recl:       128   ext:                      pdvq2pq2.   tmp: /home/lorenzo/espresso/D3Q/Examples/Graphene/TMP3//D3_Q1.0_0_0_Q2.0_-1o2_0_Q3.0_1o2_0/
     u:7022   recl:       128   ext:                     dpq2dvq2p.   tmp: /home/lorenzo/espresso/D3Q/Examples/Graphene/TMP3//D3_Q1.0_0_0_Q2.0_-1o2_0_Q3.0_1o2_0/
     u:5023   recl:     22016   ext:                        dq2pq3.   tmp: /home/lorenzo/espresso/D3Q/Examples/Graphene/TMP3//D3_Q1.0_0_0_Q2.0_-1o2_0_Q3.0_1o2_0/
     u:6023   recl:       128   ext:                      pdvq2pq3.   tmp: /home/lorenzo/espresso/D3Q/Examples/Graphene/TMP3//D3_Q1.0_0_0_Q2.0_-1o2_0_Q3.0_1o2_0/
     u:7023   recl:       128   ext:                     dpq3dvq2p.   tmp: /home/lorenzo/espresso/D3Q/Examples/Graphene/TMP3//D3_Q1.0_0_0_Q2.0_-1o2_0_Q3.0_1o2_0/
     u:5021   recl:     22016   ext:                        dq2pq1.   tmp: /home/lorenzo/espresso/D3Q/Examples/Graphene/TMP3//D3_Q1.0_0_0_Q2.0_-1o2_0_Q3.0_1o2_0/
     u:6021   recl:       128   ext:                      pdvq2pq1.   tmp: /home/lorenzo/espresso/D3Q/Examples/Graphene/TMP3//D3_Q1.0_0_0_Q2.0_-1o2_0_Q3.0_1o2_0/
     u:7021   recl:       128   ext:                     dpq1dvq2p.   tmp: /home/lorenzo/espresso/D3Q/Examples/Graphene/TMP3//D3_Q1.0_0_0_Q2.0_-1o2_0_Q3.0_1o2_0/
     u:5032   recl:     22016   ext:                        dq3pq2.   tmp: /home/lorenzo/espresso/D3Q/Examples/Graphene/TMP3//D3_Q1.0_0_0_Q2.0_-1o2_0_Q3.0_1o2_0/
     u:6032   recl:       128   ext:                      pdvq3pq2.   tmp: /home/lorenzo/espresso/D3Q/Examples/Graphene/TMP3//D3_Q1.0_0_0_Q2.0_-1o2_0_Q3.0_1o2_0/
     u:7032   recl:       128   ext:                     dpq2dvq3p.   tmp: /home/lorenzo/espresso/D3Q/Examples/Graphene/TMP3//D3_Q1.0_0_0_Q2.0_-1o2_0_Q3.0_1o2_0/
     u:5033   recl:     22016   ext:                        dq3pq3.   tmp: /home/lorenzo/espresso/D3Q/Examples/Graphene/TMP3//D3_Q1.0_0_0_Q2.0_-1o2_0_Q3.0_1o2_0/
     u:6033   recl:       128   ext:                      pdvq3pq3.   tmp: /home/lorenzo/espresso/D3Q/Examples/Graphene/TMP3//D3_Q1.0_0_0_Q2.0_-1o2_0_Q3.0_1o2_0/
     u:7033   recl:       128   ext:                     dpq3dvq3p.   tmp: /home/lorenzo/espresso/D3Q/Examples/Graphene/TMP3//D3_Q1.0_0_0_Q2.0_-1o2_0_Q3.0_1o2_0/
     u:5031   recl:     22016   ext:                        dq3pq1.   tmp: /home/lorenzo/espresso/D3Q/Examples/Graphene/TMP3//D3_Q1.0_0_0_Q2.0_-1o2_0_Q3.0_1o2_0/
     u:6031   recl:       128   ext:                      pdvq3pq1.   tmp: /home/lorenzo/espresso/D3Q/Examples/Graphene/TMP3//D3_Q1.0_0_0_Q2.0_-1o2_0_Q3.0_1o2_0/
     u:7031   recl:       128   ext:                     dpq1dvq3p.   tmp: /home/lorenzo/espresso/D3Q/Examples/Graphene/TMP3//D3_Q1.0_0_0_Q2.0_-1o2_0_Q3.0_1o2_0/
     u:5012   recl:     22016   ext:                        dq1pq2.   tmp: /home/lorenzo/espresso/D3Q/Examples/Graphene/TMP3//D3_Q1.0_0_0_Q2.0_-1o2_0_Q3.0_1o2_0/
     u:6012   recl:       128   ext:                      pdvq1pq2.   tmp: /home/lorenzo/espresso/D3Q/Examples/Graphene/TMP3//D3_Q1.0_0_0_Q2.0_-1o2_0_Q3.0_1o2_0/
     u:7012   recl:       128   ext:                     dpq2dvq1p.   tmp: /home/lorenzo/espresso/D3Q/Examples/Graphene/TMP3//D3_Q1.0_0_0_Q2.0_-1o2_0_Q3.0_1o2_0/
     u:5013   recl:     22016   ext:                        dq1pq3.   tmp: /home/lorenzo/espresso/D3Q/Examples/Graphene/TMP3//D3_Q1.0_0_0_Q2.0_-1o2_0_Q3.0_1o2_0/
     u:6013   recl:       128   ext:                      pdvq1pq3.   tmp: /home/lorenzo/espresso/D3Q/Examples/Graphene/TMP3//D3_Q1.0_0_0_Q2.0_-1o2_0_Q3.0_1o2_0/
     u:7013   recl:       128   ext:                     dpq3dvq1p.   tmp: /home/lorenzo/espresso/D3Q/Examples/Graphene/TMP3//D3_Q1.0_0_0_Q2.0_-1o2_0_Q3.0_1o2_0/
     u:5011   recl:     22016   ext:                        dq1pq1.   tmp: /home/lorenzo/espresso/D3Q/Examples/Graphene/TMP3//D3_Q1.0_0_0_Q2.0_-1o2_0_Q3.0_1o2_0/
     u:6011   recl:       128   ext:                      pdvq1pq1.   tmp: /home/lorenzo/espresso/D3Q/Examples/Graphene/TMP3//D3_Q1.0_0_0_Q2.0_-1o2_0_Q3.0_1o2_0/
     u:7011   recl:       128   ext:                     dpq1dvq1p.   tmp: /home/lorenzo/espresso/D3Q/Examples/Graphene/TMP3//D3_Q1.0_0_0_Q2.0_-1o2_0_Q3.0_1o2_0/
     u:8001   recl:       128   ext:                         dpvp1.   tmp: /home/lorenzo/espresso/D3Q/Examples/Graphene/TMP3//D3_Q1.0_0_0_Q2.0_-1o2_0_Q3.0_1o2_0/
     u:8002   recl:       128   ext:                         dpvp2.   tmp: /home/lorenzo/espresso/D3Q/Examples/Graphene/TMP3//D3_Q1.0_0_0_Q2.0_-1o2_0_Q3.0_1o2_0/
     u:8003   recl:       128   ext:                         dpvp3.   tmp: /home/lorenzo/espresso/D3Q/Examples/Graphene/TMP3//D3_Q1.0_0_0_Q2.0_-1o2_0_Q3.0_1o2_0/

     ================= d3_init start

Possibly too few bands at point    1   0.00000   0.00000   0.00000

Possibly too few bands at point    2   0.00000   0.14434   0.00000

Possibly too few bands at point    3   0.00000   0.28868   0.00000

Possibly too few bands at point   11  -0.12500  -0.07217   0.00000

Possibly too few bands at point   14   0.00000  -0.28868   0.00000

Possibly too few bands at point   15   0.00000  -0.14434   0.00000

Possibly too few bands at point   16   0.00000  -1.15470   0.00000

Possibly too few bands at point   19   0.12500  -0.07217   0.00000

Possibly too few bands at point   20   0.25000  -0.14434   0.00000

Possibly too few bands at point   25   0.00000   0.86603   0.00000

Possibly too few bands at point   26   0.00000   1.01036   0.00000

Possibly too few bands at point   27   0.00000   0.00000   0.00000

Possibly too few bands at point   30   0.12500   1.08253   0.00000

Possibly too few bands at point   31   0.25000   1.01036   0.00000
     alpha_pv:      2.1350

     ================= d3_init done

     ========== d3_check_permutations start
     Looking for equivalent permutations of q vectors
       Permutation 1 (123) has to be computed explicitly
       Permutation 2 (132) can be obtained from 1 (123) with c.c.
       Permutation 3 (213) has to be computed explicitly
       Permutation 4 (231) has to be computed explicitly
       Permutation 5 (312) can be obtained from 3 (213) with c.c.
       Permutation 6 (321) can be obtained from 4 (231) with c.c.
     3 inequivalent permutations were found

     ========== d3_check_permutations done
     D3_toten     :      7.82s CPU      8.14s WALL


     ================== add core start

     Adding derivative of core charge
     d3_add_rho_core   cpu time:     2.50 sec    Total time:        8.14 sec

     ================== add core done

     ===================================================
     = Nscf calculation of the perturbed wavefunctions =
     ===================================================

     Computing P_c^q1 |d^q1 psi_k>
           --> E_f shift (prt: Ry/eV) =  1:        0.0000   0.000 /        0.0000   0.000
         pert=    1     time taken/total=      0.7/      8.8 secs     av.it.  16.9
           --> E_f shift (prt: Ry/eV) =  1:       -0.0000   0.000 /       -0.0004   0.000
                                         2:        0.0000   0.000 /        0.0000   0.000
         pert=    2     time taken/total=      1.6/     10.4 secs     av.it.  19.1
           --> E_f shift (prt: Ry/eV) =  1:        0.0000   0.000 /        0.0000   0.000
         pert=    3     time taken/total=      0.7/     11.1 secs     av.it.  17.1
           --> E_f shift (prt: Ry/eV) =  1:       -0.0000   0.000 /       -0.0000   0.000
                                         2:        0.0000   0.000 /        0.0000   0.000
         pert=    4     time taken/total=      1.6/     12.7 secs     av.it.  19.0
       Gamma-Gamma perturbation and for metal: E_Fermi shift has been computed.

     Skipping P_c^G |d^q1 psi_k-q1>
       --> already done as P_c^q1 |d^q1 psi_k+q1>

     Skipping P_c^-q1 |d^-q1 psi_k>
       --> already done as P_c^q1 |d^q1 psi_k+q1>

     Skipping P_c^G |d^-q1 psi_k+q1>
       --> already done as P_c^q1 |d^q1 psi_k+q1>

     Computing P_c^q2 |d^q2 psi_k>
         pert=    1     time taken/total=      0.7/     13.4 secs     av.it.  18.6
         pert=    2     time taken/total=      0.7/     14.1 secs     av.it.  17.7
         pert=    3     time taken/total=      0.7/     14.7 secs     av.it.  17.5
         pert=    4     time taken/total=      0.7/     15.4 secs     av.it.  17.6
         pert=    5     time taken/total=      0.7/     16.2 secs     av.it.  18.7
         pert=    6     time taken/total=      0.7/     16.8 secs     av.it.  17.9

     Computing P_c^G |d^q2 psi_k-q2>
         pert=    1     time taken/total=      0.7/     17.6 secs     av.it.  18.6
         pert=    2     time taken/total=      0.7/     18.2 secs     av.it.  17.6
         pert=    3     time taken/total=      0.7/     19.0 secs     av.it.  17.4
         pert=    4     time taken/total=      0.7/     19.7 secs     av.it.  17.5
         pert=    5     time taken/total=      0.7/     20.4 secs     av.it.  18.6
         pert=    6     time taken/total=      0.7/     21.1 secs     av.it.  17.9

     Computing <psi_k-q2 |d^-q2V| psi_k>

     Computing <psi_k |d^-q2V| psi_k+q2>

     Skipping <psi_k+q3 |d^q3V| psi_k>
       --> already done as <psi_k+q3 |d^q3V| psi_k+q1>

     Skipping <psi_k |d^q3V| psi_k-q3>
       --> already done as <psi_k+q1 |d^q3V| psi_k+q2>

     Skipping P_c^-q3 |d^-q3 psi_k>
       --> already done as P_c^q2 |d^q2 psi_k+q1>

     Skipping P_c^G |d^-q3 psi_k+q3>
       --> already done as P_c^q1 |d^q2 psi_k+q3>

     Computing <psi_k-q3 |d^q1V| psi_k+q2>

     Computing <psi_k-q2 |d^q1V| psi_k+q3>

     Skipping <psi_k-q3 |d^q2V| psi_k+q1>
       --> already done as <psi_k+q2 |d^q2V| psi_k+q1>

     Skipping <psi_k-q1 |d^q2V| psi_k+q3>
       --> already done as <psi_k+q1 |d^q2V| psi_k+q3>

     Skipping <psi_k-q2 |d^q3V| psi_k+q1>
       --> already done as <psi_k+q3 |d^q3V| psi_k+q1>

     Skipping <psi_k-q1 |d^q3V| psi_k+q2>
       --> already done as <psi_k+q1 |d^q3V| psi_k+q2>


     generate_dwfc   cpu time:    15.61 sec    Total time:       23.75 sec

     ================== nscf dpsi done =================


     ================== precomp start

     Pre-computing < Pc dpsi_(k+X)/du(-X)| dH/du(Y) | psi_k-Y >
       < Pc d^-q1 psi_k+q1| d-q2 V | psi_k+q2 >
       < Pc d^-q1 psi_k+q1| d-q3 V | psi_k+q3 >
       < Pc d^-q2 psi_k+q2| d-q1 V | psi_k+q1 >
       < Pc d^-q2 psi_k+q2| d-q3 V | psi_k+q3 >
       Skipping: < Pc d^-q3 psi_k+q3| d-q1 V | psi_k+q1 >
         --> Wavefunction derivative not available (special case: q_x==Gamma)
       Skipping: < Pc d^-q3 psi_k+q3| d-q2 V | psi_k+q2 >
         --> Wavefunction derivative not available (special case: q_x==Gamma)
       Skipping: < Pc d^q1 psi_k-q1| dq2 V | psi_k-q2 >
         --> already done as < Pc d^-q1 psi_k+q1| dq2 V | psi_k-q2 >
       Skipping: < Pc d^q1 psi_k-q1| dq3 V | psi_k-q3 >
         --> already done as < Pc d^-q1 psi_k+q1| dq3 V | psi_k-q3 >
       Skipping: < Pc d^q2 psi_k-q2| dq1 V | psi_k-q1 >
         --> Wavefunction derivative not available (special case: q_x==Gamma)
       Skipping: < Pc d^q2 psi_k-q2| dq3 V | psi_k-q3 >
         --> Wavefunction derivative not available (special case: q_x==Gamma)
       Skipping: < Pc d^q3 psi_k-q3| dq1 V | psi_k-q1 >
         --> already done as < Pc d^-q2 psi_k+q2| dq1 V | psi_k-q1 >
       Skipping: < Pc d^q3 psi_k-q3| dq2 V | psi_k-q2 >
         --> already done as < Pc d^-q2 psi_k+q2| dq2 V | psi_k-q2 >
       Additional term to precompute for valence contribution:
       < Pc dpsi_k/du(-q2)| dH/du(q2) | psi_k >
     gen_dpsi1dv2psi     cpu time:     3.40 sec    Total time:       27.15 sec

     ================== precomp done

     ================== dpdvdp start

     Calculating the matrix elements <dpsi |dH |dpsi>
       <d^-q3 psi_k|d^q2  V|d^q1  psi_k>
       <d^-q3 psi_k|d^q1  V|d^q2  psi_k>
       <d^-q1 psi_k|d^q3  V|d^q2  psi_k>
     dpsi1dv2dpsi3 cpu time:    10.57 sec    Total time:       37.72 sec

     ================== dpdvdp done

     ================== dpdpdv start

     Calculating the matrix elements <dpsi|dpsi>< psi|dH|psi> 
       <d_-q3 psi_k+q3| d_q1 psi_k-q1> <psi_k-q1|d_q2 H|psi_k+q3>
       <d_-q3 psi_k+q3| d_q2 psi_k-q2> <psi_k-q2|d_q1 H|psi_k+q3>
       <d_-q1 psi_k+q1| d_q2 psi_k-q2> <psi_k-q2|d_q3 H|psi_k+q1>
     dpsi1dpsi2dv3 cpu time:     0.12 sec    Total time:       37.85 sec

     ================== dpdpdv done

     ================== dpd2v start

     Calculating the matrix elements <psi |d^2 v |dpsi>
       <d_q1 psi_k| d^2_(q2,q3) V|psi_k>
          -> skipping null Efermi_shift correction for |d^G psi_k>
       <d_q2 psi_k| d^2_(q1,q3) V|psi_k>
     drhod2v       cpu time:     2.43 sec    Total time:       40.28 sec

     ================== dpd2v done

     =================== rho d3v start =================


     Calculating the matrix elements <psi |d^3v |psi>
     d3vrho        cpu time:     0.51 sec    Total time:       40.79 sec

     =================== rho d3v done ==================


     ================== ewald start

     Calculating the Ewald contribution

     Alpha used in Ewald sum =   2.61
     d3ionq        cpu time:     0.08 sec    Total time:       40.87 sec

     ================== ewald done

     ================== valence start

     Calculating the valence contribution
     Computing 3-terms valence contribution   1  2  3
     Computing 3-terms valence contribution   2  1  3
     Computing 3-terms valence contribution   2  3  1
     Doing d3_valence_ij:  1 2 3
     d3_valence    cpu time:     0.03 sec    Total time:       40.90 sec

     ================== valence done

     ================ exc contrib start

     Calculating the exchange-correlation contribution with GGA
       q1 q2 q3 
       q2 q1 q3 
       q2 q3 q1 
     d3_exc        cpu time:     0.54 sec    Total time:       41.44 sec

     ================ exc contrib done

     =============== computing D3 start

     Symmetrizing and writing the tensor to disc

     CALLing d3matrix
       * imposing hermiticity on idx 2,3
       * symmetrizing with  8 sym.ops.
       point #  1  : star #  1  perm #  1 ( 1 2 3 )
      -->FILD3DYN/anh_Q1.0_0_0_Q2.0_-1o2_0_Q3.0_1o2_0
       point #  2  : star #  1  perm #  2 ( 2 1 3 )
      -->FILD3DYN/anh_Q1.0_-1o2_0_Q2.0_0_0_Q3.0_1o2_0
       point #  3  : star #  1  perm #  3 ( 2 3 1 )
      -->FILD3DYN/anh_Q1.0_-1o2_0_Q2.0_1o2_0_Q3.0_0_0
       point #  4  : star #  2  perm #  1 ( 1 2 3 )
      -->FILD3DYN/anh_Q1.0_0_0_Q2.1o2_0_0_Q3.-1o2_0_0
       point #  5  : star #  2  perm #  2 ( 2 1 3 )
      -->FILD3DYN/anh_Q1.1o2_0_0_Q2.0_0_0_Q3.-1o2_0_0
       point #  6  : star #  2  perm #  3 ( 2 3 1 )
      -->FILD3DYN/anh_Q1.1o2_0_0_Q2.-1o2_0_0_Q3.0_0_0
       point #  7  : star #  3  perm #  1 ( 1 2 3 )
      -->FILD3DYN/anh_Q1.0_0_0_Q2.-1o2_1o2_0_Q3.1o2_-1o2_0
       point #  8  : star #  3  perm #  2 ( 2 1 3 )
      -->FILD3DYN/anh_Q1.-1o2_1o2_0_Q2.0_0_0_Q3.1o2_-1o2_0
       point #  9  : star #  3  perm #  3 ( 2 3 1 )
      -->FILD3DYN/anh_Q1.-1o2_1o2_0_Q2.1o2_-1o2_0_Q3.0_0_0
     d3matrix      cpu time:     0.00 sec    Total time:       41.44 sec

     =============== computing D3 done

     ================== cleanup start

     D3TOTEN      :     39.90s CPU     41.43s WALL (       2 calls)
     --> wfc and dwfc
     nscf         :      2.74s CPU      2.84s WALL (       2 calls)
     generate_dwf :     16.87s CPU     17.63s WALL (       2 calls)
     --> matrix elements
     dpsi1dv2dpsi :     11.87s CPU     12.16s WALL (       4 calls)
     dpsi1dpsi2dv :      0.13s CPU      0.14s WALL (       4 calls)
     dq1rhodq23v  :      2.95s CPU      2.98s WALL (       3 calls)
     rhodq123v    :      0.77s CPU      0.77s WALL (       2 calls)
     d3ionq       :      0.16s CPU      0.16s WALL (       2 calls)
     d3_smr_ijk   :      0.03s CPU      0.03s WALL (       4 calls)
     d3_smr_ij    :     34.18s CPU     35.44s WALL (       2 calls)
     d3_smr_gamma :      0.00s CPU      0.00s WALL (       1 calls)
     d3matrix     :      0.00s CPU      0.00s WALL (       2 calls)
     --> total I/O
     davcio       :      0.21s CPU      0.26s WALL (   30231 calls)

     ================== cleanup done

     ===================================================
     =             Starting D3 calculation             =
     ===================================================
     =     triplet    3 (    3 of    3,  67% done)     =
     ===================================================
     =    q1 = (    0.000000  -0.577350   0.000000 )   =
     =    q2 = (   -0.500000  -0.288675   0.000000 )   =
     =    q3 = (    0.500000   0.866025  -0.000000 )   =
     ===================================================
     Temporary directory set to:
       /home/lorenzo/espresso/D3Q/Examples/Graphene/TMP3//D3_Q1.0_-1o2_0_Q2.-1o2_0_0_Q3.1o2_1o2_0/
     SCF rho copied to D3 tmp dir
     Scanning for fildrho files...
         --> drho file for q1 found as 'drho_rot.0_-1o2_0'
         --> drho file for q2 found as 'drho_rot.1o2_0_0'
         --> drho file for q3 found as 'drho_rot.-1o2_1o2_0'
     ================== setup started ==================
     Special cases for qs:
       q1 : no special case detected
       q2 : no special case detected
       q3 : no special case detected
       Symmetry operations:
         q1: 24  TTTTTTTTFFFFFFFFFFFFFFFFFFFFFFFFFFFFFFFFFFFFFFFF
         q2:  8  TTFFTTFFFTTFFFFFFFFFFTTFFFFFFFFFFFFFFFFFFFFFFFFF
         q3:  8  TTFFTTFFTFFTFFFFFFFFTFFTFFFFFFFFFFFFFFFFFFFFFFFF
       Symmetry common to all q vectors:
             TTFFTTFFFFFFFFFFFFFFFFFFFFFFFFFFFFFFFFFFFFFFFFFF
         --> 4 symmetry operation(s) have been found
 REMARK: q -> -q symmetry yet unsupported in d3q.x
         individual q --> -q operations: FFF
       Reading patterns and q-point for q1
       Reading patterns and q-point for q2
         --> drho of q2 ( -0.5000 -0.2887  0.0000) was computed by ph.x for (  0.5000  0.2887  0.0000)
       Reading patterns and q-point for q3
         --> drho of q3 (  0.5000  0.8660 -0.0000) was computed by ph.x for ( -0.5000  0.2887  0.0000)

     Symmetry analysis done
     =================== setup done ====================



     =============== run_nscf_d3 start

     Starting non-scf calculation of ground state wavefunctions.

     WARNING: check_stop already initialized
       * has time reversal symmetry.
     Total number of kpoints:
       --> after reducing symmetry:    34
       --> after including k+/-q_i (kunit):   238 (7)

     --> output from 'electrons' written to /home/lorenzo/espresso/D3Q/Examples/Graphene/TMP3//nscf_Q1.0_-1o2_0_Q2.-1o2_0_0_Q3.1o2_1o2_0.out

     Writing all to output data dir /home/lorenzo/espresso/D3Q/Examples/Graphene/TMP3//D3_Q1.0_-1o2_0_Q2.-1o2_0_0_Q3.1o2_1o2_0/gene.save/ :
     XML data file, pseudopotentials, collected wavefunctions

     =============== run_nscf_d3 done

     =============== allocate_d3 start

     =============== allocate_d3 done

     ============== openfile_drho start

     Opening files of charge density derivative.
       Translating drho from xq=(  0.5000  0.2887  0.0000) to xq=(  -0.50000  -0.28868   0.00000) for point q2
         --> new drho stored to 'drho_rot.1o2_0_0_newq2'
       Translating drho from xq=( -0.5000  0.2887  0.0000) to xq=(   0.50000   0.86603  -0.00000) for point q3
         --> new drho stored to 'drho_rot.-1o2_1o2_0_newq3'
         q1 --> opening: drho_rot.0_-1o2_0
         q2 --> just opened: drho_rot.1o2_0_0_newq2
         q3 --> just opened: drho_rot.-1o2_1o2_0_newq3

     ============== openfile_drho done

     ================ openfild3 start

     ================ openfild3 done
     u: 302   recl:     93750   ext:         drho_rot.1o2_0_0_newq2   tmp: /home/lorenzo/espresso/D3Q/Examples/Graphene/TMP3//D3_Q1.0_-1o2_0_Q2.-1o2_0_0_Q3.1o2_1o2_0/
     u: 303   recl:     93750   ext:      drho_rot.-1o2_1o2_0_newq3   tmp: /home/lorenzo/espresso/D3Q/Examples/Graphene/TMP3//D3_Q1.0_-1o2_0_Q2.-1o2_0_0_Q3.1o2_1o2_0/
     u: 301   recl:     93750   ext:              drho_rot.0_-1o2_0   tmp: /home/lorenzo/espresso/D3Q/Examples/Graphene/FILDRHO/
     u:  20   recl:     20784   ext:                            wfc   tmp: /home/lorenzo/espresso/D3Q/Examples/Graphene/TMP3//D3_Q1.0_-1o2_0_Q2.-1o2_0_0_Q3.1o2_1o2_0/
     u:5077   recl:     20784   ext:                      d-q3p-q3.   tmp: /home/lorenzo/espresso/D3Q/Examples/Graphene/TMP3//D3_Q1.0_-1o2_0_Q2.-1o2_0_0_Q3.1o2_1o2_0/
     u:6077   recl:       128   ext:                    pdv-q3p-q3.   tmp: /home/lorenzo/espresso/D3Q/Examples/Graphene/TMP3//D3_Q1.0_-1o2_0_Q2.-1o2_0_0_Q3.1o2_1o2_0/
     u:7077   recl:       128   ext:                   dp-q3dv-q3p.   tmp: /home/lorenzo/espresso/D3Q/Examples/Graphene/TMP3//D3_Q1.0_-1o2_0_Q2.-1o2_0_0_Q3.1o2_1o2_0/
     u:5078   recl:     20784   ext:                      d-q3p-q2.   tmp: /home/lorenzo/espresso/D3Q/Examples/Graphene/TMP3//D3_Q1.0_-1o2_0_Q2.-1o2_0_0_Q3.1o2_1o2_0/
     u:6078   recl:       128   ext:                    pdv-q3p-q2.   tmp: /home/lorenzo/espresso/D3Q/Examples/Graphene/TMP3//D3_Q1.0_-1o2_0_Q2.-1o2_0_0_Q3.1o2_1o2_0/
     u:7078   recl:       128   ext:                   dp-q2dv-q3p.   tmp: /home/lorenzo/espresso/D3Q/Examples/Graphene/TMP3//D3_Q1.0_-1o2_0_Q2.-1o2_0_0_Q3.1o2_1o2_0/
     u:5079   recl:     20784   ext:                      d-q3p-q1.   tmp: /home/lorenzo/espresso/D3Q/Examples/Graphene/TMP3//D3_Q1.0_-1o2_0_Q2.-1o2_0_0_Q3.1o2_1o2_0/
     u:6079   recl:       128   ext:                    pdv-q3p-q1.   tmp: /home/lorenzo/espresso/D3Q/Examples/Graphene/TMP3//D3_Q1.0_-1o2_0_Q2.-1o2_0_0_Q3.1o2_1o2_0/
     u:7079   recl:       128   ext:                   dp-q1dv-q3p.   tmp: /home/lorenzo/espresso/D3Q/Examples/Graphene/TMP3//D3_Q1.0_-1o2_0_Q2.-1o2_0_0_Q3.1o2_1o2_0/
     u:5070   recl:     20784   ext:                        d-q3pG.   tmp: /home/lorenzo/espresso/D3Q/Examples/Graphene/TMP3//D3_Q1.0_-1o2_0_Q2.-1o2_0_0_Q3.1o2_1o2_0/
     u:6070   recl:       128   ext:                      pdv-q3pG.   tmp: /home/lorenzo/espresso/D3Q/Examples/Graphene/TMP3//D3_Q1.0_-1o2_0_Q2.-1o2_0_0_Q3.1o2_1o2_0/
     u:7070   recl:       128   ext:                     dpGdv-q3p.   tmp: /home/lorenzo/espresso/D3Q/Examples/Graphene/TMP3//D3_Q1.0_-1o2_0_Q2.-1o2_0_0_Q3.1o2_1o2_0/
     u:5071   recl:     20784   ext:                       d-q3pq1.   tmp: /home/lorenzo/espresso/D3Q/Examples/Graphene/TMP3//D3_Q1.0_-1o2_0_Q2.-1o2_0_0_Q3.1o2_1o2_0/
     u:6071   recl:       128   ext:                     pdv-q3pq1.   tmp: /home/lorenzo/espresso/D3Q/Examples/Graphene/TMP3//D3_Q1.0_-1o2_0_Q2.-1o2_0_0_Q3.1o2_1o2_0/
     u:7071   recl:       128   ext:                    dpq1dv-q3p.   tmp: /home/lorenzo/espresso/D3Q/Examples/Graphene/TMP3//D3_Q1.0_-1o2_0_Q2.-1o2_0_0_Q3.1o2_1o2_0/
     u:5072   recl:     20784   ext:                       d-q3pq2.   tmp: /home/lorenzo/espresso/D3Q/Examples/Graphene/TMP3//D3_Q1.0_-1o2_0_Q2.-1o2_0_0_Q3.1o2_1o2_0/
     u:6072   recl:       128   ext:                     pdv-q3pq2.   tmp: /home/lorenzo/espresso/D3Q/Examples/Graphene/TMP3//D3_Q1.0_-1o2_0_Q2.-1o2_0_0_Q3.1o2_1o2_0/
     u:7072   recl:       128   ext:                    dpq2dv-q3p.   tmp: /home/lorenzo/espresso/D3Q/Examples/Graphene/TMP3//D3_Q1.0_-1o2_0_Q2.-1o2_0_0_Q3.1o2_1o2_0/
     u:5073   recl:     20784   ext:                       d-q3pq3.   tmp: /home/lorenzo/espresso/D3Q/Examples/Graphene/TMP3//D3_Q1.0_-1o2_0_Q2.-1o2_0_0_Q3.1o2_1o2_0/
     u:6073   recl:       128   ext:                     pdv-q3pq3.   tmp: /home/lorenzo/espresso/D3Q/Examples/Graphene/TMP3//D3_Q1.0_-1o2_0_Q2.-1o2_0_0_Q3.1o2_1o2_0/
     u:7073   recl:       128   ext:                    dpq3dv-q3p.   tmp: /home/lorenzo/espresso/D3Q/Examples/Graphene/TMP3//D3_Q1.0_-1o2_0_Q2.-1o2_0_0_Q3.1o2_1o2_0/
     u:5087   recl:     20784   ext:                      d-q2p-q3.   tmp: /home/lorenzo/espresso/D3Q/Examples/Graphene/TMP3//D3_Q1.0_-1o2_0_Q2.-1o2_0_0_Q3.1o2_1o2_0/
     u:6087   recl:       128   ext:                    pdv-q2p-q3.   tmp: /home/lorenzo/espresso/D3Q/Examples/Graphene/TMP3//D3_Q1.0_-1o2_0_Q2.-1o2_0_0_Q3.1o2_1o2_0/
     u:7087   recl:       128   ext:                   dp-q3dv-q2p.   tmp: /home/lorenzo/espresso/D3Q/Examples/Graphene/TMP3//D3_Q1.0_-1o2_0_Q2.-1o2_0_0_Q3.1o2_1o2_0/
     u:5088   recl:     20784   ext:                      d-q2p-q2.   tmp: /home/lorenzo/espresso/D3Q/Examples/Graphene/TMP3//D3_Q1.0_-1o2_0_Q2.-1o2_0_0_Q3.1o2_1o2_0/
     u:6088   recl:       128   ext:                    pdv-q2p-q2.   tmp: /home/lorenzo/espresso/D3Q/Examples/Graphene/TMP3//D3_Q1.0_-1o2_0_Q2.-1o2_0_0_Q3.1o2_1o2_0/
     u:7088   recl:       128   ext:                   dp-q2dv-q2p.   tmp: /home/lorenzo/espresso/D3Q/Examples/Graphene/TMP3//D3_Q1.0_-1o2_0_Q2.-1o2_0_0_Q3.1o2_1o2_0/
     u:5089   recl:     20784   ext:                      d-q2p-q1.   tmp: /home/lorenzo/espresso/D3Q/Examples/Graphene/TMP3//D3_Q1.0_-1o2_0_Q2.-1o2_0_0_Q3.1o2_1o2_0/
     u:6089   recl:       128   ext:                    pdv-q2p-q1.   tmp: /home/lorenzo/espresso/D3Q/Examples/Graphene/TMP3//D3_Q1.0_-1o2_0_Q2.-1o2_0_0_Q3.1o2_1o2_0/
     u:7089   recl:       128   ext:                   dp-q1dv-q2p.   tmp: /home/lorenzo/espresso/D3Q/Examples/Graphene/TMP3//D3_Q1.0_-1o2_0_Q2.-1o2_0_0_Q3.1o2_1o2_0/
     u:5080   recl:     20784   ext:                        d-q2pG.   tmp: /home/lorenzo/espresso/D3Q/Examples/Graphene/TMP3//D3_Q1.0_-1o2_0_Q2.-1o2_0_0_Q3.1o2_1o2_0/
     u:6080   recl:       128   ext:                      pdv-q2pG.   tmp: /home/lorenzo/espresso/D3Q/Examples/Graphene/TMP3//D3_Q1.0_-1o2_0_Q2.-1o2_0_0_Q3.1o2_1o2_0/
     u:7080   recl:       128   ext:                     dpGdv-q2p.   tmp: /home/lorenzo/espresso/D3Q/Examples/Graphene/TMP3//D3_Q1.0_-1o2_0_Q2.-1o2_0_0_Q3.1o2_1o2_0/
     u:5081   recl:     20784   ext:                       d-q2pq1.   tmp: /home/lorenzo/espresso/D3Q/Examples/Graphene/TMP3//D3_Q1.0_-1o2_0_Q2.-1o2_0_0_Q3.1o2_1o2_0/
     u:6081   recl:       128   ext:                     pdv-q2pq1.   tmp: /home/lorenzo/espresso/D3Q/Examples/Graphene/TMP3//D3_Q1.0_-1o2_0_Q2.-1o2_0_0_Q3.1o2_1o2_0/
     u:7081   recl:       128   ext:                    dpq1dv-q2p.   tmp: /home/lorenzo/espresso/D3Q/Examples/Graphene/TMP3//D3_Q1.0_-1o2_0_Q2.-1o2_0_0_Q3.1o2_1o2_0/
     u:5082   recl:     20784   ext:                       d-q2pq2.   tmp: /home/lorenzo/espresso/D3Q/Examples/Graphene/TMP3//D3_Q1.0_-1o2_0_Q2.-1o2_0_0_Q3.1o2_1o2_0/
     u:6082   recl:       128   ext:                     pdv-q2pq2.   tmp: /home/lorenzo/espresso/D3Q/Examples/Graphene/TMP3//D3_Q1.0_-1o2_0_Q2.-1o2_0_0_Q3.1o2_1o2_0/
     u:7082   recl:       128   ext:                    dpq2dv-q2p.   tmp: /home/lorenzo/espresso/D3Q/Examples/Graphene/TMP3//D3_Q1.0_-1o2_0_Q2.-1o2_0_0_Q3.1o2_1o2_0/
     u:5083   recl:     20784   ext:                       d-q2pq3.   tmp: /home/lorenzo/espresso/D3Q/Examples/Graphene/TMP3//D3_Q1.0_-1o2_0_Q2.-1o2_0_0_Q3.1o2_1o2_0/
     u:6083   recl:       128   ext:                     pdv-q2pq3.   tmp: /home/lorenzo/espresso/D3Q/Examples/Graphene/TMP3//D3_Q1.0_-1o2_0_Q2.-1o2_0_0_Q3.1o2_1o2_0/
     u:7083   recl:       128   ext:                    dpq3dv-q2p.   tmp: /home/lorenzo/espresso/D3Q/Examples/Graphene/TMP3//D3_Q1.0_-1o2_0_Q2.-1o2_0_0_Q3.1o2_1o2_0/
     u:5097   recl:     20784   ext:                      d-q1p-q3.   tmp: /home/lorenzo/espresso/D3Q/Examples/Graphene/TMP3//D3_Q1.0_-1o2_0_Q2.-1o2_0_0_Q3.1o2_1o2_0/
     u:6097   recl:       128   ext:                    pdv-q1p-q3.   tmp: /home/lorenzo/espresso/D3Q/Examples/Graphene/TMP3//D3_Q1.0_-1o2_0_Q2.-1o2_0_0_Q3.1o2_1o2_0/
     u:7097   recl:       128   ext:                   dp-q3dv-q1p.   tmp: /home/lorenzo/espresso/D3Q/Examples/Graphene/TMP3//D3_Q1.0_-1o2_0_Q2.-1o2_0_0_Q3.1o2_1o2_0/
     u:5098   recl:     20784   ext:                      d-q1p-q2.   tmp: /home/lorenzo/espresso/D3Q/Examples/Graphene/TMP3//D3_Q1.0_-1o2_0_Q2.-1o2_0_0_Q3.1o2_1o2_0/
     u:6098   recl:       128   ext:                    pdv-q1p-q2.   tmp: /home/lorenzo/espresso/D3Q/Examples/Graphene/TMP3//D3_Q1.0_-1o2_0_Q2.-1o2_0_0_Q3.1o2_1o2_0/
     u:7098   recl:       128   ext:                   dp-q2dv-q1p.   tmp: /home/lorenzo/espresso/D3Q/Examples/Graphene/TMP3//D3_Q1.0_-1o2_0_Q2.-1o2_0_0_Q3.1o2_1o2_0/
     u:5099   recl:     20784   ext:                      d-q1p-q1.   tmp: /home/lorenzo/espresso/D3Q/Examples/Graphene/TMP3//D3_Q1.0_-1o2_0_Q2.-1o2_0_0_Q3.1o2_1o2_0/
     u:6099   recl:       128   ext:                    pdv-q1p-q1.   tmp: /home/lorenzo/espresso/D3Q/Examples/Graphene/TMP3//D3_Q1.0_-1o2_0_Q2.-1o2_0_0_Q3.1o2_1o2_0/
     u:7099   recl:       128   ext:                   dp-q1dv-q1p.   tmp: /home/lorenzo/espresso/D3Q/Examples/Graphene/TMP3//D3_Q1.0_-1o2_0_Q2.-1o2_0_0_Q3.1o2_1o2_0/
     u:5090   recl:     20784   ext:                        d-q1pG.   tmp: /home/lorenzo/espresso/D3Q/Examples/Graphene/TMP3//D3_Q1.0_-1o2_0_Q2.-1o2_0_0_Q3.1o2_1o2_0/
     u:6090   recl:       128   ext:                      pdv-q1pG.   tmp: /home/lorenzo/espresso/D3Q/Examples/Graphene/TMP3//D3_Q1.0_-1o2_0_Q2.-1o2_0_0_Q3.1o2_1o2_0/
     u:7090   recl:       128   ext:                     dpGdv-q1p.   tmp: /home/lorenzo/espresso/D3Q/Examples/Graphene/TMP3//D3_Q1.0_-1o2_0_Q2.-1o2_0_0_Q3.1o2_1o2_0/
     u:5091   recl:     20784   ext:                       d-q1pq1.   tmp: /home/lorenzo/espresso/D3Q/Examples/Graphene/TMP3//D3_Q1.0_-1o2_0_Q2.-1o2_0_0_Q3.1o2_1o2_0/
     u:6091   recl:       128   ext:                     pdv-q1pq1.   tmp: /home/lorenzo/espresso/D3Q/Examples/Graphene/TMP3//D3_Q1.0_-1o2_0_Q2.-1o2_0_0_Q3.1o2_1o2_0/
     u:7091   recl:       128   ext:                    dpq1dv-q1p.   tmp: /home/lorenzo/espresso/D3Q/Examples/Graphene/TMP3//D3_Q1.0_-1o2_0_Q2.-1o2_0_0_Q3.1o2_1o2_0/
     u:5092   recl:     20784   ext:                       d-q1pq2.   tmp: /home/lorenzo/espresso/D3Q/Examples/Graphene/TMP3//D3_Q1.0_-1o2_0_Q2.-1o2_0_0_Q3.1o2_1o2_0/
     u:6092   recl:       128   ext:                     pdv-q1pq2.   tmp: /home/lorenzo/espresso/D3Q/Examples/Graphene/TMP3//D3_Q1.0_-1o2_0_Q2.-1o2_0_0_Q3.1o2_1o2_0/
     u:7092   recl:       128   ext:                    dpq2dv-q1p.   tmp: /home/lorenzo/espresso/D3Q/Examples/Graphene/TMP3//D3_Q1.0_-1o2_0_Q2.-1o2_0_0_Q3.1o2_1o2_0/
     u:5093   recl:     20784   ext:                       d-q1pq3.   tmp: /home/lorenzo/espresso/D3Q/Examples/Graphene/TMP3//D3_Q1.0_-1o2_0_Q2.-1o2_0_0_Q3.1o2_1o2_0/
     u:6093   recl:       128   ext:                     pdv-q1pq3.   tmp: /home/lorenzo/espresso/D3Q/Examples/Graphene/TMP3//D3_Q1.0_-1o2_0_Q2.-1o2_0_0_Q3.1o2_1o2_0/
     u:7093   recl:       128   ext:                    dpq3dv-q1p.   tmp: /home/lorenzo/espresso/D3Q/Examples/Graphene/TMP3//D3_Q1.0_-1o2_0_Q2.-1o2_0_0_Q3.1o2_1o2_0/
     u:5007   recl:     20784   ext:                        dGp-q3.   tmp: /home/lorenzo/espresso/D3Q/Examples/Graphene/TMP3//D3_Q1.0_-1o2_0_Q2.-1o2_0_0_Q3.1o2_1o2_0/
     u:6007   recl:       128   ext:                      pdvGp-q3.   tmp: /home/lorenzo/espresso/D3Q/Examples/Graphene/TMP3//D3_Q1.0_-1o2_0_Q2.-1o2_0_0_Q3.1o2_1o2_0/
     u:7007   recl:       128   ext:                     dp-q3dvGp.   tmp: /home/lorenzo/espresso/D3Q/Examples/Graphene/TMP3//D3_Q1.0_-1o2_0_Q2.-1o2_0_0_Q3.1o2_1o2_0/
     u:5008   recl:     20784   ext:                        dGp-q2.   tmp: /home/lorenzo/espresso/D3Q/Examples/Graphene/TMP3//D3_Q1.0_-1o2_0_Q2.-1o2_0_0_Q3.1o2_1o2_0/
     u:6008   recl:       128   ext:                      pdvGp-q2.   tmp: /home/lorenzo/espresso/D3Q/Examples/Graphene/TMP3//D3_Q1.0_-1o2_0_Q2.-1o2_0_0_Q3.1o2_1o2_0/
     u:7008   recl:       128   ext:                     dp-q2dvGp.   tmp: /home/lorenzo/espresso/D3Q/Examples/Graphene/TMP3//D3_Q1.0_-1o2_0_Q2.-1o2_0_0_Q3.1o2_1o2_0/
     u:5009   recl:     20784   ext:                        dGp-q1.   tmp: /home/lorenzo/espresso/D3Q/Examples/Graphene/TMP3//D3_Q1.0_-1o2_0_Q2.-1o2_0_0_Q3.1o2_1o2_0/
     u:6009   recl:       128   ext:                      pdvGp-q1.   tmp: /home/lorenzo/espresso/D3Q/Examples/Graphene/TMP3//D3_Q1.0_-1o2_0_Q2.-1o2_0_0_Q3.1o2_1o2_0/
     u:7009   recl:       128   ext:                     dp-q1dvGp.   tmp: /home/lorenzo/espresso/D3Q/Examples/Graphene/TMP3//D3_Q1.0_-1o2_0_Q2.-1o2_0_0_Q3.1o2_1o2_0/
     u:5000   recl:     20784   ext:                          dGpG.   tmp: /home/lorenzo/espresso/D3Q/Examples/Graphene/TMP3//D3_Q1.0_-1o2_0_Q2.-1o2_0_0_Q3.1o2_1o2_0/
     u:6000   recl:       128   ext:                        pdvGpG.   tmp: /home/lorenzo/espresso/D3Q/Examples/Graphene/TMP3//D3_Q1.0_-1o2_0_Q2.-1o2_0_0_Q3.1o2_1o2_0/
     u:7000   recl:       128   ext:                       dpGdvGp.   tmp: /home/lorenzo/espresso/D3Q/Examples/Graphene/TMP3//D3_Q1.0_-1o2_0_Q2.-1o2_0_0_Q3.1o2_1o2_0/
     u:5001   recl:     20784   ext:                         dGpq1.   tmp: /home/lorenzo/espresso/D3Q/Examples/Graphene/TMP3//D3_Q1.0_-1o2_0_Q2.-1o2_0_0_Q3.1o2_1o2_0/
     u:6001   recl:       128   ext:                       pdvGpq1.   tmp: /home/lorenzo/espresso/D3Q/Examples/Graphene/TMP3//D3_Q1.0_-1o2_0_Q2.-1o2_0_0_Q3.1o2_1o2_0/
     u:7001   recl:       128   ext:                      dpq1dvGp.   tmp: /home/lorenzo/espresso/D3Q/Examples/Graphene/TMP3//D3_Q1.0_-1o2_0_Q2.-1o2_0_0_Q3.1o2_1o2_0/
     u:5002   recl:     20784   ext:                         dGpq2.   tmp: /home/lorenzo/espresso/D3Q/Examples/Graphene/TMP3//D3_Q1.0_-1o2_0_Q2.-1o2_0_0_Q3.1o2_1o2_0/
     u:6002   recl:       128   ext:                       pdvGpq2.   tmp: /home/lorenzo/espresso/D3Q/Examples/Graphene/TMP3//D3_Q1.0_-1o2_0_Q2.-1o2_0_0_Q3.1o2_1o2_0/
     u:7002   recl:       128   ext:                      dpq2dvGp.   tmp: /home/lorenzo/espresso/D3Q/Examples/Graphene/TMP3//D3_Q1.0_-1o2_0_Q2.-1o2_0_0_Q3.1o2_1o2_0/
     u:5003   recl:     20784   ext:                         dGpq3.   tmp: /home/lorenzo/espresso/D3Q/Examples/Graphene/TMP3//D3_Q1.0_-1o2_0_Q2.-1o2_0_0_Q3.1o2_1o2_0/
     u:6003   recl:       128   ext:                       pdvGpq3.   tmp: /home/lorenzo/espresso/D3Q/Examples/Graphene/TMP3//D3_Q1.0_-1o2_0_Q2.-1o2_0_0_Q3.1o2_1o2_0/
     u:7003   recl:       128   ext:                      dpq3dvGp.   tmp: /home/lorenzo/espresso/D3Q/Examples/Graphene/TMP3//D3_Q1.0_-1o2_0_Q2.-1o2_0_0_Q3.1o2_1o2_0/
     u:5017   recl:     20784   ext:                       dq1p-q3.   tmp: /home/lorenzo/espresso/D3Q/Examples/Graphene/TMP3//D3_Q1.0_-1o2_0_Q2.-1o2_0_0_Q3.1o2_1o2_0/
     u:6017   recl:       128   ext:                     pdvq1p-q3.   tmp: /home/lorenzo/espresso/D3Q/Examples/Graphene/TMP3//D3_Q1.0_-1o2_0_Q2.-1o2_0_0_Q3.1o2_1o2_0/
     u:7017   recl:       128   ext:                    dp-q3dvq1p.   tmp: /home/lorenzo/espresso/D3Q/Examples/Graphene/TMP3//D3_Q1.0_-1o2_0_Q2.-1o2_0_0_Q3.1o2_1o2_0/
     u:5018   recl:     20784   ext:                       dq1p-q2.   tmp: /home/lorenzo/espresso/D3Q/Examples/Graphene/TMP3//D3_Q1.0_-1o2_0_Q2.-1o2_0_0_Q3.1o2_1o2_0/
     u:6018   recl:       128   ext:                     pdvq1p-q2.   tmp: /home/lorenzo/espresso/D3Q/Examples/Graphene/TMP3//D3_Q1.0_-1o2_0_Q2.-1o2_0_0_Q3.1o2_1o2_0/
     u:7018   recl:       128   ext:                    dp-q2dvq1p.   tmp: /home/lorenzo/espresso/D3Q/Examples/Graphene/TMP3//D3_Q1.0_-1o2_0_Q2.-1o2_0_0_Q3.1o2_1o2_0/
     u:5019   recl:     20784   ext:                       dq1p-q1.   tmp: /home/lorenzo/espresso/D3Q/Examples/Graphene/TMP3//D3_Q1.0_-1o2_0_Q2.-1o2_0_0_Q3.1o2_1o2_0/
     u:6019   recl:       128   ext:                     pdvq1p-q1.   tmp: /home/lorenzo/espresso/D3Q/Examples/Graphene/TMP3//D3_Q1.0_-1o2_0_Q2.-1o2_0_0_Q3.1o2_1o2_0/
     u:7019   recl:       128   ext:                    dp-q1dvq1p.   tmp: /home/lorenzo/espresso/D3Q/Examples/Graphene/TMP3//D3_Q1.0_-1o2_0_Q2.-1o2_0_0_Q3.1o2_1o2_0/
     u:5010   recl:     20784   ext:                         dq1pG.   tmp: /home/lorenzo/espresso/D3Q/Examples/Graphene/TMP3//D3_Q1.0_-1o2_0_Q2.-1o2_0_0_Q3.1o2_1o2_0/
     u:6010   recl:       128   ext:                       pdvq1pG.   tmp: /home/lorenzo/espresso/D3Q/Examples/Graphene/TMP3//D3_Q1.0_-1o2_0_Q2.-1o2_0_0_Q3.1o2_1o2_0/
     u:7010   recl:       128   ext:                      dpGdvq1p.   tmp: /home/lorenzo/espresso/D3Q/Examples/Graphene/TMP3//D3_Q1.0_-1o2_0_Q2.-1o2_0_0_Q3.1o2_1o2_0/
     u:5011   recl:     20784   ext:                        dq1pq1.   tmp: /home/lorenzo/espresso/D3Q/Examples/Graphene/TMP3//D3_Q1.0_-1o2_0_Q2.-1o2_0_0_Q3.1o2_1o2_0/
     u:6011   recl:       128   ext:                      pdvq1pq1.   tmp: /home/lorenzo/espresso/D3Q/Examples/Graphene/TMP3//D3_Q1.0_-1o2_0_Q2.-1o2_0_0_Q3.1o2_1o2_0/
     u:7011   recl:       128   ext:                     dpq1dvq1p.   tmp: /home/lorenzo/espresso/D3Q/Examples/Graphene/TMP3//D3_Q1.0_-1o2_0_Q2.-1o2_0_0_Q3.1o2_1o2_0/
     u:5012   recl:     20784   ext:                        dq1pq2.   tmp: /home/lorenzo/espresso/D3Q/Examples/Graphene/TMP3//D3_Q1.0_-1o2_0_Q2.-1o2_0_0_Q3.1o2_1o2_0/
     u:6012   recl:       128   ext:                      pdvq1pq2.   tmp: /home/lorenzo/espresso/D3Q/Examples/Graphene/TMP3//D3_Q1.0_-1o2_0_Q2.-1o2_0_0_Q3.1o2_1o2_0/
     u:7012   recl:       128   ext:                     dpq2dvq1p.   tmp: /home/lorenzo/espresso/D3Q/Examples/Graphene/TMP3//D3_Q1.0_-1o2_0_Q2.-1o2_0_0_Q3.1o2_1o2_0/
     u:5013   recl:     20784   ext:                        dq1pq3.   tmp: /home/lorenzo/espresso/D3Q/Examples/Graphene/TMP3//D3_Q1.0_-1o2_0_Q2.-1o2_0_0_Q3.1o2_1o2_0/
     u:6013   recl:       128   ext:                      pdvq1pq3.   tmp: /home/lorenzo/espresso/D3Q/Examples/Graphene/TMP3//D3_Q1.0_-1o2_0_Q2.-1o2_0_0_Q3.1o2_1o2_0/
     u:7013   recl:       128   ext:                     dpq3dvq1p.   tmp: /home/lorenzo/espresso/D3Q/Examples/Graphene/TMP3//D3_Q1.0_-1o2_0_Q2.-1o2_0_0_Q3.1o2_1o2_0/
     u:5027   recl:     20784   ext:                       dq2p-q3.   tmp: /home/lorenzo/espresso/D3Q/Examples/Graphene/TMP3//D3_Q1.0_-1o2_0_Q2.-1o2_0_0_Q3.1o2_1o2_0/
     u:6027   recl:       128   ext:                     pdvq2p-q3.   tmp: /home/lorenzo/espresso/D3Q/Examples/Graphene/TMP3//D3_Q1.0_-1o2_0_Q2.-1o2_0_0_Q3.1o2_1o2_0/
     u:7027   recl:       128   ext:                    dp-q3dvq2p.   tmp: /home/lorenzo/espresso/D3Q/Examples/Graphene/TMP3//D3_Q1.0_-1o2_0_Q2.-1o2_0_0_Q3.1o2_1o2_0/
     u:5028   recl:     20784   ext:                       dq2p-q2.   tmp: /home/lorenzo/espresso/D3Q/Examples/Graphene/TMP3//D3_Q1.0_-1o2_0_Q2.-1o2_0_0_Q3.1o2_1o2_0/
     u:6028   recl:       128   ext:                     pdvq2p-q2.   tmp: /home/lorenzo/espresso/D3Q/Examples/Graphene/TMP3//D3_Q1.0_-1o2_0_Q2.-1o2_0_0_Q3.1o2_1o2_0/
     u:7028   recl:       128   ext:                    dp-q2dvq2p.   tmp: /home/lorenzo/espresso/D3Q/Examples/Graphene/TMP3//D3_Q1.0_-1o2_0_Q2.-1o2_0_0_Q3.1o2_1o2_0/
     u:5029   recl:     20784   ext:                       dq2p-q1.   tmp: /home/lorenzo/espresso/D3Q/Examples/Graphene/TMP3//D3_Q1.0_-1o2_0_Q2.-1o2_0_0_Q3.1o2_1o2_0/
     u:6029   recl:       128   ext:                     pdvq2p-q1.   tmp: /home/lorenzo/espresso/D3Q/Examples/Graphene/TMP3//D3_Q1.0_-1o2_0_Q2.-1o2_0_0_Q3.1o2_1o2_0/
     u:7029   recl:       128   ext:                    dp-q1dvq2p.   tmp: /home/lorenzo/espresso/D3Q/Examples/Graphene/TMP3//D3_Q1.0_-1o2_0_Q2.-1o2_0_0_Q3.1o2_1o2_0/
     u:5020   recl:     20784   ext:                         dq2pG.   tmp: /home/lorenzo/espresso/D3Q/Examples/Graphene/TMP3//D3_Q1.0_-1o2_0_Q2.-1o2_0_0_Q3.1o2_1o2_0/
     u:6020   recl:       128   ext:                       pdvq2pG.   tmp: /home/lorenzo/espresso/D3Q/Examples/Graphene/TMP3//D3_Q1.0_-1o2_0_Q2.-1o2_0_0_Q3.1o2_1o2_0/
     u:7020   recl:       128   ext:                      dpGdvq2p.   tmp: /home/lorenzo/espresso/D3Q/Examples/Graphene/TMP3//D3_Q1.0_-1o2_0_Q2.-1o2_0_0_Q3.1o2_1o2_0/
     u:5021   recl:     20784   ext:                        dq2pq1.   tmp: /home/lorenzo/espresso/D3Q/Examples/Graphene/TMP3//D3_Q1.0_-1o2_0_Q2.-1o2_0_0_Q3.1o2_1o2_0/
     u:6021   recl:       128   ext:                      pdvq2pq1.   tmp: /home/lorenzo/espresso/D3Q/Examples/Graphene/TMP3//D3_Q1.0_-1o2_0_Q2.-1o2_0_0_Q3.1o2_1o2_0/
     u:7021   recl:       128   ext:                     dpq1dvq2p.   tmp: /home/lorenzo/espresso/D3Q/Examples/Graphene/TMP3//D3_Q1.0_-1o2_0_Q2.-1o2_0_0_Q3.1o2_1o2_0/
     u:5022   recl:     20784   ext:                        dq2pq2.   tmp: /home/lorenzo/espresso/D3Q/Examples/Graphene/TMP3//D3_Q1.0_-1o2_0_Q2.-1o2_0_0_Q3.1o2_1o2_0/
     u:6022   recl:       128   ext:                      pdvq2pq2.   tmp: /home/lorenzo/espresso/D3Q/Examples/Graphene/TMP3//D3_Q1.0_-1o2_0_Q2.-1o2_0_0_Q3.1o2_1o2_0/
     u:7022   recl:       128   ext:                     dpq2dvq2p.   tmp: /home/lorenzo/espresso/D3Q/Examples/Graphene/TMP3//D3_Q1.0_-1o2_0_Q2.-1o2_0_0_Q3.1o2_1o2_0/
     u:5023   recl:     20784   ext:                        dq2pq3.   tmp: /home/lorenzo/espresso/D3Q/Examples/Graphene/TMP3//D3_Q1.0_-1o2_0_Q2.-1o2_0_0_Q3.1o2_1o2_0/
     u:6023   recl:       128   ext:                      pdvq2pq3.   tmp: /home/lorenzo/espresso/D3Q/Examples/Graphene/TMP3//D3_Q1.0_-1o2_0_Q2.-1o2_0_0_Q3.1o2_1o2_0/
     u:7023   recl:       128   ext:                     dpq3dvq2p.   tmp: /home/lorenzo/espresso/D3Q/Examples/Graphene/TMP3//D3_Q1.0_-1o2_0_Q2.-1o2_0_0_Q3.1o2_1o2_0/
     u:5037   recl:     20784   ext:                       dq3p-q3.   tmp: /home/lorenzo/espresso/D3Q/Examples/Graphene/TMP3//D3_Q1.0_-1o2_0_Q2.-1o2_0_0_Q3.1o2_1o2_0/
     u:6037   recl:       128   ext:                     pdvq3p-q3.   tmp: /home/lorenzo/espresso/D3Q/Examples/Graphene/TMP3//D3_Q1.0_-1o2_0_Q2.-1o2_0_0_Q3.1o2_1o2_0/
     u:7037   recl:       128   ext:                    dp-q3dvq3p.   tmp: /home/lorenzo/espresso/D3Q/Examples/Graphene/TMP3//D3_Q1.0_-1o2_0_Q2.-1o2_0_0_Q3.1o2_1o2_0/
     u:5038   recl:     20784   ext:                       dq3p-q2.   tmp: /home/lorenzo/espresso/D3Q/Examples/Graphene/TMP3//D3_Q1.0_-1o2_0_Q2.-1o2_0_0_Q3.1o2_1o2_0/
     u:6038   recl:       128   ext:                     pdvq3p-q2.   tmp: /home/lorenzo/espresso/D3Q/Examples/Graphene/TMP3//D3_Q1.0_-1o2_0_Q2.-1o2_0_0_Q3.1o2_1o2_0/
     u:7038   recl:       128   ext:                    dp-q2dvq3p.   tmp: /home/lorenzo/espresso/D3Q/Examples/Graphene/TMP3//D3_Q1.0_-1o2_0_Q2.-1o2_0_0_Q3.1o2_1o2_0/
     u:5039   recl:     20784   ext:                       dq3p-q1.   tmp: /home/lorenzo/espresso/D3Q/Examples/Graphene/TMP3//D3_Q1.0_-1o2_0_Q2.-1o2_0_0_Q3.1o2_1o2_0/
     u:6039   recl:       128   ext:                     pdvq3p-q1.   tmp: /home/lorenzo/espresso/D3Q/Examples/Graphene/TMP3//D3_Q1.0_-1o2_0_Q2.-1o2_0_0_Q3.1o2_1o2_0/
     u:7039   recl:       128   ext:                    dp-q1dvq3p.   tmp: /home/lorenzo/espresso/D3Q/Examples/Graphene/TMP3//D3_Q1.0_-1o2_0_Q2.-1o2_0_0_Q3.1o2_1o2_0/
     u:5030   recl:     20784   ext:                         dq3pG.   tmp: /home/lorenzo/espresso/D3Q/Examples/Graphene/TMP3//D3_Q1.0_-1o2_0_Q2.-1o2_0_0_Q3.1o2_1o2_0/
     u:6030   recl:       128   ext:                       pdvq3pG.   tmp: /home/lorenzo/espresso/D3Q/Examples/Graphene/TMP3//D3_Q1.0_-1o2_0_Q2.-1o2_0_0_Q3.1o2_1o2_0/
     u:7030   recl:       128   ext:                      dpGdvq3p.   tmp: /home/lorenzo/espresso/D3Q/Examples/Graphene/TMP3//D3_Q1.0_-1o2_0_Q2.-1o2_0_0_Q3.1o2_1o2_0/
     u:5031   recl:     20784   ext:                        dq3pq1.   tmp: /home/lorenzo/espresso/D3Q/Examples/Graphene/TMP3//D3_Q1.0_-1o2_0_Q2.-1o2_0_0_Q3.1o2_1o2_0/
     u:6031   recl:       128   ext:                      pdvq3pq1.   tmp: /home/lorenzo/espresso/D3Q/Examples/Graphene/TMP3//D3_Q1.0_-1o2_0_Q2.-1o2_0_0_Q3.1o2_1o2_0/
     u:7031   recl:       128   ext:                     dpq1dvq3p.   tmp: /home/lorenzo/espresso/D3Q/Examples/Graphene/TMP3//D3_Q1.0_-1o2_0_Q2.-1o2_0_0_Q3.1o2_1o2_0/
     u:5032   recl:     20784   ext:                        dq3pq2.   tmp: /home/lorenzo/espresso/D3Q/Examples/Graphene/TMP3//D3_Q1.0_-1o2_0_Q2.-1o2_0_0_Q3.1o2_1o2_0/
     u:6032   recl:       128   ext:                      pdvq3pq2.   tmp: /home/lorenzo/espresso/D3Q/Examples/Graphene/TMP3//D3_Q1.0_-1o2_0_Q2.-1o2_0_0_Q3.1o2_1o2_0/
     u:7032   recl:       128   ext:                     dpq2dvq3p.   tmp: /home/lorenzo/espresso/D3Q/Examples/Graphene/TMP3//D3_Q1.0_-1o2_0_Q2.-1o2_0_0_Q3.1o2_1o2_0/
     u:5033   recl:     20784   ext:                        dq3pq3.   tmp: /home/lorenzo/espresso/D3Q/Examples/Graphene/TMP3//D3_Q1.0_-1o2_0_Q2.-1o2_0_0_Q3.1o2_1o2_0/
     u:6033   recl:       128   ext:                      pdvq3pq3.   tmp: /home/lorenzo/espresso/D3Q/Examples/Graphene/TMP3//D3_Q1.0_-1o2_0_Q2.-1o2_0_0_Q3.1o2_1o2_0/
     u:7033   recl:       128   ext:                     dpq3dvq3p.   tmp: /home/lorenzo/espresso/D3Q/Examples/Graphene/TMP3//D3_Q1.0_-1o2_0_Q2.-1o2_0_0_Q3.1o2_1o2_0/
     u:8001   recl:       128   ext:                         dpvp1.   tmp: /home/lorenzo/espresso/D3Q/Examples/Graphene/TMP3//D3_Q1.0_-1o2_0_Q2.-1o2_0_0_Q3.1o2_1o2_0/
     u:8002   recl:       128   ext:                         dpvp2.   tmp: /home/lorenzo/espresso/D3Q/Examples/Graphene/TMP3//D3_Q1.0_-1o2_0_Q2.-1o2_0_0_Q3.1o2_1o2_0/
     u:8003   recl:       128   ext:                         dpvp3.   tmp: /home/lorenzo/espresso/D3Q/Examples/Graphene/TMP3//D3_Q1.0_-1o2_0_Q2.-1o2_0_0_Q3.1o2_1o2_0/

     ================= d3_init start

Possibly too few bands at point    3   0.00000  -0.28868   0.00000

Possibly too few bands at point    4   0.00000  -0.14434   0.00000

Possibly too few bands at point    5   0.00000  -1.15470   0.00000

Possibly too few bands at point    8   0.12500  -0.07217   0.00000

Possibly too few bands at point    9   0.25000  -0.14434   0.00000

Possibly too few bands at point   26  -0.25000   0.14434   0.00000

Possibly too few bands at point   30  -0.75000  -0.43301   0.00000

Possibly too few bands at point   32  -0.87500  -0.50518   0.00000

Possibly too few bands at point   34   0.00000   0.00000   0.00000

Possibly too few bands at point   48   0.75000   0.72169   0.00000

Possibly too few bands at point   50   0.87500   0.64952   0.00000

Possibly too few bands at point   52   0.00000   0.00000   0.00000

Possibly too few bands at point   53   0.00000   0.14434   0.00000

Possibly too few bands at point   54   0.00000   0.28868   0.00000

Possibly too few bands at point   62  -0.12500  -0.07217   0.00000

Possibly too few bands at point   63   0.12500  -0.07217   0.00000

Possibly too few bands at point   64  -0.25000  -0.14434   0.00000

Possibly too few bands at point   65   0.25000  -0.14434   0.00000

Possibly too few bands at point   71   0.00000   0.86603   0.00000

Possibly too few bands at point   72   0.00000   1.01036   0.00000

Possibly too few bands at point   73   0.00000   0.00000   0.00000

Possibly too few bands at point   76   0.12500   1.08253   0.00000

Possibly too few bands at point   77   0.25000   1.01036   0.00000

Possibly too few bands at point   94   0.75000   0.72169   0.00000

Possibly too few bands at point   98   0.25000   0.14434   0.00000

Possibly too few bands at point  100   0.12500   0.07217   0.00000

Possibly too few bands at point  102   1.00000   0.57735   0.00000

Possibly too few bands at point  116  -0.25000  -1.01036   0.00000

Possibly too few bands at point  118  -0.12500  -1.08253   0.00000
     alpha_pv:      2.1350

     ================= d3_init done

     ========== d3_check_permutations start
     Looking for equivalent permutations of q vectors
       Permutation 1 (123) has to be computed explicitly
       Permutation 2 (132) has to be computed explicitly
       Permutation 3 (213) has to be computed explicitly
       Permutation 4 (231) has to be computed explicitly
       Permutation 5 (312) has to be computed explicitly
       Permutation 6 (321) has to be computed explicitly
     6 inequivalent permutations were found

     ========== d3_check_permutations done
     D3_toten     :     48.46s CPU     50.39s WALL


     ================== add core start

     Adding derivative of core charge
     d3_add_rho_core   cpu time:     8.95 sec    Total time:       50.39 sec

     ================== add core done

     ===================================================
     = Nscf calculation of the perturbed wavefunctions =
     ===================================================

     Computing P_c^q1 |d^q1 psi_k>
         pert=    1     time taken/total=      1.2/     51.5 secs     av.it.  19.1
         pert=    2     time taken/total=      1.1/     52.6 secs     av.it.  18.5
         pert=    3     time taken/total=      1.1/     53.7 secs     av.it.  17.9
         pert=    4     time taken/total=      1.1/     54.8 secs     av.it.  17.9
         pert=    5     time taken/total=      1.2/     56.0 secs     av.it.  19.1
         pert=    6     time taken/total=      1.1/     57.1 secs     av.it.  18.7

     Computing P_c^G |d^q1 psi_k-q1>
         pert=    1     time taken/total=      1.1/     58.2 secs     av.it.  19.0
         pert=    2     time taken/total=      1.1/     59.3 secs     av.it.  18.4
         pert=    3     time taken/total=      1.1/     60.4 secs     av.it.  17.8
         pert=    4     time taken/total=      1.1/     61.5 secs     av.it.  17.9
         pert=    5     time taken/total=      1.1/     62.6 secs     av.it.  19.0
         pert=    6     time taken/total=      1.1/     63.7 secs     av.it.  18.7

     Computing P_c^-q1 |d^-q1 psi_k>
         pert=    1     time taken/total=      1.2/     64.9 secs     av.it.  19.1
         pert=    2     time taken/total=      1.1/     66.0 secs     av.it.  18.5
         pert=    3     time taken/total=      1.1/     67.1 secs     av.it.  17.9
         pert=    4     time taken/total=      1.1/     68.2 secs     av.it.  18.0
         pert=    5     time taken/total=      1.2/     69.4 secs     av.it.  19.1
         pert=    6     time taken/total=      1.1/     70.5 secs     av.it.  18.7

     Computing P_c^G |d^-q1 psi_k+q1>
         pert=    1     time taken/total=      1.1/     71.7 secs     av.it.  19.0
         pert=    2     time taken/total=      1.1/     72.7 secs     av.it.  18.4
         pert=    3     time taken/total=      1.1/     73.8 secs     av.it.  17.8
         pert=    4     time taken/total=      1.1/     74.9 secs     av.it.  17.9
         pert=    5     time taken/total=      1.2/     76.1 secs     av.it.  19.0
         pert=    6     time taken/total=      1.1/     77.2 secs     av.it.  18.7

     Computing P_c^q2 |d^q2 psi_k>
         pert=    1     time taken/total=      1.2/     78.4 secs     av.it.  19.5
         pert=    2     time taken/total=      1.2/     79.5 secs     av.it.  19.1
         pert=    3     time taken/total=      1.1/     80.7 secs     av.it.  18.3
         pert=    4     time taken/total=      1.1/     81.8 secs     av.it.  18.4
         pert=    5     time taken/total=      1.2/     83.0 secs     av.it.  19.4
         pert=    6     time taken/total=      1.2/     84.2 secs     av.it.  19.3

     Computing P_c^G |d^q2 psi_k-q2>
         pert=    1     time taken/total=      1.1/     85.3 secs     av.it.  19.5
         pert=    2     time taken/total=      1.1/     86.5 secs     av.it.  19.1
         pert=    3     time taken/total=      1.1/     87.5 secs     av.it.  18.2
         pert=    4     time taken/total=      1.1/     88.6 secs     av.it.  18.2
         pert=    5     time taken/total=      1.1/     89.7 secs     av.it.  19.4
         pert=    6     time taken/total=      1.1/     90.8 secs     av.it.  19.3

     Computing P_c^-q2 |d^-q2 psi_k>
         pert=    1     time taken/total=      1.2/     92.0 secs     av.it.  19.5
         pert=    2     time taken/total=      1.2/     93.2 secs     av.it.  19.1
         pert=    3     time taken/total=      1.1/     94.3 secs     av.it.  18.2
         pert=    4     time taken/total=      1.1/     95.4 secs     av.it.  18.2
         pert=    5     time taken/total=      1.2/     96.6 secs     av.it.  19.4
         pert=    6     time taken/total=      1.2/     97.8 secs     av.it.  19.3

     Computing P_c^G |d^-q2 psi_k+q2>
         pert=    1     time taken/total=      1.1/     98.9 secs     av.it.  19.5
         pert=    2     time taken/total=      1.1/    100.1 secs     av.it.  19.1
         pert=    3     time taken/total=      1.1/    101.1 secs     av.it.  18.2
         pert=    4     time taken/total=      1.1/    102.2 secs     av.it.  18.2
         pert=    5     time taken/total=      1.2/    103.4 secs     av.it.  19.4
         pert=    6     time taken/total=      1.1/    104.5 secs     av.it.  19.3

     Computing P_c^q3 |d^q3 psi_k>
         pert=    1     time taken/total=      1.2/    105.7 secs     av.it.  19.5
         pert=    2     time taken/total=      1.2/    106.8 secs     av.it.  19.2
         pert=    3     time taken/total=      1.1/    107.9 secs     av.it.  18.2
         pert=    4     time taken/total=      1.1/    109.1 secs     av.it.  18.3
         pert=    5     time taken/total=      1.2/    110.3 secs     av.it.  19.5
         pert=    6     time taken/total=      1.2/    111.4 secs     av.it.  19.4

     Computing P_c^G |d^q3 psi_k-q3>
         pert=    1     time taken/total=      1.2/    112.6 secs     av.it.  19.4
         pert=    2     time taken/total=      1.2/    113.9 secs     av.it.  19.1
         pert=    3     time taken/total=      1.2/    115.1 secs     av.it.  18.2
         pert=    4     time taken/total=      1.2/    116.2 secs     av.it.  18.2
         pert=    5     time taken/total=      1.2/    117.4 secs     av.it.  19.4
         pert=    6     time taken/total=      1.2/    118.7 secs     av.it.  19.3

     Computing P_c^-q3 |d^-q3 psi_k>
         pert=    1     time taken/total=      1.2/    119.8 secs     av.it.  19.6
         pert=    2     time taken/total=      1.2/    121.0 secs     av.it.  19.3
         pert=    3     time taken/total=      1.1/    122.1 secs     av.it.  18.4
         pert=    4     time taken/total=      1.1/    123.2 secs     av.it.  18.4
         pert=    5     time taken/total=      1.2/    124.4 secs     av.it.  19.5
         pert=    6     time taken/total=      1.2/    125.6 secs     av.it.  19.5

     Computing P_c^G |d^-q3 psi_k+q3>
         pert=    1     time taken/total=      1.2/    126.8 secs     av.it.  19.4
         pert=    2     time taken/total=      1.2/    128.0 secs     av.it.  19.1
         pert=    3     time taken/total=      1.2/    129.2 secs     av.it.  18.2
         pert=    4     time taken/total=      1.2/    130.3 secs     av.it.  18.2
         pert=    5     time taken/total=      1.2/    131.6 secs     av.it.  19.4
         pert=    6     time taken/total=      1.2/    132.8 secs     av.it.  19.3

     Computing <psi_k-q3 |d^q1V| psi_k+q2>

     Computing <psi_k-q2 |d^q1V| psi_k+q3>

     Computing <psi_k-q3 |d^q2V| psi_k+q1>

     Computing <psi_k-q1 |d^q2V| psi_k+q3>

     Computing <psi_k-q2 |d^q3V| psi_k+q1>

     Computing <psi_k-q1 |d^q3V| psi_k+q2>


     generate_dwfc   cpu time:    88.32 sec    Total time:      138.71 sec

     ================== nscf dpsi done =================


     ================== precomp start

     Pre-computing < Pc dpsi_(k+X)/du(-X)| dH/du(Y) | psi_k-Y >
       < Pc d^-q1 psi_k+q1| d-q2 V | psi_k+q2 >
       < Pc d^-q1 psi_k+q1| d-q3 V | psi_k+q3 >
       < Pc d^-q2 psi_k+q2| d-q1 V | psi_k+q1 >
       < Pc d^-q2 psi_k+q2| d-q3 V | psi_k+q3 >
       < Pc d^-q3 psi_k+q3| d-q1 V | psi_k+q1 >
       < Pc d^-q3 psi_k+q3| d-q2 V | psi_k+q2 >
       < Pc d^q1 psi_k-q1| dq2 V | psi_k-q2 >
       < Pc d^q1 psi_k-q1| dq3 V | psi_k-q3 >
       < Pc d^q2 psi_k-q2| dq1 V | psi_k-q1 >
       < Pc d^q2 psi_k-q2| dq3 V | psi_k-q3 >
       < Pc d^q3 psi_k-q3| dq1 V | psi_k-q1 >
       < Pc d^q3 psi_k-q3| dq2 V | psi_k-q2 >
       Additional term to precompute for valence contribution:
     gen_dpsi1dv2psi     cpu time:    12.20 sec    Total time:      150.91 sec

     ================== precomp done

     ================== dpdvdp start

     Calculating the matrix elements <dpsi |dH |dpsi>
       <d^-q3 psi_k|d^q2  V|d^q1  psi_k>
       <d^-q2 psi_k|d^q3  V|d^q1  psi_k>
       <d^-q3 psi_k|d^q1  V|d^q2  psi_k>
       <d^-q1 psi_k|d^q3  V|d^q2  psi_k>
       <d^-q2 psi_k|d^q1  V|d^q3  psi_k>
       <d^-q1 psi_k|d^q2  V|d^q3  psi_k>
     dpsi1dv2dpsi3 cpu time:    32.91 sec    Total time:      183.82 sec

     ================== dpdvdp done

     ================== dpdpdv start

     Calculating the matrix elements <dpsi|dpsi>< psi|dH|psi> 
       <d_-q3 psi_k+q3| d_q1 psi_k-q1> <psi_k-q1|d_q2 H|psi_k+q3>
       <d_-q2 psi_k+q2| d_q1 psi_k-q1> <psi_k-q1|d_q3 H|psi_k+q2>
       <d_-q3 psi_k+q3| d_q2 psi_k-q2> <psi_k-q2|d_q1 H|psi_k+q3>
       <d_-q1 psi_k+q1| d_q2 psi_k-q2> <psi_k-q2|d_q3 H|psi_k+q1>
       <d_-q2 psi_k+q2| d_q3 psi_k-q3> <psi_k-q3|d_q1 H|psi_k+q2>
       <d_-q1 psi_k+q1| d_q3 psi_k-q3> <psi_k-q3|d_q2 H|psi_k+q1>
     dpsi1dpsi2dv3 cpu time:     0.39 sec    Total time:      184.20 sec

     ================== dpdpdv done

     ================== dpd2v start

     Calculating the matrix elements <psi |d^2 v |dpsi>
       <d_q1 psi_k| d^2_(q2,q3) V|psi_k>
       <d_q2 psi_k| d^2_(q1,q3) V|psi_k>
       <d_q3 psi_k| d^2_(q1,q2) V|psi_k>
     drhod2v       cpu time:     5.52 sec    Total time:      189.72 sec

     ================== dpd2v done

     =================== rho d3v start =================


     Calculating the matrix elements <psi |d^3v |psi>
     d3vrho        cpu time:     0.80 sec    Total time:      190.52 sec

     =================== rho d3v done ==================


     ================== ewald start

     Calculating the Ewald contribution

     Alpha used in Ewald sum =   2.61
     d3ionq        cpu time:     0.08 sec    Total time:      190.61 sec

     ================== ewald done

     ================== valence start

     Calculating the valence contribution
     Computing 3-terms valence contribution   1  2  3
     Computing 3-terms valence contribution   1  3  2
     Computing 3-terms valence contribution   2  1  3
     Computing 3-terms valence contribution   2  3  1
     Computing 3-terms valence contribution   3  1  2
     Computing 3-terms valence contribution   3  2  1
     d3_valence    cpu time:     0.09 sec    Total time:      190.70 sec

     ================== valence done

     ================ exc contrib start

     Calculating the exchange-correlation contribution with GGA
       q1 q2 q3 
       q1 q3 q2 
       q2 q1 q3 
       q2 q3 q1 
       q3 q1 q2 
       q3 q2 q1 
     d3_exc        cpu time:     1.05 sec    Total time:      191.75 sec

     ================ exc contrib done

     =============== computing D3 start

     Symmetrizing and writing the tensor to disc

     CALLing d3matrix
       * symmetrizing with  4 sym.ops.
       point #  1  : star #  1  perm #  1 ( 1 2 3 )
      -->FILD3DYN/anh_Q1.0_-1o2_0_Q2.-1o2_0_0_Q3.1o2_1o2_0
       point #  2  : star #  1  perm #  2 ( 1 3 2 )
      -->FILD3DYN/anh_Q1.0_-1o2_0_Q2.1o2_1o2_0_Q3.-1o2_0_0
       point #  3  : star #  1  perm #  3 ( 2 1 3 )
      -->FILD3DYN/anh_Q1.-1o2_0_0_Q2.0_-1o2_0_Q3.1o2_1o2_0
       point #  4  : star #  1  perm #  4 ( 2 3 1 )
      -->FILD3DYN/anh_Q1.-1o2_0_0_Q2.1o2_1o2_0_Q3.0_-1o2_0
       point #  5  : star #  1  perm #  5 ( 3 1 2 )
      -->FILD3DYN/anh_Q1.1o2_1o2_0_Q2.0_-1o2_0_Q3.-1o2_0_0
       point #  6  : star #  1  perm #  6 ( 3 2 1 )
      -->FILD3DYN/anh_Q1.1o2_1o2_0_Q2.-1o2_0_0_Q3.0_-1o2_0
       point #  7  : star #  2  perm #  1 ( 1 2 3 )
      -->FILD3DYN/anh_Q1.0_-1o2_0_Q2.1o2_-1o2_0_Q3.-1o2_1_0
       point #  8  : star #  2  perm #  2 ( 1 3 2 )
      -->FILD3DYN/anh_Q1.0_-1o2_0_Q2.-1o2_1_0_Q3.1o2_-1o2_0
       point #  9  : star #  2  perm #  3 ( 2 1 3 )
      -->FILD3DYN/anh_Q1.1o2_-1o2_0_Q2.0_-1o2_0_Q3.-1o2_1_0
       point # 10  : star #  2  perm #  4 ( 2 3 1 )
      -->FILD3DYN/anh_Q1.1o2_-1o2_0_Q2.-1o2_1_0_Q3.0_-1o2_0
       point # 11  : star #  2  perm #  5 ( 3 1 2 )
      -->FILD3DYN/anh_Q1.-1o2_1_0_Q2.0_-1o2_0_Q3.1o2_-1o2_0
       point # 12  : star #  2  perm #  6 ( 3 2 1 )
      -->FILD3DYN/anh_Q1.-1o2_1_0_Q2.1o2_-1o2_0_Q3.0_-1o2_0
       point # 13  : star #  3  perm #  1 ( 1 2 3 )
      -->FILD3DYN/anh_Q1.1o2_0_0_Q2.0_1o2_0_Q3.-1o2_-1o2_0
       point # 14  : star #  3  perm #  2 ( 1 3 2 )
      -->FILD3DYN/anh_Q1.1o2_0_0_Q2.-1o2_-1o2_0_Q3.0_1o2_0
       point # 15  : star #  3  perm #  3 ( 2 1 3 )
      -->FILD3DYN/anh_Q1.0_1o2_0_Q2.1o2_0_0_Q3.-1o2_-1o2_0
       point # 16  : star #  3  perm #  4 ( 2 3 1 )
      -->FILD3DYN/anh_Q1.0_1o2_0_Q2.-1o2_-1o2_0_Q3.1o2_0_0
       point # 17  : star #  3  perm #  5 ( 3 1 2 )
      -->FILD3DYN/anh_Q1.-1o2_-1o2_0_Q2.1o2_0_0_Q3.0_1o2_0
       point # 18  : star #  3  perm #  6 ( 3 2 1 )
      -->FILD3DYN/anh_Q1.-1o2_-1o2_0_Q2.0_1o2_0_Q3.1o2_0_0
       point # 19  : star #  4  perm #  1 ( 1 2 3 )
      -->FILD3DYN/anh_Q1.-1o2_1o2_0_Q2.-1o2_0_0_Q3.1_-1o2_0
       point # 20  : star #  4  perm #  2 ( 1 3 2 )
      -->FILD3DYN/anh_Q1.-1o2_1o2_0_Q2.1_-1o2_0_Q3.-1o2_0_0
       point # 21  : star #  4  perm #  3 ( 2 1 3 )
      -->FILD3DYN/anh_Q1.-1o2_0_0_Q2.-1o2_1o2_0_Q3.1_-1o2_0
       point # 22  : star #  4  perm #  4 ( 2 3 1 )
      -->FILD3DYN/anh_Q1.-1o2_0_0_Q2.1_-1o2_0_Q3.-1o2_1o2_0
       point # 23  : star #  4  perm #  5 ( 3 1 2 )
      -->FILD3DYN/anh_Q1.1_-1o2_0_Q2.-1o2_1o2_0_Q3.-1o2_0_0
       point # 24  : star #  4  perm #  6 ( 3 2 1 )
      -->FILD3DYN/anh_Q1.1_-1o2_0_Q2.-1o2_0_0_Q3.-1o2_1o2_0
       point # 25  : star #  5  perm #  1 ( 1 2 3 )
      -->FILD3DYN/anh_Q1.1o2_-1o2_0_Q2.0_-1o2_0_Q3.-1o2_1_0
       point # 26  : star #  5  perm #  2 ( 1 3 2 )
      -->FILD3DYN/anh_Q1.1o2_-1o2_0_Q2.-1o2_1_0_Q3.0_-1o2_0
       point # 27  : star #  5  perm #  3 ( 2 1 3 )
      -->FILD3DYN/anh_Q1.0_-1o2_0_Q2.1o2_-1o2_0_Q3.-1o2_1_0
       point # 28  : star #  5  perm #  4 ( 2 3 1 )
      -->FILD3DYN/anh_Q1.0_-1o2_0_Q2.-1o2_1_0_Q3.1o2_-1o2_0
       point # 29  : star #  5  perm #  5 ( 3 1 2 )
      -->FILD3DYN/anh_Q1.-1o2_1_0_Q2.1o2_-1o2_0_Q3.0_-1o2_0
       point # 30  : star #  5  perm #  6 ( 3 2 1 )
      -->FILD3DYN/anh_Q1.-1o2_1_0_Q2.0_-1o2_0_Q3.1o2_-1o2_0
       point # 31  : star #  6  perm #  1 ( 1 2 3 )
      -->FILD3DYN/anh_Q1.-1o2_0_0_Q2.-1o2_1o2_0_Q3.1_-1o2_0
       point # 32  : star #  6  perm #  2 ( 1 3 2 )
      -->FILD3DYN/anh_Q1.-1o2_0_0_Q2.1_-1o2_0_Q3.-1o2_1o2_0
       point # 33  : star #  6  perm #  3 ( 2 1 3 )
      -->FILD3DYN/anh_Q1.-1o2_1o2_0_Q2.-1o2_0_0_Q3.1_-1o2_0
       point # 34  : star #  6  perm #  4 ( 2 3 1 )
      -->FILD3DYN/anh_Q1.-1o2_1o2_0_Q2.1_-1o2_0_Q3.-1o2_0_0
       point # 35  : star #  6  perm #  5 ( 3 1 2 )
      -->FILD3DYN/anh_Q1.1_-1o2_0_Q2.-1o2_0_0_Q3.-1o2_1o2_0
       point # 36  : star #  6  perm #  6 ( 3 2 1 )
      -->FILD3DYN/anh_Q1.1_-1o2_0_Q2.-1o2_1o2_0_Q3.-1o2_0_0
     d3matrix      cpu time:     0.01 sec    Total time:      191.76 sec

     =============== computing D3 done

     ================== cleanup start

     ================== cleanup done

     D3TOTEN      :    184.64s CPU    191.77s WALL (       3 calls)

      NSCF calculation of ground-state wfcs
     init_run     :      0.15s CPU      0.16s WALL (       3 calls)
     electrons    :     10.99s CPU     11.42s WALL (       3 calls)
     c_bands      :     10.99s CPU     11.42s WALL (       3 calls)
     cegterg      :      8.34s CPU      8.65s WALL (     175 calls)

      NSCF calculation of perturbed wfcs
     generate_dwf :    101.46s CPU    105.94s WALL (       3 calls)
     solve_linter :    101.46s CPU    105.94s WALL (     148 calls)
     ortho        :      0.20s CPU      0.20s WALL (    1452 calls)
     cgsolve      :     76.32s CPU     79.67s WALL (    1452 calls)
     incdrhoscf   :      0.24s CPU      0.27s WALL (      96 calls)
     set_efsh     :      0.00s CPU      0.00s WALL (       8 calls)

     ch_psi       :     74.31s CPU     77.59s WALL (   36195 calls)
     h_psiq       :     63.59s CPU     66.46s WALL (   36195 calls)

     firstfft     :     22.05s CPU     23.08s WALL (  186782 calls)
     secondfft    :     28.62s CPU     29.98s WALL (  186782 calls)

      D3 setup and pre-calculations
     d3_setup     :      0.00s CPU      0.00s WALL (       3 calls)
     d3_setup_noq :      0.00s CPU      0.00s WALL (       1 calls)
     d3_init      :      0.16s CPU      0.17s WALL (       3 calls)
     gen_dpsi1dv2 :     15.23s CPU     15.91s WALL (       3 calls)
     dpsi1dv2psi  :     14.59s CPU     15.24s WALL (      17 calls)

      D3 matrix elements
     dpsi1dv2dpsi :     44.07s CPU     45.07s WALL (      10 calls)
     dpsi1dpsi2dv :      0.49s CPU      0.53s WALL (      10 calls)
     dq1rhodq23v  :      8.41s CPU      8.49s WALL (       6 calls)
     rhodq123v    :      1.57s CPU      1.58s WALL (       3 calls)
     d3ionq       :      0.24s CPU      0.24s WALL (       3 calls)
     d3_smr_ijk   :      0.11s CPU      0.13s WALL (      10 calls)
     d3_smr_ij    :     34.18s CPU     35.44s WALL (       2 calls)
     d3_smr_gamma :      0.00s CPU      0.00s WALL (       1 calls)
     d3_exc_gc    :      1.50s CPU      1.77s WALL (      10 calls)
     d3matrix     :      0.01s CPU      0.02s WALL (       3 calls)

      Input/output
     drho_add_pha :      0.00s CPU      0.00s WALL (      12 calls)
     drho_change_ :      0.00s CPU      0.01s WALL (       2 calls)
     read_drho    :      0.42s CPU      0.65s WALL (    2940 calls)
     davcio       :      0.78s CPU      0.95s WALL (  113280 calls)

      General routines
     calbec       :     11.03s CPU     11.35s WALL (   75584 calls)

      Parallel routines
     fft_scatter  :     34.14s CPU     36.21s WALL (  567695 calls)
