
     Program PHONON v.7.5 starts on  8Jun2026 at 11:55:19 

     This program is part of the open-source Quantum ESPRESSO suite
     for quantum simulation of materials; please cite
         "P. Giannozzi et al., J. Phys.:Condens. Matter 21 395502 (2009);
         "P. Giannozzi et al., J. Phys.:Condens. Matter 29 465901 (2017);
         "P. Giannozzi et al., J. Chem. Phys. 152 154105 (2020);
          URL http://www.quantum-espresso.org", 
     in publications or presentations arising from this work. More details at
     http://www.quantum-espresso.org/quote

     Parallel version (MPI), running on     4 processors

     MPI processes distributed on     1 nodes
     896 MiB available memory on the printing compute node when the environment starts

     Reading input from ph.in

     Reading xml data from directory:

     /home/lorenzo/espresso/D3Q/Examples/Graphene/TMP/gene.save/

     K-points division:     npool     =       2
     R & G space division:  proc/nbgrp/npool/nimage =       2
     Subspace diagonalization in iterative solution of the eigenvalue problem:
     a serial algorithm will be used

     file C.pbe-mt_fhi.UPF: wavefunction(s)  4f renormalized

     IMPORTANT: XC functional enforced from input :
     Exchange-correlation= PBE
                           (   1   4   3   4   0   0   0)
     Any further DFT definition will be discarded
     Please, verify this is what you really want


     Parallelization info
     --------------------
     sticks:   dense  smooth     PW     G-vecs:    dense   smooth      PW
     Min         210     210     60                10060    10060    1678
     Max         211     211     61                10065    10065    1687
     Sum         421     421    121                20125    20125    3365

     Using Slab Decomposition

     Reading collected, re-writing distributed wavefunctions in /home/lorenzo/espresso/D3Q/Examples/Graphene/TMP/


     Dynamical matrices for ( 2, 2, 1)  uniform grid of q-points
     (   2 q-points):
       N         xq(1)         xq(2)         xq(3) 
       1   0.000000000   0.000000000   0.000000000
       2   0.000000000  -0.577350269   0.000000000

     Number and degeneracy of irreps per q-point
       N         xq(1)         xq(2)         xq(3)   N irreps
       1   0.000000000   0.000000000   0.000000000       4
        1   2   1   2
       2   0.000000000  -0.577350269   0.000000000       6
     No degeneracy

     Calculation of q =    0.0000000   0.0000000   0.0000000

Possibly too few bands at point    1   0.00000   0.00000   0.00000

Possibly too few bands at point    2   0.00000   0.14434   0.00000

Possibly too few bands at point    3   0.00000   0.28868   0.00000

     graphene for phonons                                                       

     bravais-lattice index     =            4
     lattice parameter (alat)  =       4.6074  a.u.
     unit-cell volume          =     254.1126 (a.u.)^3
     number of atoms/cell      =            2
     number of atomic types    =            1
     kinetic-energy cut-off    =      70.0000  Ry
     charge density cut-off    =     280.0000  Ry
     convergence threshold     =      1.0E-20
     beta                      =       0.7000
     number of iterations used =            4
     Exchange-correlation= PBE
                           (   1   4   3   4   0   0   0)


     celldm(1)=    4.60742  celldm(2)=    0.00000  celldm(3)=    3.00000
     celldm(4)=    0.00000  celldm(5)=    0.00000  celldm(6)=    0.00000

     crystal axes: (cart. coord. in units of alat)
               a(1) = (  1.0000  0.0000  0.0000 )  
               a(2) = ( -0.5000  0.8660  0.0000 )  
               a(3) = (  0.0000  0.0000  3.0000 )  

     reciprocal axes: (cart. coord. in units 2 pi/alat)
               b(1) = (  1.0000  0.5774 -0.0000 )  
               b(2) = (  0.0000  1.1547  0.0000 )  
               b(3) = (  0.0000 -0.0000  0.3333 )  


     Atoms inside the unit cell: 

     Cartesian axes

     site n.  atom      mass           positions (alat units)
        1  C      12.0107   tau(    1) = (    0.50000    0.28868    0.00000  )
        2  C      12.0107   tau(    2) = (    0.50000   -0.28868    0.00000  )

     Computing dynamical matrix for 
                    q = (   0.0000000   0.0000000   0.0000000 )

     25 Sym.Ops. (with q -> -q+G )


     G cutoff =  150.5617  (  10060 G-vectors)     FFT grid: ( 25, 25, 75)

     number of k points=    10  Marzari-Vanderbilt smearing, width (Ry)=  0.2500

     PseudoPot. # 1 for C  read from file:
     /home/lorenzo/espresso/D3Q/Examples/Graphene/UPF/C.pbe-mt_fhi.UPF
     MD5 check sum: 058ca341f9d6d5327d9962fd88a91b65
     Pseudo is Norm-conserving, Zval =  4.0
     Generated using FHI98PP, converted with fhi2upf.x v.5.0.2
     Using radial grid of  461 points,  3 beta functions with: 
                l(1) =   0
                l(2) =   1
                l(3) =   3

     Mode symmetry, D_6h(6/mmm) point group:


     Atomic displacements:
     There are    4 irreducible representations

     Representation     1      1 modes -  To be done

     Representation     2      2 modes -  To be done

     Representation     3      1 modes -  To be done

     Representation     4      2 modes -  To be done



     Alpha used in Ewald sum =   2.8000
     PHONON       :      0.16s CPU      0.18s WALL



     Representation #   1 mode #   1

     Self-consistent Calculation

     Pert. #  1: Fermi energy shift (Ry) =     0.0000E+00     0.0000E+00

      iter #   1 total cpu time :     0.3 secs   av.it.:   3.4
      thresh= 1.000E-02 alpha_mix =  0.700 |ddv_scf|^2 =  8.138E-08

     Pert. #  1: Fermi energy shift (Ry) =     0.0000E+00     0.0000E+00

      iter #   2 total cpu time :     0.5 secs   av.it.:   6.4
      thresh= 2.853E-05 alpha_mix =  0.700 |ddv_scf|^2 =  5.739E-09

     Pert. #  1: Fermi energy shift (Ry) =     0.0000E+00     0.0000E+00

      iter #   3 total cpu time :     0.6 secs   av.it.:   5.7
      thresh= 7.576E-06 alpha_mix =  0.700 |ddv_scf|^2 =  5.724E-10

     Pert. #  1: Fermi energy shift (Ry) =     0.0000E+00     0.0000E+00

      iter #   4 total cpu time :     0.7 secs   av.it.:   5.5
      thresh= 2.392E-06 alpha_mix =  0.700 |ddv_scf|^2 =  1.501E-11

     Pert. #  1: Fermi energy shift (Ry) =     0.0000E+00     0.0000E+00

      iter #   5 total cpu time :     0.9 secs   av.it.:   5.3
      thresh= 3.874E-07 alpha_mix =  0.700 |ddv_scf|^2 =  5.476E-13

     Pert. #  1: Fermi energy shift (Ry) =     0.0000E+00     0.0000E+00

      iter #   6 total cpu time :     1.0 secs   av.it.:   4.0
      thresh= 7.400E-08 alpha_mix =  0.700 |ddv_scf|^2 =  4.410E-14

     Pert. #  1: Fermi energy shift (Ry) =     0.0000E+00     0.0000E+00

      iter #   7 total cpu time :     1.2 secs   av.it.:   4.4
      thresh= 2.100E-08 alpha_mix =  0.700 |ddv_scf|^2 =  1.210E-15

     Pert. #  1: Fermi energy shift (Ry) =     0.0000E+00     0.0000E+00

      iter #   8 total cpu time :     1.3 secs   av.it.:   4.0
      thresh= 3.479E-09 alpha_mix =  0.700 |ddv_scf|^2 =  5.906E-17

     Pert. #  1: Fermi energy shift (Ry) =     0.0000E+00     0.0000E+00

      iter #   9 total cpu time :     1.4 secs   av.it.:   3.0
      thresh= 7.685E-10 alpha_mix =  0.700 |ddv_scf|^2 =  1.765E-18

     Pert. #  1: Fermi energy shift (Ry) =     0.0000E+00     0.0000E+00

      iter #  10 total cpu time :     1.5 secs   av.it.:   4.5
      thresh= 1.328E-10 alpha_mix =  0.700 |ddv_scf|^2 =  8.455E-21

     End of self-consistent calculation

     Convergence has been achieved 


     Representation #   2 modes #   2   3

     Self-consistent Calculation

     Pert. #  1: Fermi energy shift (Ry) =     1.5902E-17     4.3101E-38
     Pert. #  2: Fermi energy shift (Ry) =    -1.3010E-18    -1.9592E-38

      iter #   1 total cpu time :     1.8 secs   av.it.:   3.8
      thresh= 1.000E-02 alpha_mix =  0.700 |ddv_scf|^2 =  1.895E-07

     Pert. #  1: Fermi energy shift (Ry) =    -1.8359E-17    -1.5306E-41
     Pert. #  2: Fermi energy shift (Ry) =    -4.3368E-19     0.0000E+00

      iter #   2 total cpu time :     2.1 secs   av.it.:   6.8
      thresh= 4.354E-05 alpha_mix =  0.700 |ddv_scf|^2 =  1.084E-09

     Pert. #  1: Fermi energy shift (Ry) =     4.1922E-18     1.5306E-41
     Pert. #  2: Fermi energy shift (Ry) =     2.8912E-19    -3.8265E-41

      iter #   3 total cpu time :     2.4 secs   av.it.:   6.6
      thresh= 3.293E-06 alpha_mix =  0.700 |ddv_scf|^2 =  9.469E-11

     Pert. #  1: Fermi energy shift (Ry) =     6.3607E-18    -1.2077E-41
     Pert. #  2: Fermi energy shift (Ry) =     2.7466E-18     2.9296E-42

      iter #   4 total cpu time :     2.7 secs   av.it.:   6.0
      thresh= 9.731E-07 alpha_mix =  0.700 |ddv_scf|^2 =  9.031E-15

     Pert. #  1: Fermi energy shift (Ry) =     2.1684E-18    -7.8921E-42
     Pert. #  2: Fermi energy shift (Ry) =     2.8912E-18     2.0328E-42

      iter #   5 total cpu time :     3.0 secs   av.it.:   8.2
      thresh= 9.503E-09 alpha_mix =  0.700 |ddv_scf|^2 =  4.819E-16

     Pert. #  1: Fermi energy shift (Ry) =    -6.0715E-18    -1.9491E-41
     Pert. #  2: Fermi energy shift (Ry) =    -4.3368E-19     3.4677E-42

      iter #   6 total cpu time :     3.3 secs   av.it.:   6.5
      thresh= 2.195E-09 alpha_mix =  0.700 |ddv_scf|^2 =  3.727E-18

     Pert. #  1: Fermi energy shift (Ry) =     1.6046E-17    -1.9491E-41
     Pert. #  2: Fermi energy shift (Ry) =     2.7466E-18     3.4677E-42

      iter #   7 total cpu time :     3.6 secs   av.it.:   7.2
      thresh= 1.931E-10 alpha_mix =  0.700 |ddv_scf|^2 =  1.415E-20

     Pert. #  1: Fermi energy shift (Ry) =     4.7705E-18    -1.9491E-41
     Pert. #  2: Fermi energy shift (Ry) =     7.2280E-19     3.4677E-42

      iter #   8 total cpu time :     3.9 secs   av.it.:   8.0
      thresh= 1.190E-11 alpha_mix =  0.700 |ddv_scf|^2 =  3.308E-22

     End of self-consistent calculation

     Convergence has been achieved 


     Representation #   3 mode #   4

     Self-consistent Calculation

     Pert. #  1: Fermi energy shift (Ry) =    -1.7647E-23    -9.7958E-40

      iter #   1 total cpu time :     4.1 secs   av.it.:   4.2
      thresh= 1.000E-02 alpha_mix =  0.700 |ddv_scf|^2 =  1.172E-04

     Pert. #  1: Fermi energy shift (Ry) =    -7.0586E-23     3.9183E-39

      iter #   2 total cpu time :     4.3 secs   av.it.:   5.6
      thresh= 1.083E-03 alpha_mix =  0.700 |ddv_scf|^2 =  1.016E-04

     Pert. #  1: Fermi energy shift (Ry) =     0.0000E+00    -3.1347E-38

      iter #   3 total cpu time :     4.4 secs   av.it.:   5.1
      thresh= 1.008E-03 alpha_mix =  0.700 |ddv_scf|^2 =  1.199E-06

     Pert. #  1: Fermi energy shift (Ry) =     1.1029E-24    -2.4489E-40

      iter #   4 total cpu time :     4.5 secs   av.it.:   5.1
      thresh= 1.095E-04 alpha_mix =  0.700 |ddv_scf|^2 =  3.015E-09

     Pert. #  1: Fermi energy shift (Ry) =     0.0000E+00    -2.4489E-40

      iter #   5 total cpu time :     4.7 secs   av.it.:   4.9
      thresh= 5.491E-06 alpha_mix =  0.700 |ddv_scf|^2 =  2.392E-10

     Pert. #  1: Fermi energy shift (Ry) =     0.0000E+00     3.0612E-41

      iter #   6 total cpu time :     4.8 secs   av.it.:   4.7
      thresh= 1.547E-06 alpha_mix =  0.700 |ddv_scf|^2 =  3.946E-12

     Pert. #  1: Fermi energy shift (Ry) =     8.4145E-30     7.6530E-42

      iter #   7 total cpu time :     5.0 secs   av.it.:   6.0
      thresh= 1.987E-07 alpha_mix =  0.700 |ddv_scf|^2 =  2.844E-13

     Pert. #  1: Fermi energy shift (Ry) =     8.6165E-27    -1.9132E-42

      iter #   8 total cpu time :     5.1 secs   av.it.:   5.0
      thresh= 5.333E-08 alpha_mix =  0.700 |ddv_scf|^2 =  7.177E-16

     Pert. #  1: Fermi energy shift (Ry) =     1.7233E-26    -9.5662E-43

      iter #   9 total cpu time :     5.3 secs   av.it.:   6.3
      thresh= 2.679E-09 alpha_mix =  0.700 |ddv_scf|^2 =  7.296E-17

     Pert. #  1: Fermi energy shift (Ry) =     1.7233E-26    -9.5662E-43

      iter #  10 total cpu time :     5.4 secs   av.it.:   5.1
      thresh= 8.542E-10 alpha_mix =  0.700 |ddv_scf|^2 =  4.118E-19

     Pert. #  1: Fermi energy shift (Ry) =     1.7233E-26    -9.5662E-43

      iter #  11 total cpu time :     5.6 secs   av.it.:   6.4
      thresh= 6.417E-11 alpha_mix =  0.700 |ddv_scf|^2 =  6.658E-20

     Pert. #  1: Fermi energy shift (Ry) =    -1.7233E-26    -9.5662E-43

      iter #  12 total cpu time :     5.7 secs   av.it.:   4.9
      thresh= 2.580E-11 alpha_mix =  0.700 |ddv_scf|^2 =  1.664E-20

     Pert. #  1: Fermi energy shift (Ry) =     1.7233E-26    -9.5662E-43

      iter #  13 total cpu time :     5.9 secs   av.it.:   3.7
      thresh= 1.290E-11 alpha_mix =  0.700 |ddv_scf|^2 =  1.980E-21

     End of self-consistent calculation

     Convergence has been achieved 


     Representation #   4 modes #   5   6

     Self-consistent Calculation

     Pert. #  1: Fermi energy shift (Ry) =    -4.2352E-22    -4.0124E-36
     Pert. #  2: Fermi energy shift (Ry) =     7.7645E-22    -2.0062E-36

      iter #   1 total cpu time :     6.1 secs   av.it.:   3.6
      thresh= 1.000E-02 alpha_mix =  0.700 |ddv_scf|^2 =  4.248E-08

     Pert. #  1: Fermi energy shift (Ry) =     5.1699E-26     1.8367E-40
     Pert. #  2: Fermi energy shift (Ry) =     5.1699E-26    -1.5306E-39

      iter #   2 total cpu time :     6.4 secs   av.it.:   6.7
      thresh= 2.061E-05 alpha_mix =  0.700 |ddv_scf|^2 =  1.255E-09

     Pert. #  1: Fermi energy shift (Ry) =    -1.3786E-25    -4.8979E-40
     Pert. #  2: Fermi energy shift (Ry) =     3.4466E-26    -1.2245E-40

      iter #   3 total cpu time :     6.7 secs   av.it.:   6.4
      thresh= 3.543E-06 alpha_mix =  0.700 |ddv_scf|^2 =  7.467E-11

     Pert. #  1: Fermi energy shift (Ry) =     6.8932E-26    -3.6734E-40
     Pert. #  2: Fermi energy shift (Ry) =     0.0000E+00    -1.2245E-40

      iter #   4 total cpu time :     6.9 secs   av.it.:   5.8
      thresh= 8.641E-07 alpha_mix =  0.700 |ddv_scf|^2 =  2.298E-14

     Pert. #  1: Fermi energy shift (Ry) =     8.6165E-27    -3.8265E-42
     Pert. #  2: Fermi energy shift (Ry) =    -1.2925E-26    -3.8265E-42

      iter #   5 total cpu time :     7.3 secs   av.it.:   7.7
      thresh= 1.516E-08 alpha_mix =  0.700 |ddv_scf|^2 =  1.018E-15

     Pert. #  1: Fermi energy shift (Ry) =     8.6165E-27     1.5306E-41
     Pert. #  2: Fermi energy shift (Ry) =    -1.2925E-26    -1.5306E-41

      iter #   6 total cpu time :     7.5 secs   av.it.:   6.1
      thresh= 3.191E-09 alpha_mix =  0.700 |ddv_scf|^2 =  2.281E-17

     Pert. #  1: Fermi energy shift (Ry) =     1.2925E-26     1.5306E-41
     Pert. #  2: Fermi energy shift (Ry) =    -8.6165E-27    -1.5306E-41

      iter #   7 total cpu time :     7.8 secs   av.it.:   7.0
      thresh= 4.776E-10 alpha_mix =  0.700 |ddv_scf|^2 =  4.938E-19

     Pert. #  1: Fermi energy shift (Ry) =     0.0000E+00     1.5306E-41
     Pert. #  2: Fermi energy shift (Ry) =    -1.2925E-26    -1.5306E-41

      iter #   8 total cpu time :     8.1 secs   av.it.:   5.4
      thresh= 7.027E-11 alpha_mix =  0.700 |ddv_scf|^2 =  5.690E-21

     End of self-consistent calculation

     Convergence has been achieved 

     Number of q in the star =    1
     List of q in the star:
          1   0.000000000   0.000000000   0.000000000

     Diagonalizing the dynamical matrix

     q = (    0.000000000   0.000000000   0.000000000 ) 

 **************************************************************************
     freq (    1) =      -0.238500 [THz] =      -7.955499 [cm-1]
     freq (    2) =       1.879932 [THz] =      62.707778 [cm-1]
     freq (    3) =       1.879932 [THz] =      62.707778 [cm-1]
     freq (    4) =      27.550678 [THz] =     918.991700 [cm-1]
     freq (    5) =      45.293072 [THz] =    1510.814269 [cm-1]
     freq (    6) =      45.293072 [THz] =    1510.814269 [cm-1]
 **************************************************************************

     Mode symmetry, D_6h(6/mmm) point group:

     freq (   1-   1) =         -8.0  [cm-1]   --> A_2u            I  
     freq (   2-   3) =         62.7  [cm-1]   --> E_1u            I  
     freq (   4-   4) =        919.0  [cm-1]   --> B_1g               
     freq (   5-   6) =       1510.8  [cm-1]   --> E_2g            R  

     Number of q in the star =    1
     List of q in the star:
          1   0.000000000   0.000000000   0.000000000
       Writing drho for q = (  0.000000  0.000000  0.000000) on file "drho_rot.0_0_0"

     Calculation of q =    0.0000000  -0.5773503   0.0000000

     Parallelization info
     --------------------
     sticks:   dense  smooth     PW     G-vecs:    dense   smooth      PW
     Min         210     210     75                10060    10060    2109
     Max         211     211     76                10065    10065    2116
     Sum         421     421    151                20125    20125    4225

     Using Slab Decomposition


     Title: 
     graphene for phonons                                                       


     bravais-lattice index     =            4
     lattice parameter (alat)  =       4.6074  a.u.
     unit-cell volume          =     254.1126 (a.u.)^3
     number of atoms/cell      =            2
     number of atomic types    =            1
     number of electrons       =         8.00
     number of Kohn-Sham states=            8
     kinetic-energy cutoff     =      70.0000  Ry
     charge density cutoff     =     280.0000  Ry
     Exchange-correlation= PBE
                           (   1   4   3   4   0   0   0)

     celldm(1)=   4.607423  celldm(2)=   0.000000  celldm(3)=   3.000000
     celldm(4)=   0.000000  celldm(5)=   0.000000  celldm(6)=   0.000000

     crystal axes: (cart. coord. in units of alat)
               a(1) = (   1.000000   0.000000   0.000000 )  
               a(2) = (  -0.500000   0.866025   0.000000 )  
               a(3) = (   0.000000   0.000000   3.000000 )  

     reciprocal axes: (cart. coord. in units 2 pi/alat)
               b(1) = (  1.000000  0.577350 -0.000000 )  
               b(2) = (  0.000000  1.154701  0.000000 )  
               b(3) = (  0.000000 -0.000000  0.333333 )  


     PseudoPot. # 1 for C  read from file:
     /home/lorenzo/espresso/D3Q/Examples/Graphene/UPF/C.pbe-mt_fhi.UPF
     MD5 check sum: 058ca341f9d6d5327d9962fd88a91b65
     Pseudo is Norm-conserving, Zval =  4.0
     Generated using FHI98PP, converted with fhi2upf.x v.5.0.2
     Using radial grid of  461 points,  3 beta functions with: 
                l(1) =   0
                l(2) =   1
                l(3) =   3

     atomic species   valence    mass     pseudopotential
     C                 4.00    12.01070     C ( 1.00)

     24 Sym. Ops., with inversion, found



   Cartesian axes

     site n.     atom                  positions (alat units)
         1        C      tau(   1) = (   0.5000000   0.2886800   0.0000000  )
         2        C      tau(   2) = (   0.5000000  -0.2886800   0.0000000  )

     number of k points=    42  Marzari-Vanderbilt smearing, width (Ry)=  0.2500
                       cart. coord. in units 2pi/alat
        k(    1) = (   0.0000000   0.0000000   0.0000000), wk =   0.0312500
        k(    2) = (   0.0000000  -0.5773503   0.0000000), wk =   0.0000000
        k(    3) = (   0.0000000   0.1443376   0.0000000), wk =   0.0625000
        k(    4) = (   0.0000000  -0.4330127   0.0000000), wk =   0.0000000
        k(    5) = (   0.0000000   0.2886751   0.0000000), wk =   0.0625000
        k(    6) = (   0.0000000  -0.2886751   0.0000000), wk =   0.0000000
        k(    7) = (   0.0000000   0.4330127   0.0000000), wk =   0.0625000
        k(    8) = (   0.0000000  -0.1443376   0.0000000), wk =   0.0000000
        k(    9) = (   0.0000000  -0.5773503   0.0000000), wk =   0.0312500
        k(   10) = (   0.0000000  -1.1547005   0.0000000), wk =   0.0000000
        k(   11) = (   0.1250000   0.2165064   0.0000000), wk =   0.1250000
        k(   12) = (   0.1250000  -0.3608439   0.0000000), wk =   0.0000000
        k(   13) = (   0.1250000   0.3608439   0.0000000), wk =   0.1250000
        k(   14) = (   0.1250000  -0.2165064   0.0000000), wk =   0.0000000
        k(   15) = (   0.1250000   0.5051815   0.0000000), wk =   0.1250000
        k(   16) = (   0.1250000  -0.0721688   0.0000000), wk =   0.0000000
        k(   17) = (   0.2500000   0.4330127   0.0000000), wk =   0.1250000
        k(   18) = (   0.2500000  -0.1443376   0.0000000), wk =   0.0000000
        k(   19) = (   0.2500000   0.5773503   0.0000000), wk =   0.0625000
        k(   20) = (   0.2500000   0.0000000   0.0000000), wk =   0.0000000
        k(   21) = (  -0.1250000  -0.0721688   0.0000000), wk =   0.1250000
        k(   22) = (  -0.1250000  -0.6495191   0.0000000), wk =   0.0000000
        k(   23) = (  -0.2500000  -0.1443376   0.0000000), wk =   0.1250000
        k(   24) = (  -0.2500000  -0.7216878   0.0000000), wk =   0.0000000
        k(   25) = (  -0.3750000  -0.2165064   0.0000000), wk =   0.1250000
        k(   26) = (  -0.3750000  -0.7938566   0.0000000), wk =   0.0000000
        k(   27) = (   0.5000000   0.2886751   0.0000000), wk =   0.0625000
        k(   28) = (   0.5000000  -0.2886751   0.0000000), wk =   0.0000000
        k(   29) = (   0.2500000   0.0000000   0.0000000), wk =   0.0625000
        k(   30) = (   0.2500000  -0.5773503   0.0000000), wk =   0.0000000
        k(   31) = (  -0.2500000  -0.2886751   0.0000000), wk =   0.1250000
        k(   32) = (  -0.2500000  -0.8660254   0.0000000), wk =   0.0000000
        k(   33) = (   0.3750000  -0.0721688   0.0000000), wk =   0.1250000
        k(   34) = (   0.3750000  -0.6495191   0.0000000), wk =   0.0000000
        k(   35) = (  -0.3750000  -0.3608439   0.0000000), wk =   0.1250000
        k(   36) = (  -0.3750000  -0.9381942   0.0000000), wk =   0.0000000
        k(   37) = (   0.5000000  -0.1443376   0.0000000), wk =   0.1250000
        k(   38) = (   0.5000000  -0.7216878   0.0000000), wk =   0.0000000
        k(   39) = (   0.5000000   0.0000000   0.0000000), wk =   0.0625000
        k(   40) = (   0.5000000  -0.5773503   0.0000000), wk =   0.0000000
        k(   41) = (  -0.3750000  -0.5051815   0.0000000), wk =   0.1250000
        k(   42) = (  -0.3750000  -1.0825318   0.0000000), wk =   0.0000000

     Dense  grid:    20125 G-vectors     FFT dimensions: (  25,  25,  75)

     Estimated max dynamical RAM per process >       5.44 MB

     Estimated total dynamical RAM >      21.76 MB

     The potential is recalculated from file :
     /home/lorenzo/espresso/D3Q/Examples/Graphene/TMP/_ph0/gene.save/charge-density

     Starting wfcs are   32 atomic wfcs

     Band Structure Calculation
     Davidson diagonalization with overlap

     ethr =  1.25E-10,  avg # of iterations = 15.4

     total cpu time spent up to now is        1.3 secs

     End of band structure calculation

          k = 0.0000 0.0000 0.0000 (  2509 PWs)   bands (ev):

   -18.5358  -6.7059  -1.8335  -1.8324   3.7187   7.2162   9.4847   9.7532

          k = 0.0000-0.5774 0.0000 (  2516 PWs)   bands (ev):

   -13.1269 -12.1928  -5.2982  -1.2908   2.8243   8.9218  11.8088  11.9441

          k = 0.0000 0.1443 0.0000 (  2509 PWs)   bands (ev):

   -18.1581  -6.2547  -3.2182  -2.5556   4.2326   7.7070   9.7042  10.1284

          k = 0.0000-0.4330 0.0000 (  2510 PWs)   bands (ev):

   -15.2060  -9.5718  -4.9276  -2.8953   5.0129   8.3196   9.1205  11.5823

          k = 0.0000 0.2887 0.0000 (  2503 PWs)   bands (ev):

   -17.0352  -6.2490  -4.9315  -3.8968   5.7730   8.5071   9.2750   9.5247

          k = 0.0000-0.2887 0.0000 (  2503 PWs)   bands (ev):

   -17.0352  -6.2490  -4.9315  -3.8968   5.7730   8.5071   9.2750   9.5247

          k = 0.0000 0.4330 0.0000 (  2510 PWs)   bands (ev):

   -15.2060  -9.5718  -4.9276  -2.8953   5.0129   8.3196   9.1205  11.5823

          k = 0.0000-0.1443 0.0000 (  2509 PWs)   bands (ev):

   -18.1581  -6.2547  -3.2182  -2.5556   4.2326   7.7070   9.7042  10.1284

          k = 0.0000-0.5774 0.0000 (  2516 PWs)   bands (ev):

   -13.1269 -12.1928  -5.2982  -1.2908   2.8243   8.9218  11.8088  11.9441

          k = 0.0000-1.1547 0.0000 (  2509 PWs)   bands (ev):

   -18.5358  -6.7059  -1.8335  -1.8324   3.7187   7.2162   9.4847   9.7532

          k = 0.1250 0.2165 0.0000 (  2508 PWs)   bands (ev):

   -17.4078  -5.3659  -5.0250  -3.9936   5.2608   8.6742   9.6023  10.5150

          k = 0.1250-0.3608 0.0000 (  2508 PWs)   bands (ev):

   -15.9313  -7.8455  -5.5375  -3.6602   6.4810   7.3110  10.5478  10.8031

          k = 0.1250 0.3608 0.0000 (  2508 PWs)   bands (ev):

   -15.9313  -7.8455  -5.5375  -3.6602   6.4810   7.3110  10.5478  10.8031

          k = 0.1250-0.2165 0.0000 (  2508 PWs)   bands (ev):

   -17.4078  -5.3659  -5.0250  -3.9936   5.2608   8.6742   9.6023  10.5150

          k = 0.1250 0.5052 0.0000 (  2513 PWs)   bands (ev):

   -13.8109 -10.9022  -6.3153  -1.5056   3.4106  10.3202  10.5497  12.9464

          k = 0.1250-0.0722 0.0000 (  2509 PWs)   bands (ev):

   -18.1581  -6.2547  -3.2188  -2.5549   4.2326   7.7070   9.7047  10.1286

          k = 0.2500 0.4330 0.0000 (  2542 PWs)   bands (ev):

   -14.1506  -9.3515  -7.8912  -1.6878   4.0295   9.8498  12.0773  13.6670

          k = 0.2500-0.1443 0.0000 (  2503 PWs)   bands (ev):

   -17.0352  -6.2494  -4.9315  -3.8964   5.7730   8.5070   9.2749   9.5251

          k = 0.2500 0.5774 0.0000 (  2528 PWs)   bands (ev):

   -12.1710 -11.3459  -8.6782   0.0825   2.1031  12.1791  13.1307  13.2965

          k = 0.2500 0.0000 0.0000 (  2508 PWs)   bands (ev):

   -17.4078  -5.3659  -5.0257  -3.9930   5.2608   8.6742   9.6021  10.5157

          k =-0.1250-0.0722 0.0000 (  2509 PWs)   bands (ev):

   -18.1581  -6.2547  -3.2188  -2.5549   4.2326   7.7070   9.7047  10.1286

          k =-0.1250-0.6495 0.0000 (  2513 PWs)   bands (ev):

   -13.8109 -10.9022  -6.3153  -1.5056   3.4106  10.3202  10.5497  12.9464

          k =-0.2500-0.1443 0.0000 (  2503 PWs)   bands (ev):

   -17.0352  -6.2494  -4.9315  -3.8964   5.7730   8.5070   9.2749   9.5251

          k =-0.2500-0.7217 0.0000 (  2542 PWs)   bands (ev):

   -14.1506  -9.3515  -7.8912  -1.6878   4.0295   9.8498  12.0773  13.6670

          k =-0.3750-0.2165 0.0000 (  2510 PWs)   bands (ev):

   -15.2060  -9.5721  -4.9272  -2.8952   5.0126   8.3197   9.1208  11.5823

          k =-0.3750-0.7939 0.0000 (  2513 PWs)   bands (ev):

   -13.8109 -10.9026  -6.3150  -1.5053   3.4102  10.3203  10.5499  12.9464

          k = 0.5000 0.2887 0.0000 (  2516 PWs)   bands (ev):

   -13.1265 -12.1935  -5.2978  -1.2905   2.8237   8.9221  11.8088  11.9440

          k = 0.5000-0.2887 0.0000 (  2516 PWs)   bands (ev):

   -13.1265 -12.1935  -5.2978  -1.2905   2.8237   8.9221  11.8088  11.9440

          k = 0.2500 0.0000 0.0000 (  2508 PWs)   bands (ev):

   -17.4078  -5.3659  -5.0257  -3.9930   5.2608   8.6742   9.6021  10.5157

          k = 0.2500-0.5774 0.0000 (  2528 PWs)   bands (ev):

   -12.1710 -11.3459  -8.6782   0.0825   2.1031  12.1791  13.1307  13.2965

          k =-0.2500-0.2887 0.0000 (  2508 PWs)   bands (ev):

   -15.9313  -7.8457  -5.5372  -3.6602   6.4808   7.3110  10.5478  10.8034

          k =-0.2500-0.8660 0.0000 (  2508 PWs)   bands (ev):

   -15.9313  -7.8457  -5.5372  -3.6602   6.4808   7.3110  10.5478  10.8034

          k = 0.3750-0.0722 0.0000 (  2508 PWs)   bands (ev):

   -15.9313  -7.8459  -5.5370  -3.6602   6.4807   7.3110  10.5478  10.8036

          k = 0.3750-0.6495 0.0000 (  2528 PWs)   bands (ev):

   -12.1706 -11.3467  -8.6779   0.0829   2.1027  12.1793  13.1308  13.2964

          k =-0.3750-0.3608 0.0000 (  2513 PWs)   bands (ev):

   -13.8109 -10.9026  -6.3150  -1.5053   3.4102  10.3203  10.5499  12.9464

          k =-0.3750-0.9382 0.0000 (  2510 PWs)   bands (ev):

   -15.2060  -9.5721  -4.9272  -2.8952   5.0126   8.3197   9.1208  11.5823

          k = 0.5000-0.1443 0.0000 (  2513 PWs)   bands (ev):

   -13.8109 -10.9026  -6.3149  -1.5053   3.4101  10.3203  10.5499  12.9465

          k = 0.5000-0.7217 0.0000 (  2513 PWs)   bands (ev):

   -13.8109 -10.9026  -6.3149  -1.5053   3.4101  10.3203  10.5499  12.9465

          k = 0.5000 0.0000 0.0000 (  2542 PWs)   bands (ev):

   -14.1506  -9.3520  -7.8907  -1.6877   4.0292   9.8498  12.0775  13.6678

          k = 0.5000-0.5774 0.0000 (  2542 PWs)   bands (ev):

   -14.1506  -9.3520  -7.8907  -1.6877   4.0292   9.8498  12.0775  13.6678

          k =-0.3750-0.5052 0.0000 (  2528 PWs)   bands (ev):

   -12.1706 -11.3467  -8.6779   0.0829   2.1027  12.1793  13.1308  13.2964

          k =-0.3750-1.0825 0.0000 (  2508 PWs)   bands (ev):

   -15.9313  -7.8459  -5.5370  -3.6602   6.4807   7.3110  10.5478  10.8036

     the Fermi energy is     0.3078 ev

     Writing config to output data dir /home/lorenzo/espresso/D3Q/Examples/Graphene/TMP/_ph0/gene.save/ :
     XML data file

Possibly too few bands at point    1   0.00000   0.00000   0.00000

Possibly too few bands at point    3   0.00000   0.14434   0.00000

Possibly too few bands at point    5   0.00000   0.28868   0.00000

Possibly too few bands at point    6   0.00000  -0.28868   0.00000

Possibly too few bands at point    8   0.00000  -0.14434   0.00000

Possibly too few bands at point   10   0.00000  -1.15470   0.00000

Possibly too few bands at point   16   0.12500  -0.07217   0.00000

Possibly too few bands at point   18   0.25000  -0.14434   0.00000

Possibly too few bands at point   21  -0.12500  -0.07217   0.00000

     graphene for phonons                                                       

     bravais-lattice index     =            4
     lattice parameter (alat)  =       4.6074  a.u.
     unit-cell volume          =     254.1126 (a.u.)^3
     number of atoms/cell      =            2
     number of atomic types    =            1
     kinetic-energy cut-off    =      70.0000  Ry
     charge density cut-off    =     280.0000  Ry
     convergence threshold     =      1.0E-20
     beta                      =       0.7000
     number of iterations used =            4
     Exchange-correlation= PBE
                           (   1   4   3   4   0   0   0)


     celldm(1)=    4.60742  celldm(2)=    0.00000  celldm(3)=    3.00000
     celldm(4)=    0.00000  celldm(5)=    0.00000  celldm(6)=    0.00000

     crystal axes: (cart. coord. in units of alat)
               a(1) = (  1.0000  0.0000  0.0000 )  
               a(2) = ( -0.5000  0.8660  0.0000 )  
               a(3) = (  0.0000  0.0000  3.0000 )  

     reciprocal axes: (cart. coord. in units 2 pi/alat)
               b(1) = (  1.0000  0.5774 -0.0000 )  
               b(2) = (  0.0000  1.1547  0.0000 )  
               b(3) = (  0.0000 -0.0000  0.3333 )  


     Atoms inside the unit cell: 

     Cartesian axes

     site n.  atom      mass           positions (alat units)
        1  C      12.0107   tau(    1) = (    0.50000    0.28868    0.00000  )
        2  C      12.0107   tau(    2) = (    0.50000   -0.28868    0.00000  )

     Computing dynamical matrix for 
                    q = (   0.0000000  -0.5773503   0.0000000 )

      9 Sym.Ops. (with q -> -q+G )


     G cutoff =  150.5617  (  10060 G-vectors)     FFT grid: ( 25, 25, 75)

     number of k points=    42  Marzari-Vanderbilt smearing, width (Ry)=  0.2500

     PseudoPot. # 1 for C  read from file:
     /home/lorenzo/espresso/D3Q/Examples/Graphene/UPF/C.pbe-mt_fhi.UPF
     MD5 check sum: 058ca341f9d6d5327d9962fd88a91b65
     Pseudo is Norm-conserving, Zval =  4.0
     Generated using FHI98PP, converted with fhi2upf.x v.5.0.2
     Using radial grid of  461 points,  3 beta functions with: 
                l(1) =   0
                l(2) =   1
                l(3) =   3

     Mode symmetry, D_2h (mmm)  point group:


     Atomic displacements:
     There are    6 irreducible representations

     Representation     1      1 modes -  To be done

     Representation     2      1 modes -  To be done

     Representation     3      1 modes -  To be done

     Representation     4      1 modes -  To be done

     Representation     5      1 modes -  To be done

     Representation     6      1 modes -  To be done


     Message from routine init_vloc:
     Interpolation table for Vloc re-allocated

     Alpha used in Ewald sum =   2.8000
     PHONON       :      9.00s CPU      9.57s WALL



     Representation #   1 mode #   1

     Self-consistent Calculation

      iter #   1 total cpu time :     9.8 secs   av.it.:   4.3
      thresh= 1.000E-02 alpha_mix =  0.700 |ddv_scf|^2 =  3.117E-05

      iter #   2 total cpu time :    10.1 secs   av.it.:   6.5
      thresh= 5.583E-04 alpha_mix =  0.700 |ddv_scf|^2 =  3.439E-05

      iter #   3 total cpu time :    10.4 secs   av.it.:   6.2
      thresh= 5.865E-04 alpha_mix =  0.700 |ddv_scf|^2 =  1.256E-07

      iter #   4 total cpu time :    10.6 secs   av.it.:   6.4
      thresh= 3.545E-05 alpha_mix =  0.700 |ddv_scf|^2 =  4.258E-10

      iter #   5 total cpu time :    10.9 secs   av.it.:   6.7
      thresh= 2.063E-06 alpha_mix =  0.700 |ddv_scf|^2 =  5.100E-12

      iter #   6 total cpu time :    11.2 secs   av.it.:   6.7
      thresh= 2.258E-07 alpha_mix =  0.700 |ddv_scf|^2 =  2.280E-13

      iter #   7 total cpu time :    11.5 secs   av.it.:   6.7
      thresh= 4.775E-08 alpha_mix =  0.700 |ddv_scf|^2 =  9.287E-15

      iter #   8 total cpu time :    11.8 secs   av.it.:   6.5
      thresh= 9.637E-09 alpha_mix =  0.700 |ddv_scf|^2 =  6.819E-17

      iter #   9 total cpu time :    12.1 secs   av.it.:   7.5
      thresh= 8.258E-10 alpha_mix =  0.700 |ddv_scf|^2 =  8.877E-19

      iter #  10 total cpu time :    12.4 secs   av.it.:   7.5
      thresh= 9.422E-11 alpha_mix =  0.700 |ddv_scf|^2 =  2.575E-19

      iter #  11 total cpu time :    12.7 secs   av.it.:   6.5
      thresh= 5.075E-11 alpha_mix =  0.700 |ddv_scf|^2 =  5.511E-21

     End of self-consistent calculation

     Convergence has been achieved 


     Representation #   2 mode #   2

     Self-consistent Calculation

      iter #   1 total cpu time :    12.9 secs   av.it.:   3.4
      thresh= 1.000E-02 alpha_mix =  0.700 |ddv_scf|^2 =  4.788E-08

      iter #   2 total cpu time :    13.2 secs   av.it.:   6.0
      thresh= 2.188E-05 alpha_mix =  0.700 |ddv_scf|^2 =  4.506E-09

      iter #   3 total cpu time :    13.5 secs   av.it.:   5.8
      thresh= 6.713E-06 alpha_mix =  0.700 |ddv_scf|^2 =  3.080E-11

      iter #   4 total cpu time :    13.7 secs   av.it.:   6.7
      thresh= 5.550E-07 alpha_mix =  0.700 |ddv_scf|^2 =  4.275E-14

      iter #   5 total cpu time :    14.0 secs   av.it.:   6.9
      thresh= 2.068E-08 alpha_mix =  0.700 |ddv_scf|^2 =  1.048E-15

      iter #   6 total cpu time :    14.3 secs   av.it.:   6.1
      thresh= 3.237E-09 alpha_mix =  0.700 |ddv_scf|^2 =  1.231E-17

      iter #   7 total cpu time :    14.6 secs   av.it.:   6.8
      thresh= 3.508E-10 alpha_mix =  0.700 |ddv_scf|^2 =  7.944E-20

      iter #   8 total cpu time :    14.9 secs   av.it.:   6.7
      thresh= 2.818E-11 alpha_mix =  0.700 |ddv_scf|^2 =  3.513E-21

     End of self-consistent calculation

     Convergence has been achieved 


     Representation #   3 mode #   3

     Self-consistent Calculation

      iter #   1 total cpu time :    15.1 secs   av.it.:   4.0
      thresh= 1.000E-02 alpha_mix =  0.700 |ddv_scf|^2 =  2.405E-06

      iter #   2 total cpu time :    15.4 secs   av.it.:   6.2
      thresh= 1.551E-04 alpha_mix =  0.700 |ddv_scf|^2 =  6.186E-08

      iter #   3 total cpu time :    15.7 secs   av.it.:   6.4
      thresh= 2.487E-05 alpha_mix =  0.700 |ddv_scf|^2 =  4.575E-09

      iter #   4 total cpu time :    15.9 secs   av.it.:   5.4
      thresh= 6.764E-06 alpha_mix =  0.700 |ddv_scf|^2 =  3.996E-11

      iter #   5 total cpu time :    16.2 secs   av.it.:   6.0
      thresh= 6.321E-07 alpha_mix =  0.700 |ddv_scf|^2 =  3.511E-12

      iter #   6 total cpu time :    16.4 secs   av.it.:   4.5
      thresh= 1.874E-07 alpha_mix =  0.700 |ddv_scf|^2 =  1.088E-14

      iter #   7 total cpu time :    16.7 secs   av.it.:   5.9
      thresh= 1.043E-08 alpha_mix =  0.700 |ddv_scf|^2 =  2.872E-16

      iter #   8 total cpu time :    16.9 secs   av.it.:   4.2
      thresh= 1.695E-09 alpha_mix =  0.700 |ddv_scf|^2 =  1.997E-18

      iter #   9 total cpu time :    17.2 secs   av.it.:   6.1
      thresh= 1.413E-10 alpha_mix =  0.700 |ddv_scf|^2 =  3.475E-19

      iter #  10 total cpu time :    17.5 secs   av.it.:   5.0
      thresh= 5.895E-11 alpha_mix =  0.700 |ddv_scf|^2 =  7.671E-21

     End of self-consistent calculation

     Convergence has been achieved 


     Representation #   4 mode #   4

     Self-consistent Calculation

      iter #   1 total cpu time :    17.7 secs   av.it.:   3.8
      thresh= 1.000E-02 alpha_mix =  0.700 |ddv_scf|^2 =  7.962E-07

      iter #   2 total cpu time :    18.0 secs   av.it.:   6.5
      thresh= 8.923E-05 alpha_mix =  0.700 |ddv_scf|^2 =  1.359E-08

      iter #   3 total cpu time :    18.2 secs   av.it.:   6.0
      thresh= 1.166E-05 alpha_mix =  0.700 |ddv_scf|^2 =  2.781E-09

      iter #   4 total cpu time :    18.5 secs   av.it.:   5.1
      thresh= 5.273E-06 alpha_mix =  0.700 |ddv_scf|^2 =  4.133E-11

      iter #   5 total cpu time :    18.8 secs   av.it.:   6.2
      thresh= 6.429E-07 alpha_mix =  0.700 |ddv_scf|^2 =  1.197E-13

      iter #   6 total cpu time :    19.1 secs   av.it.:   7.1
      thresh= 3.460E-08 alpha_mix =  0.700 |ddv_scf|^2 =  2.024E-15

      iter #   7 total cpu time :    19.4 secs   av.it.:   6.8
      thresh= 4.499E-09 alpha_mix =  0.700 |ddv_scf|^2 =  1.261E-16

      iter #   8 total cpu time :    19.6 secs   av.it.:   6.0
      thresh= 1.123E-09 alpha_mix =  0.700 |ddv_scf|^2 =  3.433E-18

      iter #   9 total cpu time :    19.9 secs   av.it.:   5.6
      thresh= 1.853E-10 alpha_mix =  0.700 |ddv_scf|^2 =  6.547E-20

      iter #  10 total cpu time :    20.2 secs   av.it.:   6.0
      thresh= 2.559E-11 alpha_mix =  0.700 |ddv_scf|^2 =  3.259E-21

     End of self-consistent calculation

     Convergence has been achieved 


     Representation #   5 mode #   5

     Self-consistent Calculation

      iter #   1 total cpu time :    20.4 secs   av.it.:   3.9
      thresh= 1.000E-02 alpha_mix =  0.700 |ddv_scf|^2 =  1.747E-06

      iter #   2 total cpu time :    20.7 secs   av.it.:   6.2
      thresh= 1.322E-04 alpha_mix =  0.700 |ddv_scf|^2 =  1.306E-08

      iter #   3 total cpu time :    20.9 secs   av.it.:   6.4
      thresh= 1.143E-05 alpha_mix =  0.700 |ddv_scf|^2 =  5.590E-10

      iter #   4 total cpu time :    21.2 secs   av.it.:   6.0
      thresh= 2.364E-06 alpha_mix =  0.700 |ddv_scf|^2 =  3.782E-13

      iter #   5 total cpu time :    21.5 secs   av.it.:   7.7
      thresh= 6.150E-08 alpha_mix =  0.700 |ddv_scf|^2 =  2.178E-15

      iter #   6 total cpu time :    21.8 secs   av.it.:   6.6
      thresh= 4.667E-09 alpha_mix =  0.700 |ddv_scf|^2 =  1.873E-16

      iter #   7 total cpu time :    22.1 secs   av.it.:   6.0
      thresh= 1.368E-09 alpha_mix =  0.700 |ddv_scf|^2 =  8.027E-19

      iter #   8 total cpu time :    22.3 secs   av.it.:   5.9
      thresh= 8.959E-11 alpha_mix =  0.700 |ddv_scf|^2 =  5.538E-20

      iter #   9 total cpu time :    22.6 secs   av.it.:   6.0
      thresh= 2.353E-11 alpha_mix =  0.700 |ddv_scf|^2 =  2.636E-22

     End of self-consistent calculation

     Convergence has been achieved 


     Representation #   6 mode #   6

     Self-consistent Calculation

      iter #   1 total cpu time :    22.8 secs   av.it.:   4.1
      thresh= 1.000E-02 alpha_mix =  0.700 |ddv_scf|^2 =  1.485E-05

      iter #   2 total cpu time :    23.1 secs   av.it.:   6.6
      thresh= 3.854E-04 alpha_mix =  0.700 |ddv_scf|^2 =  2.386E-05

      iter #   3 total cpu time :    23.4 secs   av.it.:   6.1
      thresh= 4.885E-04 alpha_mix =  0.700 |ddv_scf|^2 =  1.033E-08

      iter #   4 total cpu time :    23.7 secs   av.it.:   6.8
      thresh= 1.016E-05 alpha_mix =  0.700 |ddv_scf|^2 =  1.964E-10

      iter #   5 total cpu time :    24.0 secs   av.it.:   5.6
      thresh= 1.402E-06 alpha_mix =  0.700 |ddv_scf|^2 =  6.282E-11

      iter #   6 total cpu time :    24.2 secs   av.it.:   5.9
      thresh= 7.926E-07 alpha_mix =  0.700 |ddv_scf|^2 =  1.381E-12

      iter #   7 total cpu time :    24.5 secs   av.it.:   5.8
      thresh= 1.175E-07 alpha_mix =  0.700 |ddv_scf|^2 =  6.407E-13

      iter #   8 total cpu time :    24.7 secs   av.it.:   4.3
      thresh= 8.005E-08 alpha_mix =  0.700 |ddv_scf|^2 =  1.860E-15

      iter #   9 total cpu time :    25.0 secs   av.it.:   5.9
      thresh= 4.313E-09 alpha_mix =  0.700 |ddv_scf|^2 =  3.448E-17

      iter #  10 total cpu time :    25.3 secs   av.it.:   6.3
      thresh= 5.872E-10 alpha_mix =  0.700 |ddv_scf|^2 =  8.925E-19

      iter #  11 total cpu time :    25.6 secs   av.it.:   6.9
      thresh= 9.447E-11 alpha_mix =  0.700 |ddv_scf|^2 =  1.265E-19

      iter #  12 total cpu time :    25.8 secs   av.it.:   6.4
      thresh= 3.557E-11 alpha_mix =  0.700 |ddv_scf|^2 =  4.746E-21

     End of self-consistent calculation

     Convergence has been achieved 

     Number of q in the star =    3
     List of q in the star:
          1   0.000000000  -0.577350269   0.000000000
          2   0.500000000   0.288675135   0.000000000
          3  -0.500000000   0.288675135   0.000000000

     Diagonalizing the dynamical matrix

     q = (    0.000000000  -0.577350269   0.000000000 ) 

 **************************************************************************
     freq (    1) =      11.501216 [THz] =     383.639268 [cm-1]
     freq (    2) =      18.420759 [THz] =     614.450394 [cm-1]
     freq (    3) =      19.653676 [THz] =     655.576052 [cm-1]
     freq (    4) =      40.264582 [THz] =    1343.081872 [cm-1]
     freq (    5) =      40.497968 [THz] =    1350.866799 [cm-1]
     freq (    6) =      43.123553 [THz] =    1438.446899 [cm-1]
 **************************************************************************

     Mode symmetry, D_2h (mmm)  point group:

     freq (   1-   1) =        383.6  [cm-1]   --> B_2g               
     freq (   2-   2) =        614.5  [cm-1]   --> B_1u               
     freq (   3-   3) =        655.6  [cm-1]   --> B_1g               
     freq (   4-   4) =       1343.1  [cm-1]   --> B_3u               
     freq (   5-   5) =       1350.9  [cm-1]   --> A_g                
     freq (   6-   6) =       1438.4  [cm-1]   --> B_2u               

     Number of q in the star =    3
     List of q in the star:
          1   0.000000000  -0.577350269   0.000000000
          2   0.500000000   0.288675135   0.000000000
          3  -0.500000000   0.288675135   0.000000000
       Writing drho for q = (  0.000000 -0.577350  0.000000) on file "drho_rot.0_-1o2_0"
       Writing drho for q = (  0.500000  0.288675  0.000000) on file "drho_rot.1o2_0_0"
       Writing drho for q = ( -0.500000  0.288675  0.000000) on file "drho_rot.-1o2_1o2_0"

     init_run     :      0.04s CPU      0.04s WALL (       1 calls)
     electrons    :      1.26s CPU      1.30s WALL (       1 calls)

     Called by init_run:
     wfcinit      :      0.00s CPU      0.00s WALL (       1 calls)
     potinit      :      0.01s CPU      0.01s WALL (       1 calls)
     hinit0       :      0.01s CPU      0.01s WALL (       1 calls)

     Called by electrons:
     c_bands      :      1.26s CPU      1.30s WALL (       1 calls)
     v_of_rho     :      0.01s CPU      0.02s WALL (       2 calls)

     Called by c_bands:
     init_us_2    :      0.22s CPU      0.26s WALL (    1101 calls)
     cegterg      :      0.84s CPU      0.87s WALL (      23 calls)

     Called by *egterg:
     cdiaghg      :      0.03s CPU      0.03s WALL (     339 calls)
     h_psi        :     14.86s CPU     15.59s WALL (    8912 calls)
     g_psi        :      0.01s CPU      0.01s WALL (     317 calls)

     Called by h_psi:
     h_psi:calbec :      1.34s CPU      1.41s WALL (    8912 calls)
     vloc_psi     :     12.53s CPU     13.15s WALL (    8912 calls)
                                        0.00s GPU  (    8912 calls)
     add_vuspsi   :      0.94s CPU      0.98s WALL (    8912 calls)

     General routines
     calbec       :      1.46s CPU      1.53s WALL (    9476 calls)
     fft          :      0.75s CPU      0.81s WALL (    1403 calls)
     ffts         :      0.07s CPU      0.08s WALL (     304 calls)
     fftw         :     14.93s CPU     15.76s WALL (  110074 calls)
     davcio       :      0.18s CPU      0.27s WALL (    5568 calls)

     Parallel routines

     PHONON       :     24.35s CPU     25.88s WALL

     INITIALIZATION: 
     phq_setup    :      0.05s CPU      0.06s WALL (       2 calls)
     phq_init     :      0.06s CPU      0.07s WALL (       2 calls)

     phq_init     :      0.06s CPU      0.07s WALL (       2 calls)
     init_vloc    :      0.03s CPU      0.03s WALL (       2 calls)
     init_us_1    :      0.00s CPU      0.00s WALL (       2 calls)
     init_us_2    :      0.22s CPU      0.26s WALL (    1101 calls)

     DYNAMICAL MATRIX:
     dynmat0      :      0.04s CPU      0.04s WALL (       2 calls)
     dynmat_us    :      0.04s CPU      0.04s WALL (       2 calls)
     d2ionq       :      0.00s CPU      0.00s WALL (       2 calls)
     phqscf       :     22.79s CPU     24.22s WALL (       2 calls)
     dynmatrix    :      0.00s CPU      0.00s WALL (       2 calls)

     phqscf       :     22.79s CPU     24.22s WALL (       2 calls)
     solve_linter :     22.66s CPU     24.07s WALL (      10 calls)
     dfpt_kernel  :     22.33s CPU     23.72s WALL (      10 calls)
     sth_kernel   :     19.75s CPU     20.87s WALL (      99 calls)
     h_prec       :      0.15s CPU      0.16s WALL (     855 calls)
     apply_dpot_b :      1.86s CPU      2.02s WALL (     839 calls)
     ortho        :      0.15s CPU      0.15s WALL (     935 calls)
     cgsolve      :     15.22s CPU     15.96s WALL (     935 calls)
     incdrhoscf   :      2.06s CPU      2.20s WALL (     935 calls)
                                        0.00s GPU  (     935 calls)
     dv_of_drho   :      0.77s CPU      0.83s WALL (     115 calls)
     mix_pot      :      0.07s CPU      0.16s WALL (      99 calls)
     ef_shift     :      0.02s CPU      0.02s WALL (      39 calls)
     ef_shift_wfc :      0.00s CPU      0.00s WALL (       4 calls)
     localdos     :      0.06s CPU      0.07s WALL (       4 calls)
     drhodv       :      0.13s CPU      0.14s WALL (      10 calls)
     psymdvscf    :      1.50s CPU      1.55s WALL (      99 calls)
     com_dvloc    :      0.06s CPU      0.06s WALL (     156 calls)
                                        0.00s GPU  (     156 calls)
     addcore      :      0.00s CPU      0.00s WALL (      12 calls)
                                        0.00s GPU  (      12 calls)

     dvqpsi_us    :      0.30s CPU      0.32s WALL (      96 calls)
                                        0.00s GPU  (      96 calls)
     dvqpsi_us_on :      0.04s CPU      0.04s WALL (      96 calls)

     add_vuspsi   :      0.94s CPU      0.98s WALL (    8912 calls)


      General routines
     calbec       :      1.46s CPU      1.53s WALL (    9476 calls)
     fft          :      0.75s CPU      0.81s WALL (    1403 calls)
     ffts         :      0.07s CPU      0.08s WALL (     304 calls)
     fftw         :     14.93s CPU     15.76s WALL (  110074 calls)
     davcio       :      0.18s CPU      0.27s WALL (    5568 calls)
     write_rec    :      0.02s CPU      0.07s WALL (     109 calls)

      Additional routines
     ch_psi       :     14.85s CPU     15.58s WALL (    8550 calls)
     last         :      0.77s CPU      0.80s WALL (    8550 calls)
     Hesh         :      0.04s CPU      0.04s WALL (    8550 calls)
     ch_psi_all_k :      0.73s CPU      0.76s WALL (    8550 calls)
                                        0.00s GPU  (    8550 calls)
     h_psi_bgrp   :     14.87s CPU     15.59s WALL (    8912 calls)
     h_psi        :     14.86s CPU     15.59s WALL (    8912 calls)
     h_psi:pot    :     14.82s CPU     15.54s WALL (    8912 calls)
     h_psi:calbec :      1.34s CPU      1.41s WALL (    8912 calls)
     s_psi_bgrp   :      0.05s CPU      0.05s WALL (   18035 calls)


     PHONON       :     24.35s CPU     25.88s WALL


   This run was terminated on:  11:55:45   8Jun2026            

=------------------------------------------------------------------------------=
   JOB DONE.
=------------------------------------------------------------------------------=
